******************************************************************************
                  TI ARM Linker PC v18.1.4                     
******************************************************************************
>> Linked Mon Apr 29 12:53:54 2019

OUTPUT FILE NAME:   <lab 7.out>
ENTRY POINT SYMBOL: "_c_int00_noargs"  address: 00004001


MEMORY CONFIGURATION

         name            origin    length      used     unused   attr    fill
----------------------  --------  ---------  --------  --------  ----  --------
  FLASH                 00000000   00040000  000047b2  0003b84e  R  X
  SRAM                  20000000   00008000  0000071c  000078e4  RW X


SEGMENT ALLOCATION MAP

run origin  load origin   length   init length attrs members
----------  ----------- ---------- ----------- ----- -------
00000000    00000000    000047b8   000047b8    r-x
  00000000    00000000    0000026c   0000026c    r-- .intvecs
  0000026c    0000026c    0000419e   0000419e    r-x .text
  00004410    00004410    00000358   00000358    r-- .const
  00004768    00004768    00000050   00000050    r-- .cinit
20000000    20000000    00000720   00000000    rw-
  20000000    20000000    0000026c   00000000    rw- .vtable
  20000270    20000270    00000400   00000000    rw- .stack
  20000670    20000670    0000008c   00000000    rw- .bss
  200006fc    200006fc    00000024   00000000    rw- .data


SECTION ALLOCATION MAP

 output                                  attributes/
section   page    origin      length       input sections
--------  ----  ----------  ----------   ----------------
.intvecs   0    00000000    0000026c     
                  00000000    0000026c     tm4c123gh6pm_startup_ccs.obj (.intvecs)

.text      0    0000026c    0000419e     
                  0000026c    00000a5e     rtsv7M4_T_le_v4SPD16_eabi.lib : _printfi.c.obj (.text:__TI_printfi)
                  00000cca    00000002                                   : div0.asm.obj (.text)
                  00000ccc    00000738                                   : k_rem_pio2.c.obj (.text:__kernel_rem_pio2)
                  00001404    000005c4                                   : s_sin.c.obj (.text:sin)
                  000019c8    000003d0     Util.lib : launchpad.obj (.text)
                  00001d98    000002ec     main(7).obj (.text)
                  00002084    00000270     rtsv7M4_T_le_v4SPD16_eabi.lib : _printfi.c.obj (.text:_pconv_a)
                  000022f4    000001d0                                   : _printfi.c.obj (.text:_pconv_g)
                  000024c4    000001b6                                   : fd_add_t2.asm.obj (.text)
                  0000267a    00000002     --HOLE-- [fill = 0]
                  0000267c    00000174                                   : k_sin.c.obj (.text:__kernel_sin)
                  000027f0    0000016c                                   : k_cos.c.obj (.text:__kernel_cos)
                  0000295c    0000013c                                   : _printfi.c.obj (.text:_pconv_e)
                  00002a98    00000136                                   : fd_div_t2.asm.obj (.text)
                  00002bce    00000132     driverlib.lib : gpio.obj (.text:GPIOPadConfigSet)
                  00002d00    00000124     rtsv7M4_T_le_v4SPD16_eabi.lib : _printfi.c.obj (.text:fcvt)
                  00002e24    00000110     driverlib.lib : sysctl.obj (.text:SysCtlClockGet)
                  00002f34    00000110     rtsv7M4_T_le_v4SPD16_eabi.lib : s_scalbn.c.obj (.text:scalbn)
                  00003044    000000fc                                   : fd_mul_t2.asm.obj (.text)
                  00003140    000000f8                                   : s_floor.c.obj (.text:floor)
                  00003238    000000f4     driverlib.lib : sysctl.obj (.text:SysCtlClockSet)
                  0000332c    000000c4     Util.lib : uart.obj (.text)
                  000033f0    000000b1     rtsv7M4_T_le_v4SPD16_eabi.lib : _printfi.c.obj (.text:_ltostr)
                  000034a1    00000003     --HOLE-- [fill = 0]
                  000034a4    0000009c     Util.lib : led.obj (.text)
                  00003540    0000009c     rtsv7M4_T_le_v4SPD16_eabi.lib : memcpy_t2.asm.obj (.text)
                  000035dc    00000096                                   : ull_div_t2.asm.obj (.text)
                  00003672    00000002     --HOLE-- [fill = 0]
                  00003674    00000090     pwmled.obj (.text)
                  00003704    0000008c     Util.lib : pushbutton.obj (.text)
                  00003790    00000086     rtsv7M4_T_le_v4SPD16_eabi.lib : fd_cmp_t2.asm.obj (.text:__aeabi_cdcmple)
                  00003816    00000086                                   : fd_cmp_t2.asm.obj (.text:__aeabi_cdrcmple)
                  0000389c    0000007a     driverlib.lib : adc.obj (.text:ADCSequenceStepConfigure)
                  00003916    0000007a     rtsv7M4_T_le_v4SPD16_eabi.lib : memset_t2.asm.obj (.text)
                  00003990    00000072     pwmled_asm.obj (.text)
                  00003a02    0000006e     rtsv7M4_T_le_v4SPD16_eabi.lib : _printfi.c.obj (.text:_mcpy)
                  00003a70    0000006c     pwmbuzzer.obj (.text)
                  00003adc    00000068     rtsv7M4_T_le_v4SPD16_eabi.lib : copy_decompress_lzss.c.obj (.text:decompress:lzss:__TI_decompress_lzss)
                  00003b44    00000064                                   : s_frexp.c.obj (.text:frexp)
                  00003ba8    00000060     driverlib.lib : timer.obj (.text:TimerConfigure)
                  00003c08    00000056     rtsv7M4_T_le_v4SPD16_eabi.lib : _printfi.c.obj (.text:_pconv_f)
                  00003c5e    00000054                                   : ltoa.c.obj (.text:ltoa)
                  00003cb2    00000052                                   : _printfi.c.obj (.text:_ecpy)
                  00003d04    00000050     driverlib.lib : adc.obj (.text:ADCSequenceConfigure)
                  00003d54    0000004c     rtsv7M4_T_le_v4SPD16_eabi.lib : atoi.c.obj (.text:atoi)
                  00003da0    00000048     driverlib.lib : gpio.obj (.text:GPIOPinConfigure)
                  00003de8    00000048     ras.obj (.text)
                  00003e30    00000048     rtsv7M4_T_le_v4SPD16_eabi.lib : fd_toi_t2.asm.obj (.text)
                  00003e78    00000046     driverlib.lib : uart.obj (.text:UARTConfigSetExpClk)
                  00003ebe    00000002     --HOLE-- [fill = 0]
                  00003ec0    00000044     rtsv7M4_T_le_v4SPD16_eabi.lib : autoinit.c.obj (.text:__TI_auto_init_nobinit_nopinit:__TI_auto_init_nobinit_nopinit)
                  00003f04    00000042     ras_asm.obj (.text)
                  00003f46    00000002     --HOLE-- [fill = 0]
                  00003f48    00000040     rtsv7M4_T_le_v4SPD16_eabi.lib : vsnprintf.c.obj (.text:vsnprintf)
                  00003f88    0000003e                                   : _printfi.c.obj (.text:_fcpy)
                  00003fc6    00000002     --HOLE-- [fill = 0]
                  00003fc8    00000038     driverlib.lib : sysctl.obj (.text:SysCtlPeripheralReady)
                  00004000    00000038     rtsv7M4_T_le_v4SPD16_eabi.lib : boot_cortex_m.c.obj (.text:_c_int00_noargs:_c_int00_noargs)
                  00004038    00000036     pwmbuzzer_asm.obj (.text)
                  0000406e    00000002     --HOLE-- [fill = 0]
                  00004070    00000034     driverlib.lib : interrupt.obj (.text:IntRegister)
                  000040a4    00000034                   : sysctl.obj (.text:SysCtlPeripheralEnable)
                  000040d8    00000030     rtsv7M4_T_le_v4SPD16_eabi.lib : vsnprintf.c.obj (.text:_outs)
                  00004108    0000002e     driverlib.lib : adc.obj (.text:ADCIntStatus)
                  00004136    0000002e     rtsv7M4_T_le_v4SPD16_eabi.lib : i_tofd_t2.asm.obj (.text)
                  00004164    0000002a     driverlib.lib : gpio.obj (.text:GPIODirModeSet)
                  0000418e    00000002     --HOLE-- [fill = 0]
                  00004190    00000020                   : uart.obj (.text:UARTDisable)
                  000041b0    00000020     rtsv7M4_T_le_v4SPD16_eabi.lib : u_tofd_t2.asm.obj (.text)
                  000041d0    0000001e     driverlib.lib : adc.obj (.text:ADCSequenceDataGet)
                  000041ee    00000002     --HOLE-- [fill = 0]
                  000041f0    0000001c                   : systick.obj (.text:SysTickIntRegister)
                  0000420c    0000001c     rtsv7M4_T_le_v4SPD16_eabi.lib : memccpy.c.obj (.text:memccpy)
                  00004228    00000018     driverlib.lib : adc.obj (.text:ADCProcessorTrigger)
                  00004240    00000018                   : gpio.obj (.text:GPIOPinTypeGPIOOutput)
                  00004258    00000018                   : timer.obj (.text:TimerControlLevel)
                  00004270    00000018     rtsv7M4_T_le_v4SPD16_eabi.lib : vsnprintf.c.obj (.text:_outc)
                  00004288    00000016                                   : strchr.c.obj (.text:strchr)
                  0000429e    00000002     --HOLE-- [fill = 0]
                  000042a0    00000014     driverlib.lib : systick.obj (.text:SysTickEnable)
                  000042b4    00000014                   : systick.obj (.text:SysTickIntEnable)
                  000042c8    00000014                   : uart.obj (.text:UARTEnable)
                  000042dc    00000014     rtsv7M4_T_le_v4SPD16_eabi.lib : s_copysign.c.obj (.text:copysign)
                  000042f0    00000014                                   : strlen.c.obj (.text:strlen)
                  00004304    00000012     driverlib.lib : gpio.obj (.text:GPIOPinTypeGPIOInput)
                  00004316    00000012                   : gpio.obj (.text:GPIOPinTypeTimer)
                  00004328    00000012                   : gpio.obj (.text:GPIOPinTypeUART)
                  0000433a    00000012                   : timer.obj (.text:TimerLoadSet)
                  0000434c    00000012                   : timer.obj (.text:TimerMatchSet)
                  0000435e    00000012     rtsv7M4_T_le_v4SPD16_eabi.lib : copy_zero_init.c.obj (.text:decompress:ZI:__TI_zero_init_nomemset:__TI_zero_init_nomemset)
                  00004370    00000012                                   : wcslen.c.obj (.text:wcslen)
                  00004382    00000002     --HOLE-- [fill = 0]
                  00004384    00000010     driverlib.lib : systick.obj (.text:SysTickPeriodSet)
                  00004394    0000000e                   : adc.obj (.text:ADCSequenceEnable)
                  000043a2    0000000e                   : timer.obj (.text:TimerEnable)
                  000043b0    0000000e     rtsv7M4_T_le_v4SPD16_eabi.lib : copy_decompress_none.c.obj (.text:decompress:none:__TI_decompress_none)
                  000043be    0000000c     tm4c123gh6pm_startup_ccs.obj (.text)
                  000043ca    0000000a     driverlib.lib : adc.obj (.text:ADCIntClear)
                  000043d4    0000000a                   : uart.obj (.text:UARTCharGet)
                  000043de    0000000a                   : uart.obj (.text:UARTCharPut)
                  000043e8    00000008     rtsv7M4_T_le_v4SPD16_eabi.lib : errno.c.obj (.text:__aeabi_errno_addr)
                  000043f0    00000006     driverlib.lib : gpio.obj (.text:GPIOPinRead)
                  000043f6    00000006                   : gpio.obj (.text:GPIOPinWrite)
                  000043fc    00000006                   : sysctl.obj (.text:SysCtlDelay)
                  00004402    00000004     rtsv7M4_T_le_v4SPD16_eabi.lib : pre_init.c.obj (.text:_system_pre_init)
                  00004406    00000004                                   : exit.c.obj (.text:abort:abort)

.const     0    00004410    00000358     
                  00004410    00000158     rtsv7M4_T_le_v4SPD16_eabi.lib : k_rem_pio2.c.obj (.const:$O1$$)
                  00004568    00000101                                   : ctype.c.obj (.const:.string:_ctypes_)
                  00004669    00000003     --HOLE-- [fill = 0]
                  0000466c    00000090     driverlib.lib : gpio.obj (.const:g_pui32GPIOBaseAddrs)
                  000046fc    0000006c                   : sysctl.obj (.const:g_pui32Xtals)

.cinit     0    00004768    00000050     
                  00004768    0000001b     (.cinit..data.load) [load image, compression = lzss]
                  00004783    00000001     --HOLE-- [fill = 0]
                  00004784    0000000c     (__TI_handler_table)
                  00004790    00000008     (.cinit..bss.load) [load image, compression = zero_init]
                  00004798    00000008     (.cinit..vtable.load) [load image, compression = zero_init]
                  000047a0    00000018     (__TI_cinit_table)

.init_array 
*          0    00000000    00000000     UNINITIALIZED

.vtable    0    20000000    0000026c     UNINITIALIZED
                  20000000    0000026c     driverlib.lib : interrupt.obj (.vtable)

.bss       0    20000670    0000008c     UNINITIALIZED
                  20000670    00000080     Util.lib : launchpad.obj (.bss:callbackHeap)
                  200006f0    00000008     (.common:count)
                  200006f8    00000004              : launchpad.obj (.bss)

.data      0    200006fc    00000024     UNINITIALIZED
                  200006fc    0000000e     main(7).obj (.data)
                  2000070a    00000001     Util.lib : led.obj (.data)
                  2000070b    00000001              : pushbutton.obj (.data)
                  2000070c    00000008              : launchpad.obj (.data)
                  20000714    00000008     main(7).obj (.data:led)
                  2000071c    00000004     rtsv7M4_T_le_v4SPD16_eabi.lib : errno.c.obj (.data)

.stack     0    20000270    00000400     UNINITIALIZED
                  20000270    00000004     rtsv7M4_T_le_v4SPD16_eabi.lib : boot_cortex_m.c.obj (.stack)
                  20000274    000003fc     --HOLE--

MODULE SUMMARY

       Module                         code    ro data   rw data
       ------                         ----    -------   -------
    .\
       main(7).obj                    748     0         30     
       tm4c123gh6pm_startup_ccs.obj   12      620       0      
       pwmled.obj                     144     0         0      
       pwmled_asm.obj                 114     0         0      
       pwmbuzzer.obj                  108     0         0      
       ras.obj                        72      0         0      
       ras_asm.obj                    66      0         0      
       pwmbuzzer_asm.obj              54      0         0      
    +--+------------------------------+-------+---------+---------+
       Total:                         1318    620       30     
                                                               
    C:/Users/Daniel Hurtado/Desktop/Util/Util/Debug/Util.lib
       launchpad.obj                  976     0         140    
       uart.obj                       196     0         0      
       led.obj                        156     0         1      
       pushbutton.obj                 140     0         1      
    +--+------------------------------+-------+---------+---------+
       Total:                         1468    0         142    
                                                               
    C:/ti/TivaWare_C_Series-2.1.4.178/driverlib/ccs/Debug/driverlib.lib
       sysctl.obj                     630     108       0      
       interrupt.obj                  52      0         620    
       gpio.obj                       510     144       0      
       adc.obj                        326     0         0      
       timer.obj                      170     0         0      
       uart.obj                       142     0         0      
       systick.obj                    84      0         0      
    +--+------------------------------+-------+---------+---------+
       Total:                         1914    252       620    
                                                               
    C:\ti\ccsv8\tools\compiler\ti-cgt-arm_18.1.4.LTS\lib\rtsv7M4_T_le_v4SPD16_eabi.lib
       _printfi.c.obj                 4867    0         0      
       k_rem_pio2.c.obj               1848    344       0      
       s_sin.c.obj                    1476    0         0      
       fd_add_t2.asm.obj              438     0         0      
       k_sin.c.obj                    372     0         0      
       k_cos.c.obj                    364     0         0      
       fd_div_t2.asm.obj              310     0         0      
       s_scalbn.c.obj                 272     0         0      
       fd_cmp_t2.asm.obj              268     0         0      
       ctype.c.obj                    0       257       0      
       fd_mul_t2.asm.obj              252     0         0      
       s_floor.c.obj                  248     0         0      
       memcpy_t2.asm.obj              156     0         0      
       ull_div_t2.asm.obj             150     0         0      
       vsnprintf.c.obj                136     0         0      
       memset_t2.asm.obj              122     0         0      
       copy_decompress_lzss.c.obj     104     0         0      
       s_frexp.c.obj                  100     0         0      
       ltoa.c.obj                     84      0         0      
       atoi.c.obj                     76      0         0      
       fd_toi_t2.asm.obj              72      0         0      
       autoinit.c.obj                 68      0         0      
       boot_cortex_m.c.obj            56      0         0      
       i_tofd_t2.asm.obj              46      0         0      
       u_tofd_t2.asm.obj              32      0         0      
       memccpy.c.obj                  28      0         0      
       strchr.c.obj                   22      0         0      
       s_copysign.c.obj               20      0         0      
       strlen.c.obj                   20      0         0      
       copy_zero_init.c.obj           18      0         0      
       wcslen.c.obj                   18      0         0      
       copy_decompress_none.c.obj     14      0         0      
       errno.c.obj                    8       0         4      
       exit.c.obj                     4       0         0      
       pre_init.c.obj                 4       0         0      
       div0.asm.obj                   2       0         0      
    +--+------------------------------+-------+---------+---------+
       Total:                         12075   601       4      
                                                               
       Stack:                         0       0         1024   
       Linker Generated:              0       79        0      
    +--+------------------------------+-------+---------+---------+
       Grand Total:                   16775   1552      1820   


LINKER GENERATED COPY TABLES

__TI_cinit_table @ 000047a0 records: 3, size/record: 8, table size: 24
	.data: load addr=00004768, load size=0000001b bytes, run addr=200006fc, run size=00000024 bytes, compression=lzss
	.bss: load addr=00004790, load size=00000008 bytes, run addr=20000670, run size=0000008c bytes, compression=zero_init
	.vtable: load addr=00004798, load size=00000008 bytes, run addr=20000000, run size=0000026c bytes, compression=zero_init


LINKER GENERATED HANDLER TABLE

__TI_handler_table @ 00004784 records: 3, size/record: 4, table size: 12
	index: 0, handler: __TI_zero_init
	index: 1, handler: __TI_decompress_lzss
	index: 2, handler: __TI_decompress_none


GLOBAL SYMBOLS: SORTED ALPHABETICALLY BY Name 

address   name                          
-------   ----                          
00003de9  ADCInit                       
000043cb  ADCIntClear                   
00004109  ADCIntStatus                  
00004229  ADCProcessorTrigger           
00003f09  ADCRead                       
00003d05  ADCSequenceConfigure          
000041d1  ADCSequenceDataGet            
00004395  ADCSequenceEnable             
0000389d  ADCSequenceStepConfigure      
00004407  C$$EXIT                       
00004165  GPIODirModeSet                
00002bcf  GPIOPadConfigSet              
00003da1  GPIOPinConfigure              
000043f1  GPIOPinRead                   
00004305  GPIOPinTypeGPIOInput          
00004241  GPIOPinTypeGPIOOutput         
00004317  GPIOPinTypeTimer              
00004329  GPIOPinTypeUART               
000043f7  GPIOPinWrite                  
00004071  IntRegister                   
20000700  Max_period                    
20000704  Min_period                    
00001de7  Print                         
000043bf  ResetISR                      
00002e25  SysCtlClockGet                
00003239  SysCtlClockSet                
000043fd  SysCtlDelay                   
000040a5  SysCtlPeripheralEnable        
00003fc9  SysCtlPeripheralReady         
000042a1  SysTickEnable                 
000042b5  SysTickIntEnable              
000041f1  SysTickIntRegister            
00004385  SysTickPeriodSet              
00003ba9  TimerConfigure                
00004259  TimerControlLevel             
000043a3  TimerEnable                   
0000433b  TimerLoadSet                  
0000434d  TimerMatchSet                 
000043d5  UARTCharGet                   
000043df  UARTCharPut                   
00003e79  UARTConfigSetExpClk           
00004191  UARTDisable                   
000042c9  UARTEnable                    
20000670  __STACK_END                   
00000400  __STACK_SIZE                  
20000470  __STACK_TOP                   
000047a0  __TI_CINIT_Base               
000047b8  __TI_CINIT_Limit              
00004784  __TI_Handler_Table_Base       
00004790  __TI_Handler_Table_Limit      
00003ec1  __TI_auto_init_nobinit_nopinit
00003add  __TI_decompress_lzss          
000043b1  __TI_decompress_none          
ffffffff  __TI_pprof_out_hndl           
0000026d  __TI_printfi                  
ffffffff  __TI_prof_data_size           
ffffffff  __TI_prof_data_start          
00000000  __TI_static_base__            
0000435f  __TI_zero_init_nomemset       
00003791  __aeabi_cdcmpeq               
00003791  __aeabi_cdcmple               
00003817  __aeabi_cdrcmple              
00003e31  __aeabi_d2iz                  
000024cf  __aeabi_dadd                  
00002a99  __aeabi_ddiv                  
00003045  __aeabi_dmul                  
000024c5  __aeabi_dsub                  
000043e9  __aeabi_errno_addr            
00004137  __aeabi_i2d                   
00000ccb  __aeabi_idiv0                 
00000ccb  __aeabi_ldiv0                 
00003917  __aeabi_memclr                
00003917  __aeabi_memclr4               
00003917  __aeabi_memclr8               
00003541  __aeabi_memcpy                
00003541  __aeabi_memcpy4               
00003541  __aeabi_memcpy8               
00003919  __aeabi_memset                
00003919  __aeabi_memset4               
00003919  __aeabi_memset8               
000041b1  __aeabi_ui2d                  
000035dd  __aeabi_uldivmod              
ffffffff  __binit__                     
ffffffff  __c_args__                    
000027f1  __kernel_cos                  
00000ccd  __kernel_rem_pio2             
0000267d  __kernel_sin                  
UNDEFED   __mpu_init                    
20000270  __stack                       
00004001  _c_int00_noargs               
00004568  _ctypes_                      
UNDEFED   _system_post_cinit            
00004403  _system_pre_init              
00004407  abort                         
00003d55  atoi                          
ffffffff  binit                         
00003a71  buzzerPWMInit                 
0000404d  buzzerPWMOn                   
00001df3  buzzing                       
00001f15  callbackLedPlay               
000042dd  copysign                      
000042dd  copysignl                     
200006f0  count                         
2000071c  errno                         
00003141  floor                         
00003141  floorl                        
00003b45  frexp                         
00003b45  frexpl                        
20000000  g_pfnRAMVectors               
00000000  g_pfnVectors                  
00002f35  ldexp                         
00002f35  ldexpl                        
000034c7  ledInit                       
000034a5  ledInitForced                 
00003675  ledPwmInit                    
000039a9  ledPwmSet                     
000034db  ledTurnOnOff                  
00001cd3  lpInit                        
00003c5f  ltoa                          
00001fe9  main                          
0000420d  memccpy                       
00003541  memcpy                        
0000391f  memset                        
00003739  pbInit                        
00003705  pbInitForced                  
0000374d  pbRead                        
00002f35  scalbn                        
00002f35  scalbnl                       
00001af7  schdCallback                  
00001b71  schdExecute                   
00001405  sin                           
00001405  sinl                          
00004289  strchr                        
000042f1  strlen                        
00001a5b  sysTimeGet                    
00001a61  sysTimeReached                
00001a87  sysTimeWait                   
00001aab  sysTimeWaitAbsolute           
00003379  uartGetChar                   
0000332d  uartInit                      
00003367  uartPutChar                   
0000338b  uartPutString                 
000033b7  uprintf                       
00003f49  vsnprintf                     
00001c75  waitMs                        
00001ca5  waitUs                        
00004371  wcslen                        


GLOBAL SYMBOLS: SORTED BY Symbol Address 

address   name                          
-------   ----                          
00000000  __TI_static_base__            
00000000  g_pfnVectors                  
0000026d  __TI_printfi                  
00000400  __STACK_SIZE                  
00000ccb  __aeabi_idiv0                 
00000ccb  __aeabi_ldiv0                 
00000ccd  __kernel_rem_pio2             
00001405  sin                           
00001405  sinl                          
00001a5b  sysTimeGet                    
00001a61  sysTimeReached                
00001a87  sysTimeWait                   
00001aab  sysTimeWaitAbsolute           
00001af7  schdCallback                  
00001b71  schdExecute                   
00001c75  waitMs                        
00001ca5  waitUs                        
00001cd3  lpInit                        
00001de7  Print                         
00001df3  buzzing                       
00001f15  callbackLedPlay               
00001fe9  main                          
000024c5  __aeabi_dsub                  
000024cf  __aeabi_dadd                  
0000267d  __kernel_sin                  
000027f1  __kernel_cos                  
00002a99  __aeabi_ddiv                  
00002bcf  GPIOPadConfigSet              
00002e25  SysCtlClockGet                
00002f35  ldexp                         
00002f35  ldexpl                        
00002f35  scalbn                        
00002f35  scalbnl                       
00003045  __aeabi_dmul                  
00003141  floor                         
00003141  floorl                        
00003239  SysCtlClockSet                
0000332d  uartInit                      
00003367  uartPutChar                   
00003379  uartGetChar                   
0000338b  uartPutString                 
000033b7  uprintf                       
000034a5  ledInitForced                 
000034c7  ledInit                       
000034db  ledTurnOnOff                  
00003541  __aeabi_memcpy                
00003541  __aeabi_memcpy4               
00003541  __aeabi_memcpy8               
00003541  memcpy                        
000035dd  __aeabi_uldivmod              
00003675  ledPwmInit                    
00003705  pbInitForced                  
00003739  pbInit                        
0000374d  pbRead                        
00003791  __aeabi_cdcmpeq               
00003791  __aeabi_cdcmple               
00003817  __aeabi_cdrcmple              
0000389d  ADCSequenceStepConfigure      
00003917  __aeabi_memclr                
00003917  __aeabi_memclr4               
00003917  __aeabi_memclr8               
00003919  __aeabi_memset                
00003919  __aeabi_memset4               
00003919  __aeabi_memset8               
0000391f  memset                        
000039a9  ledPwmSet                     
00003a71  buzzerPWMInit                 
00003add  __TI_decompress_lzss          
00003b45  frexp                         
00003b45  frexpl                        
00003ba9  TimerConfigure                
00003c5f  ltoa                          
00003d05  ADCSequenceConfigure          
00003d55  atoi                          
00003da1  GPIOPinConfigure              
00003de9  ADCInit                       
00003e31  __aeabi_d2iz                  
00003e79  UARTConfigSetExpClk           
00003ec1  __TI_auto_init_nobinit_nopinit
00003f09  ADCRead                       
00003f49  vsnprintf                     
00003fc9  SysCtlPeripheralReady         
00004001  _c_int00_noargs               
0000404d  buzzerPWMOn                   
00004071  IntRegister                   
000040a5  SysCtlPeripheralEnable        
00004109  ADCIntStatus                  
00004137  __aeabi_i2d                   
00004165  GPIODirModeSet                
00004191  UARTDisable                   
000041b1  __aeabi_ui2d                  
000041d1  ADCSequenceDataGet            
000041f1  SysTickIntRegister            
0000420d  memccpy                       
00004229  ADCProcessorTrigger           
00004241  GPIOPinTypeGPIOOutput         
00004259  TimerControlLevel             
00004289  strchr                        
000042a1  SysTickEnable                 
000042b5  SysTickIntEnable              
000042c9  UARTEnable                    
000042dd  copysign                      
000042dd  copysignl                     
000042f1  strlen                        
00004305  GPIOPinTypeGPIOInput          
00004317  GPIOPinTypeTimer              
00004329  GPIOPinTypeUART               
0000433b  TimerLoadSet                  
0000434d  TimerMatchSet                 
0000435f  __TI_zero_init_nomemset       
00004371  wcslen                        
00004385  SysTickPeriodSet              
00004395  ADCSequenceEnable             
000043a3  TimerEnable                   
000043b1  __TI_decompress_none          
000043bf  ResetISR                      
000043cb  ADCIntClear                   
000043d5  UARTCharGet                   
000043df  UARTCharPut                   
000043e9  __aeabi_errno_addr            
000043f1  GPIOPinRead                   
000043f7  GPIOPinWrite                  
000043fd  SysCtlDelay                   
00004403  _system_pre_init              
00004407  C$$EXIT                       
00004407  abort                         
00004568  _ctypes_                      
00004784  __TI_Handler_Table_Base       
00004790  __TI_Handler_Table_Limit      
000047a0  __TI_CINIT_Base               
000047b8  __TI_CINIT_Limit              
20000000  g_pfnRAMVectors               
20000270  __stack                       
20000470  __STACK_TOP                   
20000670  __STACK_END                   
200006f0  count                         
20000700  Max_period                    
20000704  Min_period                    
2000071c  errno                         
ffffffff  __TI_pprof_out_hndl           
ffffffff  __TI_prof_data_size           
ffffffff  __TI_prof_data_start          
ffffffff  __binit__                     
ffffffff  __c_args__                    
ffffffff  binit                         
UNDEFED   __mpu_init                    
UNDEFED   _system_post_cinit            

[147 symbols]
