<?xml version="1.0" encoding="ISO-8859-1" ?>
<link_info>
   <banner>TI ARM Linker PC v18.1.4.LTS</banner>
   <copyright>Copyright (c) 1996-2018 Texas Instruments Incorporated</copyright>
   <link_time>0x5cc73a32</link_time>
   <link_errors>0x0</link_errors>
   <output_file>lab 7.out</output_file>
   <entry_point>
      <name>_c_int00_noargs</name>
      <address>0x4001</address>
   </entry_point>
   <input_file_list>
      <input_file id="fl-2">
         <path>.\</path>
         <kind>object</kind>
         <file>main(7).obj</file>
         <name>main(7).obj</name>
      </input_file>
      <input_file id="fl-3">
         <path>.\</path>
         <kind>object</kind>
         <file>pwmbuzzer.obj</file>
         <name>pwmbuzzer.obj</name>
      </input_file>
      <input_file id="fl-4">
         <path>.\</path>
         <kind>object</kind>
         <file>pwmbuzzer_asm.obj</file>
         <name>pwmbuzzer_asm.obj</name>
      </input_file>
      <input_file id="fl-5">
         <path>.\</path>
         <kind>object</kind>
         <file>pwmbuzzer_asm_direct (1).obj</file>
         <name>pwmbuzzer_asm_direct (1).obj</name>
      </input_file>
      <input_file id="fl-6">
         <path>.\</path>
         <kind>object</kind>
         <file>pwmled.obj</file>
         <name>pwmled.obj</name>
      </input_file>
      <input_file id="fl-7">
         <path>.\</path>
         <kind>object</kind>
         <file>pwmled_asm.obj</file>
         <name>pwmled_asm.obj</name>
      </input_file>
      <input_file id="fl-8">
         <path>.\</path>
         <kind>object</kind>
         <file>ras.obj</file>
         <name>ras.obj</name>
      </input_file>
      <input_file id="fl-9">
         <path>.\</path>
         <kind>object</kind>
         <file>ras_asm.obj</file>
         <name>ras_asm.obj</name>
      </input_file>
      <input_file id="fl-a">
         <path>.\</path>
         <kind>object</kind>
         <file>tm4c123gh6pm_startup_ccs.obj</file>
         <name>tm4c123gh6pm_startup_ccs.obj</name>
      </input_file>
      <input_file id="fl-10">
         <kind>object</kind>
         <file>&lt;internal&gt;</file>
         <name>&lt;internal&gt;</name>
      </input_file>
      <input_file id="fl-c6">
         <path>C:\ti\ccsv8\tools\compiler\ti-cgt-arm_18.1.4.LTS\lib\</path>
         <kind>archive</kind>
         <file>rtsv7M4_T_le_v4SPD16_eabi.lib</file>
         <name>s_sin.c.obj</name>
      </input_file>
      <input_file id="fl-c7">
         <path>C:\ti\ccsv8\tools\compiler\ti-cgt-arm_18.1.4.LTS\lib\</path>
         <kind>archive</kind>
         <file>rtsv7M4_T_le_v4SPD16_eabi.lib</file>
         <name>fd_add_t2.asm.obj</name>
      </input_file>
      <input_file id="fl-c8">
         <path>C:\ti\ccsv8\tools\compiler\ti-cgt-arm_18.1.4.LTS\lib\</path>
         <kind>archive</kind>
         <file>rtsv7M4_T_le_v4SPD16_eabi.lib</file>
         <name>fd_cmp_t2.asm.obj</name>
      </input_file>
      <input_file id="fl-c9">
         <path>C:\ti\ccsv8\tools\compiler\ti-cgt-arm_18.1.4.LTS\lib\</path>
         <kind>archive</kind>
         <file>rtsv7M4_T_le_v4SPD16_eabi.lib</file>
         <name>fd_div_t2.asm.obj</name>
      </input_file>
      <input_file id="fl-ca">
         <path>C:\ti\ccsv8\tools\compiler\ti-cgt-arm_18.1.4.LTS\lib\</path>
         <kind>archive</kind>
         <file>rtsv7M4_T_le_v4SPD16_eabi.lib</file>
         <name>fd_mul_t2.asm.obj</name>
      </input_file>
      <input_file id="fl-cb">
         <path>C:\ti\ccsv8\tools\compiler\ti-cgt-arm_18.1.4.LTS\lib\</path>
         <kind>archive</kind>
         <file>rtsv7M4_T_le_v4SPD16_eabi.lib</file>
         <name>fd_toi_t2.asm.obj</name>
      </input_file>
      <input_file id="fl-cc">
         <path>C:\ti\ccsv8\tools\compiler\ti-cgt-arm_18.1.4.LTS\lib\</path>
         <kind>archive</kind>
         <file>rtsv7M4_T_le_v4SPD16_eabi.lib</file>
         <name>i_tofd_t2.asm.obj</name>
      </input_file>
      <input_file id="fl-cd">
         <path>C:\ti\ccsv8\tools\compiler\ti-cgt-arm_18.1.4.LTS\lib\</path>
         <kind>archive</kind>
         <file>rtsv7M4_T_le_v4SPD16_eabi.lib</file>
         <name>u_tofd_t2.asm.obj</name>
      </input_file>
      <input_file id="fl-ce">
         <path>C:\ti\ccsv8\tools\compiler\ti-cgt-arm_18.1.4.LTS\lib\</path>
         <kind>archive</kind>
         <file>rtsv7M4_T_le_v4SPD16_eabi.lib</file>
         <name>copy_zero_init.c.obj</name>
      </input_file>
      <input_file id="fl-cf">
         <path>C:\ti\ccsv8\tools\compiler\ti-cgt-arm_18.1.4.LTS\lib\</path>
         <kind>archive</kind>
         <file>rtsv7M4_T_le_v4SPD16_eabi.lib</file>
         <name>copy_decompress_none.c.obj</name>
      </input_file>
      <input_file id="fl-d0">
         <path>C:\ti\ccsv8\tools\compiler\ti-cgt-arm_18.1.4.LTS\lib\</path>
         <kind>archive</kind>
         <file>rtsv7M4_T_le_v4SPD16_eabi.lib</file>
         <name>copy_decompress_lzss.c.obj</name>
      </input_file>
      <input_file id="fl-d1">
         <path>C:\ti\ccsv8\tools\compiler\ti-cgt-arm_18.1.4.LTS\lib\</path>
         <kind>archive</kind>
         <file>rtsv7M4_T_le_v4SPD16_eabi.lib</file>
         <name>boot_cortex_m.c.obj</name>
      </input_file>
      <input_file id="fl-d2">
         <path>C:\ti\ccsv8\tools\compiler\ti-cgt-arm_18.1.4.LTS\lib\</path>
         <kind>archive</kind>
         <file>rtsv7M4_T_le_v4SPD16_eabi.lib</file>
         <name>exit.c.obj</name>
      </input_file>
      <input_file id="fl-d3">
         <path>C:\ti\ccsv8\tools\compiler\ti-cgt-arm_18.1.4.LTS\lib\</path>
         <kind>archive</kind>
         <file>rtsv7M4_T_le_v4SPD16_eabi.lib</file>
         <name>_lock.c.obj</name>
      </input_file>
      <input_file id="fl-d4">
         <path>C:\ti\ccsv8\tools\compiler\ti-cgt-arm_18.1.4.LTS\lib\</path>
         <kind>archive</kind>
         <file>rtsv7M4_T_le_v4SPD16_eabi.lib</file>
         <name>args_main.c.obj</name>
      </input_file>
      <input_file id="fl-d5">
         <path>C:\ti\ccsv8\tools\compiler\ti-cgt-arm_18.1.4.LTS\lib\</path>
         <kind>archive</kind>
         <file>rtsv7M4_T_le_v4SPD16_eabi.lib</file>
         <name>k_rem_pio2.c.obj</name>
      </input_file>
      <input_file id="fl-d6">
         <path>C:\ti\ccsv8\tools\compiler\ti-cgt-arm_18.1.4.LTS\lib\</path>
         <kind>archive</kind>
         <file>rtsv7M4_T_le_v4SPD16_eabi.lib</file>
         <name>k_cos.c.obj</name>
      </input_file>
      <input_file id="fl-d7">
         <path>C:\ti\ccsv8\tools\compiler\ti-cgt-arm_18.1.4.LTS\lib\</path>
         <kind>archive</kind>
         <file>rtsv7M4_T_le_v4SPD16_eabi.lib</file>
         <name>k_sin.c.obj</name>
      </input_file>
      <input_file id="fl-d8">
         <path>C:\ti\ccsv8\tools\compiler\ti-cgt-arm_18.1.4.LTS\lib\</path>
         <kind>archive</kind>
         <file>rtsv7M4_T_le_v4SPD16_eabi.lib</file>
         <name>s_floor.c.obj</name>
      </input_file>
      <input_file id="fl-d9">
         <path>C:\ti\ccsv8\tools\compiler\ti-cgt-arm_18.1.4.LTS\lib\</path>
         <kind>archive</kind>
         <file>rtsv7M4_T_le_v4SPD16_eabi.lib</file>
         <name>s_scalbn.c.obj</name>
      </input_file>
      <input_file id="fl-da">
         <path>C:\ti\ccsv8\tools\compiler\ti-cgt-arm_18.1.4.LTS\lib\</path>
         <kind>archive</kind>
         <file>rtsv7M4_T_le_v4SPD16_eabi.lib</file>
         <name>memcpy_t2.asm.obj</name>
      </input_file>
      <input_file id="fl-db">
         <path>C:\ti\ccsv8\tools\compiler\ti-cgt-arm_18.1.4.LTS\lib\</path>
         <kind>archive</kind>
         <file>rtsv7M4_T_le_v4SPD16_eabi.lib</file>
         <name>memset_t2.asm.obj</name>
      </input_file>
      <input_file id="fl-dc">
         <path>C:\ti\ccsv8\tools\compiler\ti-cgt-arm_18.1.4.LTS\lib\</path>
         <kind>archive</kind>
         <file>rtsv7M4_T_le_v4SPD16_eabi.lib</file>
         <name>autoinit.c.obj</name>
      </input_file>
      <input_file id="fl-dd">
         <path>C:\ti\ccsv8\tools\compiler\ti-cgt-arm_18.1.4.LTS\lib\</path>
         <kind>archive</kind>
         <file>rtsv7M4_T_le_v4SPD16_eabi.lib</file>
         <name>pre_init.c.obj</name>
      </input_file>
      <input_file id="fl-de">
         <path>C:\ti\ccsv8\tools\compiler\ti-cgt-arm_18.1.4.LTS\lib\</path>
         <kind>archive</kind>
         <file>rtsv7M4_T_le_v4SPD16_eabi.lib</file>
         <name>cpy_tbl.c.obj</name>
      </input_file>
      <input_file id="fl-df">
         <path>C:\ti\ccsv8\tools\compiler\ti-cgt-arm_18.1.4.LTS\lib\</path>
         <kind>archive</kind>
         <file>rtsv7M4_T_le_v4SPD16_eabi.lib</file>
         <name>errno.c.obj</name>
      </input_file>
      <input_file id="fl-e0">
         <path>C:\ti\ccsv8\tools\compiler\ti-cgt-arm_18.1.4.LTS\lib\</path>
         <kind>archive</kind>
         <file>rtsv7M4_T_le_v4SPD16_eabi.lib</file>
         <name>s_copysign.c.obj</name>
      </input_file>
      <input_file id="fl-e1">
         <path>C:\Users\Daniel Hurtado\Desktop\Util\Util\Debug\</path>
         <kind>archive</kind>
         <file>Util.lib</file>
         <name>launchpad.obj</name>
      </input_file>
      <input_file id="fl-e2">
         <path>C:\Users\Daniel Hurtado\Desktop\Util\Util\Debug\</path>
         <kind>archive</kind>
         <file>Util.lib</file>
         <name>led.obj</name>
      </input_file>
      <input_file id="fl-e3">
         <path>C:\Users\Daniel Hurtado\Desktop\Util\Util\Debug\</path>
         <kind>archive</kind>
         <file>Util.lib</file>
         <name>pushbutton.obj</name>
      </input_file>
      <input_file id="fl-e4">
         <path>C:\Users\Daniel Hurtado\Desktop\Util\Util\Debug\</path>
         <kind>archive</kind>
         <file>Util.lib</file>
         <name>uart.obj</name>
      </input_file>
      <input_file id="fl-e5">
         <path>C:\ti\TivaWare_C_Series-2.1.4.178\driverlib\ccs\Debug\</path>
         <kind>archive</kind>
         <file>driverlib.lib</file>
         <name>adc.obj</name>
      </input_file>
      <input_file id="fl-e6">
         <path>C:\ti\TivaWare_C_Series-2.1.4.178\driverlib\ccs\Debug\</path>
         <kind>archive</kind>
         <file>driverlib.lib</file>
         <name>gpio.obj</name>
      </input_file>
      <input_file id="fl-e7">
         <path>C:\ti\TivaWare_C_Series-2.1.4.178\driverlib\ccs\Debug\</path>
         <kind>archive</kind>
         <file>driverlib.lib</file>
         <name>interrupt.obj</name>
      </input_file>
      <input_file id="fl-e8">
         <path>C:\ti\TivaWare_C_Series-2.1.4.178\driverlib\ccs\Debug\</path>
         <kind>archive</kind>
         <file>driverlib.lib</file>
         <name>sysctl.obj</name>
      </input_file>
      <input_file id="fl-e9">
         <path>C:\ti\TivaWare_C_Series-2.1.4.178\driverlib\ccs\Debug\</path>
         <kind>archive</kind>
         <file>driverlib.lib</file>
         <name>systick.obj</name>
      </input_file>
      <input_file id="fl-ea">
         <path>C:\ti\TivaWare_C_Series-2.1.4.178\driverlib\ccs\Debug\</path>
         <kind>archive</kind>
         <file>driverlib.lib</file>
         <name>timer.obj</name>
      </input_file>
      <input_file id="fl-eb">
         <path>C:\ti\TivaWare_C_Series-2.1.4.178\driverlib\ccs\Debug\</path>
         <kind>archive</kind>
         <file>driverlib.lib</file>
         <name>uart.obj</name>
      </input_file>
      <input_file id="fl-ec">
         <path>C:\ti\TivaWare_C_Series-2.1.4.178\driverlib\ccs\Debug\</path>
         <kind>archive</kind>
         <file>driverlib.lib</file>
         <name>cpu.obj</name>
      </input_file>
      <input_file id="fl-ed">
         <path>C:\ti\ccsv8\tools\compiler\ti-cgt-arm_18.1.4.LTS\lib\</path>
         <kind>archive</kind>
         <file>rtsv7M4_T_le_v4SPD16_eabi.lib</file>
         <name>ull_div_t2.asm.obj</name>
      </input_file>
      <input_file id="fl-ee">
         <path>C:\ti\ccsv8\tools\compiler\ti-cgt-arm_18.1.4.LTS\lib\</path>
         <kind>archive</kind>
         <file>rtsv7M4_T_le_v4SPD16_eabi.lib</file>
         <name>vsnprintf.c.obj</name>
      </input_file>
      <input_file id="fl-ef">
         <path>C:\ti\ccsv8\tools\compiler\ti-cgt-arm_18.1.4.LTS\lib\</path>
         <kind>archive</kind>
         <file>rtsv7M4_T_le_v4SPD16_eabi.lib</file>
         <name>div0.asm.obj</name>
      </input_file>
      <input_file id="fl-f0">
         <path>C:\ti\ccsv8\tools\compiler\ti-cgt-arm_18.1.4.LTS\lib\</path>
         <kind>archive</kind>
         <file>rtsv7M4_T_le_v4SPD16_eabi.lib</file>
         <name>_printfi.c.obj</name>
      </input_file>
      <input_file id="fl-f1">
         <path>C:\ti\ccsv8\tools\compiler\ti-cgt-arm_18.1.4.LTS\lib\</path>
         <kind>archive</kind>
         <file>rtsv7M4_T_le_v4SPD16_eabi.lib</file>
         <name>atoi.c.obj</name>
      </input_file>
      <input_file id="fl-f2">
         <path>C:\ti\ccsv8\tools\compiler\ti-cgt-arm_18.1.4.LTS\lib\</path>
         <kind>archive</kind>
         <file>rtsv7M4_T_le_v4SPD16_eabi.lib</file>
         <name>ctype.c.obj</name>
      </input_file>
      <input_file id="fl-f3">
         <path>C:\ti\ccsv8\tools\compiler\ti-cgt-arm_18.1.4.LTS\lib\</path>
         <kind>archive</kind>
         <file>rtsv7M4_T_le_v4SPD16_eabi.lib</file>
         <name>ltoa.c.obj</name>
      </input_file>
      <input_file id="fl-f4">
         <path>C:\ti\ccsv8\tools\compiler\ti-cgt-arm_18.1.4.LTS\lib\</path>
         <kind>archive</kind>
         <file>rtsv7M4_T_le_v4SPD16_eabi.lib</file>
         <name>memccpy.c.obj</name>
      </input_file>
      <input_file id="fl-f5">
         <path>C:\ti\ccsv8\tools\compiler\ti-cgt-arm_18.1.4.LTS\lib\</path>
         <kind>archive</kind>
         <file>rtsv7M4_T_le_v4SPD16_eabi.lib</file>
         <name>strchr.c.obj</name>
      </input_file>
      <input_file id="fl-f6">
         <path>C:\ti\ccsv8\tools\compiler\ti-cgt-arm_18.1.4.LTS\lib\</path>
         <kind>archive</kind>
         <file>rtsv7M4_T_le_v4SPD16_eabi.lib</file>
         <name>strlen.c.obj</name>
      </input_file>
      <input_file id="fl-f7">
         <path>C:\ti\ccsv8\tools\compiler\ti-cgt-arm_18.1.4.LTS\lib\</path>
         <kind>archive</kind>
         <file>rtsv7M4_T_le_v4SPD16_eabi.lib</file>
         <name>wcslen.c.obj</name>
      </input_file>
      <input_file id="fl-f8">
         <path>C:\ti\ccsv8\tools\compiler\ti-cgt-arm_18.1.4.LTS\lib\</path>
         <kind>archive</kind>
         <file>rtsv7M4_T_le_v4SPD16_eabi.lib</file>
         <name>s_frexp.c.obj</name>
      </input_file>
   </input_file_list>
   <object_component_list>
      <object_component id="oc-f">
         <name>.intvecs</name>
         <load_address>0x0</load_address>
         <run_address>0x0</run_address>
         <size>0x26c</size>
         <input_file_ref idref="fl-a"/>
      </object_component>
      <object_component id="oc-2d6">
         <name>.text:__TI_printfi</name>
         <load_address>0x26c</load_address>
         <run_address>0x26c</run_address>
         <size>0xa5e</size>
         <input_file_ref idref="fl-f0"/>
      </object_component>
      <object_component id="oc-2ff">
         <name>.text</name>
         <load_address>0xcca</load_address>
         <run_address>0xcca</run_address>
         <size>0x2</size>
         <input_file_ref idref="fl-ef"/>
      </object_component>
      <object_component id="oc-172">
         <name>.text:__kernel_rem_pio2</name>
         <load_address>0xccc</load_address>
         <run_address>0xccc</run_address>
         <size>0x738</size>
         <input_file_ref idref="fl-d5"/>
      </object_component>
      <object_component id="oc-d5">
         <name>.text:sin</name>
         <load_address>0x1404</load_address>
         <run_address>0x1404</run_address>
         <size>0x5c4</size>
         <input_file_ref idref="fl-c6"/>
      </object_component>
      <object_component id="oc-fa">
         <name>.text</name>
         <load_address>0x19c8</load_address>
         <run_address>0x19c8</run_address>
         <size>0x3d0</size>
         <input_file_ref idref="fl-e1"/>
      </object_component>
      <object_component id="oc-98">
         <name>.text</name>
         <load_address>0x1d98</load_address>
         <run_address>0x1d98</run_address>
         <size>0x2ec</size>
         <input_file_ref idref="fl-2"/>
      </object_component>
      <object_component id="oc-3bb">
         <name>.text:_pconv_a</name>
         <load_address>0x2084</load_address>
         <run_address>0x2084</run_address>
         <size>0x270</size>
         <input_file_ref idref="fl-f0"/>
      </object_component>
      <object_component id="oc-3a9">
         <name>.text:_pconv_g</name>
         <load_address>0x22f4</load_address>
         <run_address>0x22f4</run_address>
         <size>0x1d0</size>
         <input_file_ref idref="fl-f0"/>
      </object_component>
      <object_component id="oc-e5">
         <name>.text</name>
         <load_address>0x24c4</load_address>
         <run_address>0x24c4</run_address>
         <size>0x1b6</size>
         <input_file_ref idref="fl-c7"/>
      </object_component>
      <object_component id="oc-167">
         <name>.text:__kernel_sin</name>
         <load_address>0x267c</load_address>
         <run_address>0x267c</run_address>
         <size>0x174</size>
         <input_file_ref idref="fl-d7"/>
      </object_component>
      <object_component id="oc-178">
         <name>.text:__kernel_cos</name>
         <load_address>0x27f0</load_address>
         <run_address>0x27f0</run_address>
         <size>0x16c</size>
         <input_file_ref idref="fl-d6"/>
      </object_component>
      <object_component id="oc-3b5">
         <name>.text:_pconv_e</name>
         <load_address>0x295c</load_address>
         <run_address>0x295c</run_address>
         <size>0x13c</size>
         <input_file_ref idref="fl-f0"/>
      </object_component>
      <object_component id="oc-cb">
         <name>.text</name>
         <load_address>0x2a98</load_address>
         <run_address>0x2a98</run_address>
         <size>0x136</size>
         <input_file_ref idref="fl-c9"/>
      </object_component>
      <object_component id="oc-2bb">
         <name>.text:GPIOPadConfigSet</name>
         <load_address>0x2bce</load_address>
         <run_address>0x2bce</run_address>
         <size>0x132</size>
         <input_file_ref idref="fl-e6"/>
      </object_component>
      <object_component id="oc-421">
         <name>.text:fcvt</name>
         <load_address>0x2d00</load_address>
         <run_address>0x2d00</run_address>
         <size>0x124</size>
         <input_file_ref idref="fl-f0"/>
      </object_component>
      <object_component id="oc-1c0">
         <name>.text:SysCtlClockGet</name>
         <load_address>0x2e24</load_address>
         <run_address>0x2e24</run_address>
         <size>0x110</size>
         <input_file_ref idref="fl-e8"/>
      </object_component>
      <object_component id="oc-27b">
         <name>.text:scalbn</name>
         <load_address>0x2f34</load_address>
         <run_address>0x2f34</run_address>
         <size>0x110</size>
         <input_file_ref idref="fl-d9"/>
      </object_component>
      <object_component id="oc-d0">
         <name>.text</name>
         <load_address>0x3044</load_address>
         <run_address>0x3044</run_address>
         <size>0xfc</size>
         <input_file_ref idref="fl-ca"/>
      </object_component>
      <object_component id="oc-281">
         <name>.text:floor</name>
         <load_address>0x3140</load_address>
         <run_address>0x3140</run_address>
         <size>0xf8</size>
         <input_file_ref idref="fl-d8"/>
      </object_component>
      <object_component id="oc-1f1">
         <name>.text:SysCtlClockSet</name>
         <load_address>0x3238</load_address>
         <run_address>0x3238</run_address>
         <size>0xf4</size>
         <input_file_ref idref="fl-e8"/>
      </object_component>
      <object_component id="oc-f4">
         <name>.text</name>
         <load_address>0x332c</load_address>
         <run_address>0x332c</run_address>
         <size>0xc4</size>
         <input_file_ref idref="fl-e4"/>
      </object_component>
      <object_component id="oc-3a3">
         <name>.text:_ltostr</name>
         <load_address>0x33f0</load_address>
         <run_address>0x33f0</run_address>
         <size>0xb1</size>
         <input_file_ref idref="fl-f0"/>
      </object_component>
      <object_component id="oc-215">
         <name>.text</name>
         <load_address>0x34a4</load_address>
         <run_address>0x34a4</run_address>
         <size>0x9c</size>
         <input_file_ref idref="fl-e2"/>
      </object_component>
      <object_component id="oc-38">
         <name>.text</name>
         <load_address>0x3540</load_address>
         <run_address>0x3540</run_address>
         <size>0x9c</size>
         <input_file_ref idref="fl-da"/>
      </object_component>
      <object_component id="oc-1eb">
         <name>.text</name>
         <load_address>0x35dc</load_address>
         <run_address>0x35dc</run_address>
         <size>0x96</size>
         <input_file_ref idref="fl-ed"/>
      </object_component>
      <object_component id="oc-105">
         <name>.text</name>
         <load_address>0x3674</load_address>
         <run_address>0x3674</run_address>
         <size>0x90</size>
         <input_file_ref idref="fl-6"/>
      </object_component>
      <object_component id="oc-20f">
         <name>.text</name>
         <load_address>0x3704</load_address>
         <run_address>0x3704</run_address>
         <size>0x8c</size>
         <input_file_ref idref="fl-e3"/>
      </object_component>
      <object_component id="oc-16d">
         <name>.text:__aeabi_cdcmple</name>
         <load_address>0x3790</load_address>
         <run_address>0x3790</run_address>
         <size>0x86</size>
         <input_file_ref idref="fl-c8"/>
      </object_component>
      <object_component id="oc-287">
         <name>.text:__aeabi_cdrcmple</name>
         <load_address>0x3816</load_address>
         <run_address>0x3816</run_address>
         <size>0x86</size>
         <input_file_ref idref="fl-c8"/>
      </object_component>
      <object_component id="oc-246">
         <name>.text:ADCSequenceStepConfigure</name>
         <load_address>0x389c</load_address>
         <run_address>0x389c</run_address>
         <size>0x7a</size>
         <input_file_ref idref="fl-e5"/>
      </object_component>
      <object_component id="oc-8c">
         <name>.text</name>
         <load_address>0x3916</load_address>
         <run_address>0x3916</run_address>
         <size>0x7a</size>
         <input_file_ref idref="fl-db"/>
      </object_component>
      <object_component id="oc-100">
         <name>.text</name>
         <load_address>0x3990</load_address>
         <run_address>0x3990</run_address>
         <size>0x72</size>
         <input_file_ref idref="fl-7"/>
      </object_component>
      <object_component id="oc-41a">
         <name>.text:_mcpy</name>
         <load_address>0x3a02</load_address>
         <run_address>0x3a02</run_address>
         <size>0x6e</size>
         <input_file_ref idref="fl-f0"/>
      </object_component>
      <object_component id="oc-111">
         <name>.text</name>
         <load_address>0x3a70</load_address>
         <run_address>0x3a70</run_address>
         <size>0x6c</size>
         <input_file_ref idref="fl-3"/>
      </object_component>
      <object_component id="oc-12">
         <name>.text:decompress:lzss:__TI_decompress_lzss</name>
         <load_address>0x3adc</load_address>
         <run_address>0x3adc</run_address>
         <size>0x68</size>
         <input_file_ref idref="fl-d0"/>
      </object_component>
      <object_component id="oc-42f">
         <name>.text:frexp</name>
         <load_address>0x3b44</load_address>
         <run_address>0x3b44</run_address>
         <size>0x64</size>
         <input_file_ref idref="fl-f8"/>
      </object_component>
      <object_component id="oc-227">
         <name>.text:TimerConfigure</name>
         <load_address>0x3ba8</load_address>
         <run_address>0x3ba8</run_address>
         <size>0x60</size>
         <input_file_ref idref="fl-ea"/>
      </object_component>
      <object_component id="oc-3af">
         <name>.text:_pconv_f</name>
         <load_address>0x3c08</load_address>
         <run_address>0x3c08</run_address>
         <size>0x56</size>
         <input_file_ref idref="fl-f0"/>
      </object_component>
      <object_component id="oc-40e">
         <name>.text:ltoa</name>
         <load_address>0x3c5e</load_address>
         <run_address>0x3c5e</run_address>
         <size>0x54</size>
         <input_file_ref idref="fl-f3"/>
      </object_component>
      <object_component id="oc-414">
         <name>.text:_ecpy</name>
         <load_address>0x3cb2</load_address>
         <run_address>0x3cb2</run_address>
         <size>0x52</size>
         <input_file_ref idref="fl-f0"/>
      </object_component>
      <object_component id="oc-240">
         <name>.text:ADCSequenceConfigure</name>
         <load_address>0x3d04</load_address>
         <run_address>0x3d04</run_address>
         <size>0x50</size>
         <input_file_ref idref="fl-e5"/>
      </object_component>
      <object_component id="oc-39d">
         <name>.text:atoi</name>
         <load_address>0x3d54</load_address>
         <run_address>0x3d54</run_address>
         <size>0x4c</size>
         <input_file_ref idref="fl-f1"/>
      </object_component>
      <object_component id="oc-1b4">
         <name>.text:GPIOPinConfigure</name>
         <load_address>0x3da0</load_address>
         <run_address>0x3da0</run_address>
         <size>0x48</size>
         <input_file_ref idref="fl-e6"/>
      </object_component>
      <object_component id="oc-10b">
         <name>.text</name>
         <load_address>0x3de8</load_address>
         <run_address>0x3de8</run_address>
         <size>0x48</size>
         <input_file_ref idref="fl-8"/>
      </object_component>
      <object_component id="oc-ea">
         <name>.text</name>
         <load_address>0x3e30</load_address>
         <run_address>0x3e30</run_address>
         <size>0x48</size>
         <input_file_ref idref="fl-cb"/>
      </object_component>
      <object_component id="oc-1c6">
         <name>.text:UARTConfigSetExpClk</name>
         <load_address>0x3e78</load_address>
         <run_address>0x3e78</run_address>
         <size>0x46</size>
         <input_file_ref idref="fl-eb"/>
      </object_component>
      <object_component id="oc-12b">
         <name>.text:__TI_auto_init_nobinit_nopinit:__TI_auto_init_nobinit_nopinit</name>
         <load_address>0x3ec0</load_address>
         <run_address>0x3ec0</run_address>
         <size>0x44</size>
         <input_file_ref idref="fl-dc"/>
      </object_component>
      <object_component id="oc-db">
         <name>.text</name>
         <load_address>0x3f04</load_address>
         <run_address>0x3f04</run_address>
         <size>0x42</size>
         <input_file_ref idref="fl-9"/>
      </object_component>
      <object_component id="oc-1d8">
         <name>.text:vsnprintf</name>
         <load_address>0x3f48</load_address>
         <run_address>0x3f48</run_address>
         <size>0x40</size>
         <input_file_ref idref="fl-ee"/>
      </object_component>
      <object_component id="oc-427">
         <name>.text:_fcpy</name>
         <load_address>0x3f88</load_address>
         <run_address>0x3f88</run_address>
         <size>0x3e</size>
         <input_file_ref idref="fl-f0"/>
      </object_component>
      <object_component id="oc-23a">
         <name>.text:SysCtlPeripheralReady</name>
         <load_address>0x3fc8</load_address>
         <run_address>0x3fc8</run_address>
         <size>0x38</size>
         <input_file_ref idref="fl-e8"/>
      </object_component>
      <object_component id="oc-56">
         <name>.text:_c_int00_noargs:_c_int00_noargs</name>
         <load_address>0x4000</load_address>
         <run_address>0x4000</run_address>
         <size>0x38</size>
         <input_file_ref idref="fl-d1"/>
      </object_component>
      <object_component id="oc-ef">
         <name>.text</name>
         <load_address>0x4038</load_address>
         <run_address>0x4038</run_address>
         <size>0x36</size>
         <input_file_ref idref="fl-4"/>
      </object_component>
      <object_component id="oc-308">
         <name>.text:IntRegister</name>
         <load_address>0x4070</load_address>
         <run_address>0x4070</run_address>
         <size>0x34</size>
         <input_file_ref idref="fl-e7"/>
      </object_component>
      <object_component id="oc-1ae">
         <name>.text:SysCtlPeripheralEnable</name>
         <load_address>0x40a4</load_address>
         <run_address>0x40a4</run_address>
         <size>0x34</size>
         <input_file_ref idref="fl-e8"/>
      </object_component>
      <object_component id="oc-2dc">
         <name>.text:_outs</name>
         <load_address>0x40d8</load_address>
         <run_address>0x40d8</run_address>
         <size>0x30</size>
         <input_file_ref idref="fl-ee"/>
      </object_component>
      <object_component id="oc-18b">
         <name>.text:ADCIntStatus</name>
         <load_address>0x4108</load_address>
         <run_address>0x4108</run_address>
         <size>0x2e</size>
         <input_file_ref idref="fl-e5"/>
      </object_component>
      <object_component id="oc-c6">
         <name>.text</name>
         <load_address>0x4136</load_address>
         <run_address>0x4136</run_address>
         <size>0x2e</size>
         <input_file_ref idref="fl-cc"/>
      </object_component>
      <object_component id="oc-2b5">
         <name>.text:GPIODirModeSet</name>
         <load_address>0x4164</load_address>
         <run_address>0x4164</run_address>
         <size>0x2a</size>
         <input_file_ref idref="fl-e6"/>
      </object_component>
      <object_component id="oc-2c6">
         <name>.text:UARTDisable</name>
         <load_address>0x4190</load_address>
         <run_address>0x4190</run_address>
         <size>0x20</size>
         <input_file_ref idref="fl-eb"/>
      </object_component>
      <object_component id="oc-e0">
         <name>.text</name>
         <load_address>0x41b0</load_address>
         <run_address>0x41b0</run_address>
         <size>0x20</size>
         <input_file_ref idref="fl-cd"/>
      </object_component>
      <object_component id="oc-191">
         <name>.text:ADCSequenceDataGet</name>
         <load_address>0x41d0</load_address>
         <run_address>0x41d0</run_address>
         <size>0x1e</size>
         <input_file_ref idref="fl-e5"/>
      </object_component>
      <object_component id="oc-1fd">
         <name>.text:SysTickIntRegister</name>
         <load_address>0x41f0</load_address>
         <run_address>0x41f0</run_address>
         <size>0x1c</size>
         <input_file_ref idref="fl-e9"/>
      </object_component>
      <object_component id="oc-3c1">
         <name>.text:memccpy</name>
         <load_address>0x420c</load_address>
         <run_address>0x420c</run_address>
         <size>0x1c</size>
         <input_file_ref idref="fl-f4"/>
      </object_component>
      <object_component id="oc-185">
         <name>.text:ADCProcessorTrigger</name>
         <load_address>0x4228</load_address>
         <run_address>0x4228</run_address>
         <size>0x18</size>
         <input_file_ref idref="fl-e5"/>
      </object_component>
      <object_component id="oc-321">
         <name>.text:GPIOPinTypeGPIOOutput</name>
         <load_address>0x4240</load_address>
         <run_address>0x4240</run_address>
         <size>0x18</size>
         <input_file_ref idref="fl-e6"/>
      </object_component>
      <object_component id="oc-22d">
         <name>.text:TimerControlLevel</name>
         <load_address>0x4258</load_address>
         <run_address>0x4258</run_address>
         <size>0x18</size>
         <input_file_ref idref="fl-ea"/>
      </object_component>
      <object_component id="oc-2e2">
         <name>.text:_outc</name>
         <load_address>0x4270</load_address>
         <run_address>0x4270</run_address>
         <size>0x18</size>
         <input_file_ref idref="fl-ee"/>
      </object_component>
      <object_component id="oc-435">
         <name>.text:strchr</name>
         <load_address>0x4288</load_address>
         <run_address>0x4288</run_address>
         <size>0x16</size>
         <input_file_ref idref="fl-f5"/>
      </object_component>
      <object_component id="oc-209">
         <name>.text:SysTickEnable</name>
         <load_address>0x42a0</load_address>
         <run_address>0x42a0</run_address>
         <size>0x14</size>
         <input_file_ref idref="fl-e9"/>
      </object_component>
      <object_component id="oc-203">
         <name>.text:SysTickIntEnable</name>
         <load_address>0x42b4</load_address>
         <run_address>0x42b4</run_address>
         <size>0x14</size>
         <input_file_ref idref="fl-e9"/>
      </object_component>
      <object_component id="oc-2cc">
         <name>.text:UARTEnable</name>
         <load_address>0x42c8</load_address>
         <run_address>0x42c8</run_address>
         <size>0x14</size>
         <input_file_ref idref="fl-eb"/>
      </object_component>
      <object_component id="oc-36a">
         <name>.text:copysign</name>
         <load_address>0x42dc</load_address>
         <run_address>0x42dc</run_address>
         <size>0x14</size>
         <input_file_ref idref="fl-e0"/>
      </object_component>
      <object_component id="oc-397">
         <name>.text:strlen</name>
         <load_address>0x42f0</load_address>
         <run_address>0x42f0</run_address>
         <size>0x14</size>
         <input_file_ref idref="fl-f6"/>
      </object_component>
      <object_component id="oc-311">
         <name>.text:GPIOPinTypeGPIOInput</name>
         <load_address>0x4304</load_address>
         <run_address>0x4304</run_address>
         <size>0x12</size>
         <input_file_ref idref="fl-e6"/>
      </object_component>
      <object_component id="oc-221">
         <name>.text:GPIOPinTypeTimer</name>
         <load_address>0x4316</load_address>
         <run_address>0x4316</run_address>
         <size>0x12</size>
         <input_file_ref idref="fl-e6"/>
      </object_component>
      <object_component id="oc-1ba">
         <name>.text:GPIOPinTypeUART</name>
         <load_address>0x4328</load_address>
         <run_address>0x4328</run_address>
         <size>0x12</size>
         <input_file_ref idref="fl-e6"/>
      </object_component>
      <object_component id="oc-1a1">
         <name>.text:TimerLoadSet</name>
         <load_address>0x433a</load_address>
         <run_address>0x433a</run_address>
         <size>0x12</size>
         <input_file_ref idref="fl-ea"/>
      </object_component>
      <object_component id="oc-1a7">
         <name>.text:TimerMatchSet</name>
         <load_address>0x434c</load_address>
         <run_address>0x434c</run_address>
         <size>0x12</size>
         <input_file_ref idref="fl-ea"/>
      </object_component>
      <object_component id="oc-44">
         <name>.text:decompress:ZI:__TI_zero_init_nomemset:__TI_zero_init_nomemset</name>
         <load_address>0x435e</load_address>
         <run_address>0x435e</run_address>
         <size>0x12</size>
         <input_file_ref idref="fl-ce"/>
      </object_component>
      <object_component id="oc-3c7">
         <name>.text:wcslen</name>
         <load_address>0x4370</load_address>
         <run_address>0x4370</run_address>
         <size>0x12</size>
         <input_file_ref idref="fl-f7"/>
      </object_component>
      <object_component id="oc-1f7">
         <name>.text:SysTickPeriodSet</name>
         <load_address>0x4384</load_address>
         <run_address>0x4384</run_address>
         <size>0x10</size>
         <input_file_ref idref="fl-e9"/>
      </object_component>
      <object_component id="oc-24c">
         <name>.text:ADCSequenceEnable</name>
         <load_address>0x4394</load_address>
         <run_address>0x4394</run_address>
         <size>0xe</size>
         <input_file_ref idref="fl-e5"/>
      </object_component>
      <object_component id="oc-233">
         <name>.text:TimerEnable</name>
         <load_address>0x43a2</load_address>
         <run_address>0x43a2</run_address>
         <size>0xe</size>
         <input_file_ref idref="fl-ea"/>
      </object_component>
      <object_component id="oc-18">
         <name>.text:decompress:none:__TI_decompress_none</name>
         <load_address>0x43b0</load_address>
         <run_address>0x43b0</run_address>
         <size>0xe</size>
         <input_file_ref idref="fl-cf"/>
      </object_component>
      <object_component id="oc-24">
         <name>.text</name>
         <load_address>0x43be</load_address>
         <run_address>0x43be</run_address>
         <size>0xc</size>
         <input_file_ref idref="fl-a"/>
      </object_component>
      <object_component id="oc-197">
         <name>.text:ADCIntClear</name>
         <load_address>0x43ca</load_address>
         <run_address>0x43ca</run_address>
         <size>0xa</size>
         <input_file_ref idref="fl-e5"/>
      </object_component>
      <object_component id="oc-1d2">
         <name>.text:UARTCharGet</name>
         <load_address>0x43d4</load_address>
         <run_address>0x43d4</run_address>
         <size>0xa</size>
         <input_file_ref idref="fl-eb"/>
      </object_component>
      <object_component id="oc-1cc">
         <name>.text:UARTCharPut</name>
         <load_address>0x43de</load_address>
         <run_address>0x43de</run_address>
         <size>0xa</size>
         <input_file_ref idref="fl-eb"/>
      </object_component>
      <object_component id="oc-364">
         <name>.text:__aeabi_errno_addr</name>
         <load_address>0x43e8</load_address>
         <run_address>0x43e8</run_address>
         <size>0x8</size>
         <input_file_ref idref="fl-df"/>
      </object_component>
      <object_component id="oc-317">
         <name>.text:GPIOPinRead</name>
         <load_address>0x43f0</load_address>
         <run_address>0x43f0</run_address>
         <size>0x6</size>
         <input_file_ref idref="fl-e6"/>
      </object_component>
      <object_component id="oc-327">
         <name>.text:GPIOPinWrite</name>
         <load_address>0x43f6</load_address>
         <run_address>0x43f6</run_address>
         <size>0x6</size>
         <input_file_ref idref="fl-e6"/>
      </object_component>
      <object_component id="oc-1f0">
         <name>.text:SysCtlDelay</name>
         <load_address>0x43fc</load_address>
         <run_address>0x43fc</run_address>
         <size>0x6</size>
         <input_file_ref idref="fl-e8"/>
      </object_component>
      <object_component id="oc-92">
         <name>.text:_system_pre_init</name>
         <load_address>0x4402</load_address>
         <run_address>0x4402</run_address>
         <size>0x4</size>
         <input_file_ref idref="fl-dd"/>
      </object_component>
      <object_component id="oc-11f">
         <name>.text:abort:abort</name>
         <load_address>0x4406</load_address>
         <run_address>0x4406</run_address>
         <size>0x4</size>
         <input_file_ref idref="fl-d2"/>
      </object_component>
      <object_component id="oc-28c">
         <name>.const:$O1$$</name>
         <load_address>0x4410</load_address>
         <run_address>0x4410</run_address>
         <size>0x158</size>
         <input_file_ref idref="fl-d5"/>
      </object_component>
      <object_component id="oc-408">
         <name>.const:.string:_ctypes_</name>
         <load_address>0x4568</load_address>
         <run_address>0x4568</run_address>
         <size>0x101</size>
         <input_file_ref idref="fl-f2"/>
      </object_component>
      <object_component id="oc-2b0">
         <name>.const:g_pui32GPIOBaseAddrs</name>
         <load_address>0x466c</load_address>
         <run_address>0x466c</run_address>
         <size>0x90</size>
         <input_file_ref idref="fl-e6"/>
      </object_component>
      <object_component id="oc-2c2">
         <name>.const:g_pui32Xtals</name>
         <load_address>0x46fc</load_address>
         <run_address>0x46fc</run_address>
         <size>0x6c</size>
         <input_file_ref idref="fl-e8"/>
      </object_component>
      <object_component id="oc-4aa">
         <name>.cinit..data.load</name>
         <load_address>0x4768</load_address>
         <run_address>0x4768</run_address>
         <size>0x1b</size>
      </object_component>
      <object_component id="oc-4a7">
         <name>__TI_handler_table</name>
         <load_address>0x4784</load_address>
         <run_address>0x4784</run_address>
         <size>0xc</size>
      </object_component>
      <object_component id="oc-4ab">
         <name>.cinit..bss.load</name>
         <load_address>0x4790</load_address>
         <run_address>0x4790</run_address>
         <size>0x8</size>
      </object_component>
      <object_component id="oc-4a9">
         <name>.cinit..vtable.load</name>
         <load_address>0x4798</load_address>
         <run_address>0x4798</run_address>
         <size>0x8</size>
      </object_component>
      <object_component id="oc-4a8">
         <name>__TI_cinit_table</name>
         <load_address>0x47a0</load_address>
         <run_address>0x47a0</run_address>
         <size>0x18</size>
      </object_component>
      <object_component id="oc-3e0">
         <name>.vtable</name>
         <uninitialized>true</uninitialized>
         <run_address>0x20000000</run_address>
         <size>0x26c</size>
         <input_file_ref idref="fl-e7"/>
      </object_component>
      <object_component id="oc-118">
         <name>.data</name>
         <load_address>0x200006fc</load_address>
         <run_address>0x200006fc</run_address>
         <size>0xe</size>
         <input_file_ref idref="fl-2"/>
      </object_component>
      <object_component id="oc-11b">
         <name>.data:led</name>
         <load_address>0x20000714</load_address>
         <run_address>0x20000714</run_address>
         <size>0x8</size>
         <input_file_ref idref="fl-2"/>
      </object_component>
      <object_component id="oc-3fc">
         <name>.data</name>
         <load_address>0x2000071c</load_address>
         <run_address>0x2000071c</run_address>
         <size>0x4</size>
         <input_file_ref idref="fl-df"/>
      </object_component>
      <object_component id="oc-1e5">
         <name>.data</name>
         <load_address>0x2000070c</load_address>
         <run_address>0x2000070c</run_address>
         <size>0x8</size>
         <input_file_ref idref="fl-e1"/>
      </object_component>
      <object_component id="oc-32d">
         <name>.data</name>
         <load_address>0x2000070a</load_address>
         <run_address>0x2000070a</run_address>
         <size>0x1</size>
         <input_file_ref idref="fl-e2"/>
      </object_component>
      <object_component id="oc-31d">
         <name>.data</name>
         <load_address>0x2000070b</load_address>
         <run_address>0x2000070b</run_address>
         <size>0x1</size>
         <input_file_ref idref="fl-e3"/>
      </object_component>
      <object_component id="oc-21b">
         <name>.bss</name>
         <uninitialized>true</uninitialized>
         <run_address>0x200006f8</run_address>
         <size>0x4</size>
         <input_file_ref idref="fl-e1"/>
      </object_component>
      <object_component id="oc-1e8">
         <name>.bss:callbackHeap</name>
         <uninitialized>true</uninitialized>
         <run_address>0x20000670</run_address>
         <size>0x80</size>
         <input_file_ref idref="fl-e1"/>
      </object_component>
      <object_component id="oc-117">
         <name>.common:count</name>
         <uninitialized>true</uninitialized>
         <run_address>0x200006f0</run_address>
         <size>0x8</size>
      </object_component>
      <object_component id="oc-21">
         <name>.stack</name>
         <uninitialized>true</uninitialized>
         <run_address>0x20000270</run_address>
         <size>0x4</size>
         <input_file_ref idref="fl-d1"/>
      </object_component>
      <object_component id="oc-4ac">
         <name>.stack</name>
         <uninitialized>true</uninitialized>
         <run_address>0x20000270</run_address>
         <size>0x0</size>
      </object_component>
      <object_component id="oc-b4">
         <name>.debug_info</name>
         <load_address>0x0</load_address>
         <run_address>0x0</run_address>
         <size>0x425</size>
         <input_file_ref idref="fl-2"/>
      </object_component>
      <object_component id="oc-119">
         <name>.debug_info</name>
         <load_address>0x425</load_address>
         <run_address>0x425</run_address>
         <size>0x135</size>
         <input_file_ref idref="fl-2"/>
      </object_component>
      <object_component id="oc-11c">
         <name>.debug_info</name>
         <load_address>0x55a</load_address>
         <run_address>0x55a</run_address>
         <size>0xdb</size>
         <input_file_ref idref="fl-2"/>
      </object_component>
      <object_component id="oc-99">
         <name>.debug_info</name>
         <load_address>0x635</load_address>
         <run_address>0x635</run_address>
         <size>0x77f</size>
         <input_file_ref idref="fl-2"/>
      </object_component>
      <object_component id="oc-15f">
         <name>.debug_info</name>
         <load_address>0xdb4</load_address>
         <run_address>0xdb4</run_address>
         <size>0x87</size>
         <input_file_ref idref="fl-2"/>
      </object_component>
      <object_component id="oc-6d">
         <name>.debug_info</name>
         <load_address>0xe3b</load_address>
         <run_address>0xe3b</run_address>
         <size>0x26b</size>
         <input_file_ref idref="fl-2"/>
      </object_component>
      <object_component id="oc-af">
         <name>.debug_info</name>
         <load_address>0x10a6</load_address>
         <run_address>0x10a6</run_address>
         <size>0x8b</size>
         <input_file_ref idref="fl-2"/>
      </object_component>
      <object_component id="oc-aa">
         <name>.debug_info</name>
         <load_address>0x1131</load_address>
         <run_address>0x1131</run_address>
         <size>0x297</size>
         <input_file_ref idref="fl-2"/>
      </object_component>
      <object_component id="oc-72">
         <name>.debug_info</name>
         <load_address>0x13c8</load_address>
         <run_address>0x13c8</run_address>
         <size>0xbb</size>
         <input_file_ref idref="fl-2"/>
      </object_component>
      <object_component id="oc-2f6">
         <name>.debug_info</name>
         <load_address>0x1483</load_address>
         <run_address>0x1483</run_address>
         <size>0xcc</size>
         <input_file_ref idref="fl-2"/>
      </object_component>
      <object_component id="oc-1e0">
         <name>.debug_info</name>
         <load_address>0x154f</load_address>
         <run_address>0x154f</run_address>
         <size>0x2c</size>
         <input_file_ref idref="fl-2"/>
      </object_component>
      <object_component id="oc-115">
         <name>.debug_info</name>
         <load_address>0x157b</load_address>
         <run_address>0x157b</run_address>
         <size>0x1f4</size>
         <input_file_ref idref="fl-3"/>
      </object_component>
      <object_component id="oc-f2">
         <name>.debug_info</name>
         <load_address>0x176f</load_address>
         <run_address>0x176f</run_address>
         <size>0x126</size>
         <input_file_ref idref="fl-4"/>
      </object_component>
      <object_component id="oc-109">
         <name>.debug_info</name>
         <load_address>0x1895</load_address>
         <run_address>0x1895</run_address>
         <size>0x22b</size>
         <input_file_ref idref="fl-6"/>
      </object_component>
      <object_component id="oc-101">
         <name>.debug_info</name>
         <load_address>0x1ac0</load_address>
         <run_address>0x1ac0</run_address>
         <size>0x16e</size>
         <input_file_ref idref="fl-7"/>
      </object_component>
      <object_component id="oc-10c">
         <name>.debug_info</name>
         <load_address>0x1c2e</load_address>
         <run_address>0x1c2e</run_address>
         <size>0x1b2</size>
         <input_file_ref idref="fl-8"/>
      </object_component>
      <object_component id="oc-dc">
         <name>.debug_info</name>
         <load_address>0x1de0</load_address>
         <run_address>0x1de0</run_address>
         <size>0x14a</size>
         <input_file_ref idref="fl-9"/>
      </object_component>
      <object_component id="oc-2c">
         <name>.debug_info</name>
         <load_address>0x1f2a</load_address>
         <run_address>0x1f2a</run_address>
         <size>0x2c0</size>
         <input_file_ref idref="fl-a"/>
      </object_component>
      <object_component id="oc-10">
         <name>.debug_info</name>
         <load_address>0x21ea</load_address>
         <run_address>0x21ea</run_address>
         <size>0xff</size>
         <input_file_ref idref="fl-a"/>
      </object_component>
      <object_component id="oc-27">
         <name>.debug_info</name>
         <load_address>0x22e9</load_address>
         <run_address>0x22e9</run_address>
         <size>0x27b</size>
         <input_file_ref idref="fl-a"/>
      </object_component>
      <object_component id="oc-33">
         <name>.debug_info</name>
         <load_address>0x2564</load_address>
         <run_address>0x2564</run_address>
         <size>0x84</size>
         <input_file_ref idref="fl-a"/>
      </object_component>
      <object_component id="oc-17f">
         <name>.debug_info</name>
         <load_address>0x25e8</load_address>
         <run_address>0x25e8</run_address>
         <size>0x39b</size>
         <input_file_ref idref="fl-c6"/>
      </object_component>
      <object_component id="oc-d9">
         <name>.debug_info</name>
         <load_address>0x2983</load_address>
         <run_address>0x2983</run_address>
         <size>0x796</size>
         <input_file_ref idref="fl-c6"/>
      </object_component>
      <object_component id="oc-29b">
         <name>.debug_info</name>
         <load_address>0x3119</load_address>
         <run_address>0x3119</run_address>
         <size>0x46</size>
         <input_file_ref idref="fl-c6"/>
      </object_component>
      <object_component id="oc-180">
         <name>.debug_info</name>
         <load_address>0x315f</load_address>
         <run_address>0x315f</run_address>
         <size>0x39</size>
         <input_file_ref idref="fl-c6"/>
      </object_component>
      <object_component id="oc-e6">
         <name>.debug_info</name>
         <load_address>0x3198</load_address>
         <run_address>0x3198</run_address>
         <size>0x14f</size>
         <input_file_ref idref="fl-c7"/>
      </object_component>
      <object_component id="oc-16f">
         <name>.debug_info</name>
         <load_address>0x32e7</load_address>
         <run_address>0x32e7</run_address>
         <size>0x12b</size>
         <input_file_ref idref="fl-c8"/>
      </object_component>
      <object_component id="oc-288">
         <name>.debug_info</name>
         <load_address>0x3412</load_address>
         <run_address>0x3412</run_address>
         <size>0x12d</size>
         <input_file_ref idref="fl-c8"/>
      </object_component>
      <object_component id="oc-ce">
         <name>.debug_info</name>
         <load_address>0x353f</load_address>
         <run_address>0x353f</run_address>
         <size>0x13d</size>
         <input_file_ref idref="fl-c9"/>
      </object_component>
      <object_component id="oc-d2">
         <name>.debug_info</name>
         <load_address>0x367c</load_address>
         <run_address>0x367c</run_address>
         <size>0x13d</size>
         <input_file_ref idref="fl-ca"/>
      </object_component>
      <object_component id="oc-ec">
         <name>.debug_info</name>
         <load_address>0x37b9</load_address>
         <run_address>0x37b9</run_address>
         <size>0x131</size>
         <input_file_ref idref="fl-cb"/>
      </object_component>
      <object_component id="oc-c7">
         <name>.debug_info</name>
         <load_address>0x38ea</load_address>
         <run_address>0x38ea</run_address>
         <size>0x12f</size>
         <input_file_ref idref="fl-cc"/>
      </object_component>
      <object_component id="oc-e2">
         <name>.debug_info</name>
         <load_address>0x3a19</load_address>
         <run_address>0x3a19</run_address>
         <size>0x131</size>
         <input_file_ref idref="fl-cd"/>
      </object_component>
      <object_component id="oc-8b">
         <name>.debug_info</name>
         <load_address>0x3b4a</load_address>
         <run_address>0x3b4a</run_address>
         <size>0x31e</size>
         <input_file_ref idref="fl-ce"/>
      </object_component>
      <object_component id="oc-45">
         <name>.debug_info</name>
         <load_address>0x3e68</load_address>
         <run_address>0x3e68</run_address>
         <size>0x1bf</size>
         <input_file_ref idref="fl-ce"/>
      </object_component>
      <object_component id="oc-86">
         <name>.debug_info</name>
         <load_address>0x4027</load_address>
         <run_address>0x4027</run_address>
         <size>0x46</size>
         <input_file_ref idref="fl-ce"/>
      </object_component>
      <object_component id="oc-bd">
         <name>.debug_info</name>
         <load_address>0x406d</load_address>
         <run_address>0x406d</run_address>
         <size>0x2c</size>
         <input_file_ref idref="fl-ce"/>
      </object_component>
      <object_component id="oc-43">
         <name>.debug_info</name>
         <load_address>0x4099</load_address>
         <run_address>0x4099</run_address>
         <size>0x2a8</size>
         <input_file_ref idref="fl-cf"/>
      </object_component>
      <object_component id="oc-19">
         <name>.debug_info</name>
         <load_address>0x4341</load_address>
         <run_address>0x4341</run_address>
         <size>0x1ea</size>
         <input_file_ref idref="fl-cf"/>
      </object_component>
      <object_component id="oc-3e">
         <name>.debug_info</name>
         <load_address>0x452b</load_address>
         <run_address>0x452b</run_address>
         <size>0x46</size>
         <input_file_ref idref="fl-cf"/>
      </object_component>
      <object_component id="oc-7e">
         <name>.debug_info</name>
         <load_address>0x4571</load_address>
         <run_address>0x4571</run_address>
         <size>0x2c</size>
         <input_file_ref idref="fl-cf"/>
      </object_component>
      <object_component id="oc-7c">
         <name>.debug_info</name>
         <load_address>0x459d</load_address>
         <run_address>0x459d</run_address>
         <size>0x29e</size>
         <input_file_ref idref="fl-d0"/>
      </object_component>
      <object_component id="oc-14">
         <name>.debug_info</name>
         <load_address>0x483b</load_address>
         <run_address>0x483b</run_address>
         <size>0x250</size>
         <input_file_ref idref="fl-d0"/>
      </object_component>
      <object_component id="oc-2e">
         <name>.debug_info</name>
         <load_address>0x4a8b</load_address>
         <run_address>0x4a8b</run_address>
         <size>0x60</size>
         <input_file_ref idref="fl-d0"/>
      </object_component>
      <object_component id="oc-b6">
         <name>.debug_info</name>
         <load_address>0x4aeb</load_address>
         <run_address>0x4aeb</run_address>
         <size>0x46</size>
         <input_file_ref idref="fl-d0"/>
      </object_component>
      <object_component id="oc-77">
         <name>.debug_info</name>
         <load_address>0x4b31</load_address>
         <run_address>0x4b31</run_address>
         <size>0x39</size>
         <input_file_ref idref="fl-d0"/>
      </object_component>
      <object_component id="oc-22">
         <name>.debug_info</name>
         <load_address>0x4b6a</load_address>
         <run_address>0x4b6a</run_address>
         <size>0x10b</size>
         <input_file_ref idref="fl-d1"/>
      </object_component>
      <object_component id="oc-59">
         <name>.debug_info</name>
         <load_address>0x4c75</load_address>
         <run_address>0x4c75</run_address>
         <size>0x1af</size>
         <input_file_ref idref="fl-d1"/>
      </object_component>
      <object_component id="oc-122">
         <name>.debug_info</name>
         <load_address>0x4e24</load_address>
         <run_address>0x4e24</run_address>
         <size>0x122</size>
         <input_file_ref idref="fl-d2"/>
      </object_component>
      <object_component id="oc-290">
         <name>.debug_info</name>
         <load_address>0x4f46</load_address>
         <run_address>0x4f46</run_address>
         <size>0x3aa</size>
         <input_file_ref idref="fl-d5"/>
      </object_component>
      <object_component id="oc-28d">
         <name>.debug_info</name>
         <load_address>0x52f0</load_address>
         <run_address>0x52f0</run_address>
         <size>0x13a</size>
         <input_file_ref idref="fl-d5"/>
      </object_component>
      <object_component id="oc-173">
         <name>.debug_info</name>
         <load_address>0x542a</load_address>
         <run_address>0x542a</run_address>
         <size>0x72f</size>
         <input_file_ref idref="fl-d5"/>
      </object_component>
      <object_component id="oc-379">
         <name>.debug_info</name>
         <load_address>0x5b59</load_address>
         <run_address>0x5b59</run_address>
         <size>0x39</size>
         <input_file_ref idref="fl-d5"/>
      </object_component>
      <object_component id="oc-292">
         <name>.debug_info</name>
         <load_address>0x5b92</load_address>
         <run_address>0x5b92</run_address>
         <size>0x2c</size>
         <input_file_ref idref="fl-d5"/>
      </object_component>
      <object_component id="oc-298">
         <name>.debug_info</name>
         <load_address>0x5bbe</load_address>
         <run_address>0x5bbe</run_address>
         <size>0x28d</size>
         <input_file_ref idref="fl-d6"/>
      </object_component>
      <object_component id="oc-17c">
         <name>.debug_info</name>
         <load_address>0x5e4b</load_address>
         <run_address>0x5e4b</run_address>
         <size>0x327</size>
         <input_file_ref idref="fl-d6"/>
      </object_component>
      <object_component id="oc-279">
         <name>.debug_info</name>
         <load_address>0x6172</load_address>
         <run_address>0x6172</run_address>
         <size>0x292</size>
         <input_file_ref idref="fl-d7"/>
      </object_component>
      <object_component id="oc-168">
         <name>.debug_info</name>
         <load_address>0x6404</load_address>
         <run_address>0x6404</run_address>
         <size>0x380</size>
         <input_file_ref idref="fl-d7"/>
      </object_component>
      <object_component id="oc-373">
         <name>.debug_info</name>
         <load_address>0x6784</load_address>
         <run_address>0x6784</run_address>
         <size>0x28f</size>
         <input_file_ref idref="fl-d8"/>
      </object_component>
      <object_component id="oc-282">
         <name>.debug_info</name>
         <load_address>0x6a13</load_address>
         <run_address>0x6a13</run_address>
         <size>0x22a</size>
         <input_file_ref idref="fl-d8"/>
      </object_component>
      <object_component id="oc-371">
         <name>.debug_info</name>
         <load_address>0x6c3d</load_address>
         <run_address>0x6c3d</run_address>
         <size>0x2fd</size>
         <input_file_ref idref="fl-d9"/>
      </object_component>
      <object_component id="oc-27e">
         <name>.debug_info</name>
         <load_address>0x6f3a</load_address>
         <run_address>0x6f3a</run_address>
         <size>0x225</size>
         <input_file_ref idref="fl-d9"/>
      </object_component>
      <object_component id="oc-3a">
         <name>.debug_info</name>
         <load_address>0x715f</load_address>
         <run_address>0x715f</run_address>
         <size>0x11c</size>
         <input_file_ref idref="fl-da"/>
      </object_component>
      <object_component id="oc-8d">
         <name>.debug_info</name>
         <load_address>0x727b</load_address>
         <run_address>0x727b</run_address>
         <size>0x14a</size>
         <input_file_ref idref="fl-db"/>
      </object_component>
      <object_component id="oc-263">
         <name>.debug_info</name>
         <load_address>0x73c5</load_address>
         <run_address>0x73c5</run_address>
         <size>0x552</size>
         <input_file_ref idref="fl-dc"/>
      </object_component>
      <object_component id="oc-12c">
         <name>.debug_info</name>
         <load_address>0x7917</load_address>
         <run_address>0x7917</run_address>
         <size>0x1a6</size>
         <input_file_ref idref="fl-dc"/>
      </object_component>
      <object_component id="oc-351">
         <name>.debug_info</name>
         <load_address>0x7abd</load_address>
         <run_address>0x7abd</run_address>
         <size>0x39</size>
         <input_file_ref idref="fl-dc"/>
      </object_component>
      <object_component id="oc-3f0">
         <name>.debug_info</name>
         <load_address>0x7af6</load_address>
         <run_address>0x7af6</run_address>
         <size>0x39</size>
         <input_file_ref idref="fl-dc"/>
      </object_component>
      <object_component id="oc-356">
         <name>.debug_info</name>
         <load_address>0x7b2f</load_address>
         <run_address>0x7b2f</run_address>
         <size>0x39</size>
         <input_file_ref idref="fl-dc"/>
      </object_component>
      <object_component id="oc-35b">
         <name>.debug_info</name>
         <load_address>0x7b68</load_address>
         <run_address>0x7b68</run_address>
         <size>0xcd</size>
         <input_file_ref idref="fl-dc"/>
      </object_component>
      <object_component id="oc-94">
         <name>.debug_info</name>
         <load_address>0x7c35</load_address>
         <run_address>0x7c35</run_address>
         <size>0x153</size>
         <input_file_ref idref="fl-dd"/>
      </object_component>
      <object_component id="oc-400">
         <name>.debug_info</name>
         <load_address>0x7d88</load_address>
         <run_address>0x7d88</run_address>
         <size>0x289</size>
         <input_file_ref idref="fl-df"/>
      </object_component>
      <object_component id="oc-3fd">
         <name>.debug_info</name>
         <load_address>0x8011</load_address>
         <run_address>0x8011</run_address>
         <size>0x10e</size>
         <input_file_ref idref="fl-df"/>
      </object_component>
      <object_component id="oc-367">
         <name>.debug_info</name>
         <load_address>0x811f</load_address>
         <run_address>0x811f</run_address>
         <size>0x14e</size>
         <input_file_ref idref="fl-df"/>
      </object_component>
      <object_component id="oc-36e">
         <name>.debug_info</name>
         <load_address>0x826d</load_address>
         <run_address>0x826d</run_address>
         <size>0x161</size>
         <input_file_ref idref="fl-e0"/>
      </object_component>
      <object_component id="oc-21f">
         <name>.debug_info</name>
         <load_address>0x83ce</load_address>
         <run_address>0x83ce</run_address>
         <size>0x42f</size>
         <input_file_ref idref="fl-e1"/>
      </object_component>
      <object_component id="oc-21c">
         <name>.debug_info</name>
         <load_address>0x87fd</load_address>
         <run_address>0x87fd</run_address>
         <size>0xd2</size>
         <input_file_ref idref="fl-e1"/>
      </object_component>
      <object_component id="oc-1e6">
         <name>.debug_info</name>
         <load_address>0x88cf</load_address>
         <run_address>0x88cf</run_address>
         <size>0xfe</size>
         <input_file_ref idref="fl-e1"/>
      </object_component>
      <object_component id="oc-1e9">
         <name>.debug_info</name>
         <load_address>0x89cd</load_address>
         <run_address>0x89cd</run_address>
         <size>0xd8</size>
         <input_file_ref idref="fl-e1"/>
      </object_component>
      <object_component id="oc-fb">
         <name>.debug_info</name>
         <load_address>0x8aa5</load_address>
         <run_address>0x8aa5</run_address>
         <size>0x9c9</size>
         <input_file_ref idref="fl-e1"/>
      </object_component>
      <object_component id="oc-335">
         <name>.debug_info</name>
         <load_address>0x946e</load_address>
         <run_address>0x946e</run_address>
         <size>0x51</size>
         <input_file_ref idref="fl-e1"/>
      </object_component>
      <object_component id="oc-32e">
         <name>.debug_info</name>
         <load_address>0x94bf</load_address>
         <run_address>0x94bf</run_address>
         <size>0xd0</size>
         <input_file_ref idref="fl-e2"/>
      </object_component>
      <object_component id="oc-216">
         <name>.debug_info</name>
         <load_address>0x958f</load_address>
         <run_address>0x958f</run_address>
         <size>0x2a0</size>
         <input_file_ref idref="fl-e2"/>
      </object_component>
      <object_component id="oc-31e">
         <name>.debug_info</name>
         <load_address>0x982f</load_address>
         <run_address>0x982f</run_address>
         <size>0xd7</size>
         <input_file_ref idref="fl-e3"/>
      </object_component>
      <object_component id="oc-210">
         <name>.debug_info</name>
         <load_address>0x9906</load_address>
         <run_address>0x9906</run_address>
         <size>0x238</size>
         <input_file_ref idref="fl-e3"/>
      </object_component>
      <object_component id="oc-1df">
         <name>.debug_info</name>
         <load_address>0x9b3e</load_address>
         <run_address>0x9b3e</run_address>
         <size>0x42d</size>
         <input_file_ref idref="fl-e4"/>
      </object_component>
      <object_component id="oc-f5">
         <name>.debug_info</name>
         <load_address>0x9f6b</load_address>
         <run_address>0x9f6b</run_address>
         <size>0x3d5</size>
         <input_file_ref idref="fl-e4"/>
      </object_component>
      <object_component id="oc-2a6">
         <name>.debug_info</name>
         <load_address>0xa340</load_address>
         <run_address>0xa340</run_address>
         <size>0x24d</size>
         <input_file_ref idref="fl-e5"/>
      </object_component>
      <object_component id="oc-249">
         <name>.debug_info</name>
         <load_address>0xa58d</load_address>
         <run_address>0xa58d</run_address>
         <size>0x333</size>
         <input_file_ref idref="fl-e5"/>
      </object_component>
      <object_component id="oc-24f">
         <name>.debug_info</name>
         <load_address>0xa8c0</load_address>
         <run_address>0xa8c0</run_address>
         <size>0x2a0</size>
         <input_file_ref idref="fl-e5"/>
      </object_component>
      <object_component id="oc-194">
         <name>.debug_info</name>
         <load_address>0xab60</load_address>
         <run_address>0xab60</run_address>
         <size>0x2ff</size>
         <input_file_ref idref="fl-e5"/>
      </object_component>
      <object_component id="oc-243">
         <name>.debug_info</name>
         <load_address>0xae5f</load_address>
         <run_address>0xae5f</run_address>
         <size>0x326</size>
         <input_file_ref idref="fl-e5"/>
      </object_component>
      <object_component id="oc-188">
         <name>.debug_info</name>
         <load_address>0xb185</load_address>
         <run_address>0xb185</run_address>
         <size>0x2a4</size>
         <input_file_ref idref="fl-e5"/>
      </object_component>
      <object_component id="oc-18d">
         <name>.debug_info</name>
         <load_address>0xb429</load_address>
         <run_address>0xb429</run_address>
         <size>0x2e7</size>
         <input_file_ref idref="fl-e5"/>
      </object_component>
      <object_component id="oc-199">
         <name>.debug_info</name>
         <load_address>0xb710</load_address>
         <run_address>0xb710</run_address>
         <size>0x294</size>
         <input_file_ref idref="fl-e5"/>
      </object_component>
      <object_component id="oc-2a1">
         <name>.debug_info</name>
         <load_address>0xb9a4</load_address>
         <run_address>0xb9a4</run_address>
         <size>0x18b</size>
         <input_file_ref idref="fl-e5"/>
      </object_component>
      <object_component id="oc-2b4">
         <name>.debug_info</name>
         <load_address>0xbb2f</load_address>
         <run_address>0xbb2f</run_address>
         <size>0x240</size>
         <input_file_ref idref="fl-e6"/>
      </object_component>
      <object_component id="oc-2b1">
         <name>.debug_info</name>
         <load_address>0xbd6f</load_address>
         <run_address>0xbd6f</run_address>
         <size>0x15b</size>
         <input_file_ref idref="fl-e6"/>
      </object_component>
      <object_component id="oc-328">
         <name>.debug_info</name>
         <load_address>0xbeca</load_address>
         <run_address>0xbeca</run_address>
         <size>0x2a3</size>
         <input_file_ref idref="fl-e6"/>
      </object_component>
      <object_component id="oc-2b6">
         <name>.debug_info</name>
         <load_address>0xc16d</load_address>
         <run_address>0xc16d</run_address>
         <size>0x2b3</size>
         <input_file_ref idref="fl-e6"/>
      </object_component>
      <object_component id="oc-2bc">
         <name>.debug_info</name>
         <load_address>0xc420</load_address>
         <run_address>0xc420</run_address>
         <size>0x316</size>
         <input_file_ref idref="fl-e6"/>
      </object_component>
      <object_component id="oc-1bb">
         <name>.debug_info</name>
         <load_address>0xc736</load_address>
         <run_address>0xc736</run_address>
         <size>0x27b</size>
         <input_file_ref idref="fl-e6"/>
      </object_component>
      <object_component id="oc-222">
         <name>.debug_info</name>
         <load_address>0xc9b1</load_address>
         <run_address>0xc9b1</run_address>
         <size>0x27d</size>
         <input_file_ref idref="fl-e6"/>
      </object_component>
      <object_component id="oc-322">
         <name>.debug_info</name>
         <load_address>0xcc2e</load_address>
         <run_address>0xcc2e</run_address>
         <size>0x2b7</size>
         <input_file_ref idref="fl-e6"/>
      </object_component>
      <object_component id="oc-312">
         <name>.debug_info</name>
         <load_address>0xcee5</load_address>
         <run_address>0xcee5</run_address>
         <size>0x285</size>
         <input_file_ref idref="fl-e6"/>
      </object_component>
      <object_component id="oc-318">
         <name>.debug_info</name>
         <load_address>0xd16a</load_address>
         <run_address>0xd16a</run_address>
         <size>0x27b</size>
         <input_file_ref idref="fl-e6"/>
      </object_component>
      <object_component id="oc-1b5">
         <name>.debug_info</name>
         <load_address>0xd3e5</load_address>
         <run_address>0xd3e5</run_address>
         <size>0x280</size>
         <input_file_ref idref="fl-e6"/>
      </object_component>
      <object_component id="oc-3e4">
         <name>.debug_info</name>
         <load_address>0xd665</load_address>
         <run_address>0xd665</run_address>
         <size>0x20e</size>
         <input_file_ref idref="fl-e7"/>
      </object_component>
      <object_component id="oc-3e1">
         <name>.debug_info</name>
         <load_address>0xd873</load_address>
         <run_address>0xd873</run_address>
         <size>0x157</size>
         <input_file_ref idref="fl-e7"/>
      </object_component>
      <object_component id="oc-30a">
         <name>.debug_info</name>
         <load_address>0xd9ca</load_address>
         <run_address>0xd9ca</run_address>
         <size>0x2c1</size>
         <input_file_ref idref="fl-e7"/>
      </object_component>
      <object_component id="oc-2af">
         <name>.debug_info</name>
         <load_address>0xdc8b</load_address>
         <run_address>0xdc8b</run_address>
         <size>0x298</size>
         <input_file_ref idref="fl-e8"/>
      </object_component>
      <object_component id="oc-2c3">
         <name>.debug_info</name>
         <load_address>0xdf23</load_address>
         <run_address>0xdf23</run_address>
         <size>0x14d</size>
         <input_file_ref idref="fl-e8"/>
      </object_component>
      <object_component id="oc-23b">
         <name>.debug_info</name>
         <load_address>0xe070</load_address>
         <run_address>0xe070</run_address>
         <size>0x27f</size>
         <input_file_ref idref="fl-e8"/>
      </object_component>
      <object_component id="oc-1af">
         <name>.debug_info</name>
         <load_address>0xe2ef</load_address>
         <run_address>0xe2ef</run_address>
         <size>0x27d</size>
         <input_file_ref idref="fl-e8"/>
      </object_component>
      <object_component id="oc-1f2">
         <name>.debug_info</name>
         <load_address>0xe56c</load_address>
         <run_address>0xe56c</run_address>
         <size>0x2db</size>
         <input_file_ref idref="fl-e8"/>
      </object_component>
      <object_component id="oc-1c1">
         <name>.debug_info</name>
         <load_address>0xe847</load_address>
         <run_address>0xe847</run_address>
         <size>0x2b5</size>
         <input_file_ref idref="fl-e8"/>
      </object_component>
      <object_component id="oc-386">
         <name>.debug_info</name>
         <load_address>0xeafc</load_address>
         <run_address>0xeafc</run_address>
         <size>0x5f</size>
         <input_file_ref idref="fl-e8"/>
      </object_component>
      <object_component id="oc-307">
         <name>.debug_info</name>
         <load_address>0xeb5b</load_address>
         <run_address>0xeb5b</run_address>
         <size>0x19d</size>
         <input_file_ref idref="fl-e9"/>
      </object_component>
      <object_component id="oc-1f8">
         <name>.debug_info</name>
         <load_address>0xecf8</load_address>
         <run_address>0xecf8</run_address>
         <size>0x261</size>
         <input_file_ref idref="fl-e9"/>
      </object_component>
      <object_component id="oc-1fe">
         <name>.debug_info</name>
         <load_address>0xef59</load_address>
         <run_address>0xef59</run_address>
         <size>0x277</size>
         <input_file_ref idref="fl-e9"/>
      </object_component>
      <object_component id="oc-205">
         <name>.debug_info</name>
         <load_address>0xf1d0</load_address>
         <run_address>0xf1d0</run_address>
         <size>0x227</size>
         <input_file_ref idref="fl-e9"/>
      </object_component>
      <object_component id="oc-20a">
         <name>.debug_info</name>
         <load_address>0xf3f7</load_address>
         <run_address>0xf3f7</run_address>
         <size>0x221</size>
         <input_file_ref idref="fl-e9"/>
      </object_component>
      <object_component id="oc-2ac">
         <name>.debug_info</name>
         <load_address>0xf618</load_address>
         <run_address>0xf618</run_address>
         <size>0x223</size>
         <input_file_ref idref="fl-ea"/>
      </object_component>
      <object_component id="oc-1a9">
         <name>.debug_info</name>
         <load_address>0xf83b</load_address>
         <run_address>0xf83b</run_address>
         <size>0x2bc</size>
         <input_file_ref idref="fl-ea"/>
      </object_component>
      <object_component id="oc-1a2">
         <name>.debug_info</name>
         <load_address>0xfaf7</load_address>
         <run_address>0xfaf7</run_address>
         <size>0x2ba</size>
         <input_file_ref idref="fl-ea"/>
      </object_component>
      <object_component id="oc-234">
         <name>.debug_info</name>
         <load_address>0xfdb1</load_address>
         <run_address>0xfdb1</run_address>
         <size>0x27f</size>
         <input_file_ref idref="fl-ea"/>
      </object_component>
      <object_component id="oc-22e">
         <name>.debug_info</name>
         <load_address>0x10030</load_address>
         <run_address>0x10030</run_address>
         <size>0x2bc</size>
         <input_file_ref idref="fl-ea"/>
      </object_component>
      <object_component id="oc-228">
         <name>.debug_info</name>
         <load_address>0x102ec</load_address>
         <run_address>0x102ec</run_address>
         <size>0x28c</size>
         <input_file_ref idref="fl-ea"/>
      </object_component>
      <object_component id="oc-2d3">
         <name>.debug_info</name>
         <load_address>0x10578</load_address>
         <run_address>0x10578</run_address>
         <size>0x227</size>
         <input_file_ref idref="fl-eb"/>
      </object_component>
      <object_component id="oc-2cd">
         <name>.debug_info</name>
         <load_address>0x1079f</load_address>
         <run_address>0x1079f</run_address>
         <size>0x247</size>
         <input_file_ref idref="fl-eb"/>
      </object_component>
      <object_component id="oc-2c7">
         <name>.debug_info</name>
         <load_address>0x109e6</load_address>
         <run_address>0x109e6</run_address>
         <size>0x249</size>
         <input_file_ref idref="fl-eb"/>
      </object_component>
      <object_component id="oc-1c7">
         <name>.debug_info</name>
         <load_address>0x10c2f</load_address>
         <run_address>0x10c2f</run_address>
         <size>0x326</size>
         <input_file_ref idref="fl-eb"/>
      </object_component>
      <object_component id="oc-1cd">
         <name>.debug_info</name>
         <load_address>0x10f55</load_address>
         <run_address>0x10f55</run_address>
         <size>0x273</size>
         <input_file_ref idref="fl-eb"/>
      </object_component>
      <object_component id="oc-1d3">
         <name>.debug_info</name>
         <load_address>0x111c8</load_address>
         <run_address>0x111c8</run_address>
         <size>0x24d</size>
         <input_file_ref idref="fl-eb"/>
      </object_component>
      <object_component id="oc-1ec">
         <name>.debug_info</name>
         <load_address>0x11415</load_address>
         <run_address>0x11415</run_address>
         <size>0x137</size>
         <input_file_ref idref="fl-ed"/>
      </object_component>
      <object_component id="oc-2e9">
         <name>.debug_info</name>
         <load_address>0x1154c</load_address>
         <run_address>0x1154c</run_address>
         <size>0x340</size>
         <input_file_ref idref="fl-ee"/>
      </object_component>
      <object_component id="oc-1d9">
         <name>.debug_info</name>
         <load_address>0x1188c</load_address>
         <run_address>0x1188c</run_address>
         <size>0x208</size>
         <input_file_ref idref="fl-ee"/>
      </object_component>
      <object_component id="oc-2dd">
         <name>.debug_info</name>
         <load_address>0x11a94</load_address>
         <run_address>0x11a94</run_address>
         <size>0x1c6</size>
         <input_file_ref idref="fl-ee"/>
      </object_component>
      <object_component id="oc-2e3">
         <name>.debug_info</name>
         <load_address>0x11c5a</load_address>
         <run_address>0x11c5a</run_address>
         <size>0x179</size>
         <input_file_ref idref="fl-ee"/>
      </object_component>
      <object_component id="oc-2ea">
         <name>.debug_info</name>
         <load_address>0x11dd3</load_address>
         <run_address>0x11dd3</run_address>
         <size>0x2c</size>
         <input_file_ref idref="fl-ee"/>
      </object_component>
      <object_component id="oc-2ef">
         <name>.debug_info</name>
         <load_address>0x11dff</load_address>
[...]
      </symbol>
      <symbol id="sm-8a">
         <name>buzzing</name>
         <value>0x1df3</value>
         <object_component_ref idref="oc-98"/>
      </symbol>
      <symbol id="sm-9b">
         <name>buzzerPWMInit</name>
         <value>0x3a71</value>
         <object_component_ref idref="oc-111"/>
      </symbol>
      <symbol id="sm-aa">
         <name>buzzerPWMOn</name>
         <value>0x404d</value>
         <object_component_ref idref="oc-ef"/>
      </symbol>
      <symbol id="sm-c0">
         <name>ledPwmInit</name>
         <value>0x3675</value>
         <object_component_ref idref="oc-105"/>
      </symbol>
      <symbol id="sm-d0">
         <name>ledPwmSet</name>
         <value>0x39a9</value>
         <object_component_ref idref="oc-100"/>
      </symbol>
      <symbol id="sm-de">
         <name>ADCInit</name>
         <value>0x3de9</value>
         <object_component_ref idref="oc-10b"/>
      </symbol>
      <symbol id="sm-ea">
         <name>ADCRead</name>
         <value>0x3f09</value>
         <object_component_ref idref="oc-db"/>
      </symbol>
      <symbol id="sm-10b">
         <name>ResetISR</name>
         <value>0x43bf</value>
         <object_component_ref idref="oc-24"/>
      </symbol>
      <symbol id="sm-10c">
         <name>g_pfnVectors</name>
         <value>0x0</value>
         <object_component_ref idref="oc-f"/>
      </symbol>
      <symbol id="sm-162">
         <name>sin</name>
         <value>0x1405</value>
         <object_component_ref idref="oc-d5"/>
      </symbol>
      <symbol id="sm-163">
         <name>sinl</name>
         <value>0x1405</value>
         <object_component_ref idref="oc-d5"/>
      </symbol>
      <symbol id="sm-17a">
         <name>__aeabi_dsub</name>
         <value>0x24c5</value>
         <object_component_ref idref="oc-e5"/>
      </symbol>
      <symbol id="sm-17b">
         <name>__aeabi_dadd</name>
         <value>0x24cf</value>
         <object_component_ref idref="oc-e5"/>
      </symbol>
      <symbol id="sm-19d">
         <name>__aeabi_cdcmpeq</name>
         <value>0x3791</value>
         <object_component_ref idref="oc-16d"/>
      </symbol>
      <symbol id="sm-19e">
         <name>__aeabi_cdcmple</name>
         <value>0x3791</value>
         <object_component_ref idref="oc-16d"/>
      </symbol>
      <symbol id="sm-19f">
         <name>__aeabi_cdrcmple</name>
         <value>0x3817</value>
         <object_component_ref idref="oc-287"/>
      </symbol>
      <symbol id="sm-1b3">
         <name>__aeabi_ddiv</name>
         <value>0x2a99</value>
         <object_component_ref idref="oc-cb"/>
      </symbol>
      <symbol id="sm-1be">
         <name>__aeabi_dmul</name>
         <value>0x3045</value>
         <object_component_ref idref="oc-d0"/>
      </symbol>
      <symbol id="sm-1c8">
         <name>__aeabi_d2iz</name>
         <value>0x3e31</value>
         <object_component_ref idref="oc-ea"/>
      </symbol>
      <symbol id="sm-1d2">
         <name>__aeabi_i2d</name>
         <value>0x4137</value>
         <object_component_ref idref="oc-c6"/>
      </symbol>
      <symbol id="sm-1dc">
         <name>__aeabi_ui2d</name>
         <value>0x41b1</value>
         <object_component_ref idref="oc-e0"/>
      </symbol>
      <symbol id="sm-1f5">
         <name>__TI_zero_init_nomemset</name>
         <value>0x435f</value>
         <object_component_ref idref="oc-44"/>
      </symbol>
      <symbol id="sm-20c">
         <name>__TI_decompress_none</name>
         <value>0x43b1</value>
         <object_component_ref idref="oc-18"/>
      </symbol>
      <symbol id="sm-22f">
         <name>__TI_decompress_lzss</name>
         <value>0x3add</value>
         <object_component_ref idref="oc-12"/>
      </symbol>
      <symbol id="sm-242">
         <name>__stack</name>
         <value>0x20000270</value>
         <object_component_ref idref="oc-21"/>
      </symbol>
      <symbol id="sm-243">
         <name>_c_int00_noargs</name>
         <value>0x4001</value>
         <object_component_ref idref="oc-56"/>
      </symbol>
      <symbol id="sm-24e">
         <name>C$$EXIT</name>
         <value>0x4407</value>
         <object_component_ref idref="oc-11f"/>
      </symbol>
      <symbol id="sm-24f">
         <name>abort</name>
         <value>0x4407</value>
         <object_component_ref idref="oc-11f"/>
      </symbol>
      <symbol id="sm-2c1">
         <name>__kernel_rem_pio2</name>
         <value>0xccd</value>
         <object_component_ref idref="oc-172"/>
      </symbol>
      <symbol id="sm-2d7">
         <name>__kernel_cos</name>
         <value>0x27f1</value>
         <object_component_ref idref="oc-178"/>
      </symbol>
      <symbol id="sm-2ee">
         <name>__kernel_sin</name>
         <value>0x267d</value>
         <object_component_ref idref="oc-167"/>
      </symbol>
      <symbol id="sm-30b">
         <name>floorl</name>
         <value>0x3141</value>
         <object_component_ref idref="oc-281"/>
      </symbol>
      <symbol id="sm-30c">
         <name>floor</name>
         <value>0x3141</value>
         <object_component_ref idref="oc-281"/>
      </symbol>
      <symbol id="sm-329">
         <name>scalbn</name>
         <value>0x2f35</value>
         <object_component_ref idref="oc-27b"/>
      </symbol>
      <symbol id="sm-32a">
         <name>scalbnl</name>
         <value>0x2f35</value>
         <object_component_ref idref="oc-27b"/>
      </symbol>
      <symbol id="sm-32b">
         <name>ldexpl</name>
         <value>0x2f35</value>
         <object_component_ref idref="oc-27b"/>
      </symbol>
      <symbol id="sm-32c">
         <name>ldexp</name>
         <value>0x2f35</value>
         <object_component_ref idref="oc-27b"/>
      </symbol>
      <symbol id="sm-347">
         <name>memcpy</name>
         <value>0x3541</value>
         <object_component_ref idref="oc-38"/>
      </symbol>
      <symbol id="sm-348">
         <name>__aeabi_memcpy</name>
         <value>0x3541</value>
         <object_component_ref idref="oc-38"/>
      </symbol>
      <symbol id="sm-349">
         <name>__aeabi_memcpy8</name>
         <value>0x3541</value>
         <object_component_ref idref="oc-38"/>
      </symbol>
      <symbol id="sm-34a">
         <name>__aeabi_memcpy4</name>
         <value>0x3541</value>
         <object_component_ref idref="oc-38"/>
      </symbol>
      <symbol id="sm-359">
         <name>__aeabi_memset</name>
         <value>0x3919</value>
         <object_component_ref idref="oc-8c"/>
      </symbol>
      <symbol id="sm-35a">
         <name>memset</name>
         <value>0x391f</value>
         <object_component_ref idref="oc-8c"/>
      </symbol>
      <symbol id="sm-35b">
         <name>__aeabi_memset8</name>
         <value>0x3919</value>
         <object_component_ref idref="oc-8c"/>
      </symbol>
      <symbol id="sm-35c">
         <name>__aeabi_memset4</name>
         <value>0x3919</value>
         <object_component_ref idref="oc-8c"/>
      </symbol>
      <symbol id="sm-35d">
         <name>__aeabi_memclr8</name>
         <value>0x3917</value>
         <object_component_ref idref="oc-8c"/>
      </symbol>
      <symbol id="sm-35e">
         <name>__aeabi_memclr4</name>
         <value>0x3917</value>
         <object_component_ref idref="oc-8c"/>
      </symbol>
      <symbol id="sm-35f">
         <name>__aeabi_memclr</name>
         <value>0x3917</value>
         <object_component_ref idref="oc-8c"/>
      </symbol>
      <symbol id="sm-387">
         <name>__TI_auto_init_nobinit_nopinit</name>
         <value>0x3ec1</value>
         <object_component_ref idref="oc-12b"/>
      </symbol>
      <symbol id="sm-391">
         <name>_system_pre_init</name>
         <value>0x4403</value>
         <object_component_ref idref="oc-92"/>
      </symbol>
      <symbol id="sm-3a8">
         <name>__aeabi_errno_addr</name>
         <value>0x43e9</value>
         <object_component_ref idref="oc-364"/>
      </symbol>
      <symbol id="sm-3a9">
         <name>errno</name>
         <value>0x2000071c</value>
         <object_component_ref idref="oc-3fc"/>
      </symbol>
      <symbol id="sm-3b3">
         <name>copysign</name>
         <value>0x42dd</value>
         <object_component_ref idref="oc-36a"/>
      </symbol>
      <symbol id="sm-3b4">
         <name>copysignl</name>
         <value>0x42dd</value>
         <object_component_ref idref="oc-36a"/>
      </symbol>
      <symbol id="sm-411">
         <name>schdExecute</name>
         <value>0x1b71</value>
         <object_component_ref idref="oc-fa"/>
      </symbol>
      <symbol id="sm-412">
         <name>sysTimeWaitAbsolute</name>
         <value>0x1aab</value>
         <object_component_ref idref="oc-fa"/>
      </symbol>
      <symbol id="sm-413">
         <name>lpInit</name>
         <value>0x1cd3</value>
         <object_component_ref idref="oc-fa"/>
      </symbol>
      <symbol id="sm-414">
         <name>sysTimeGet</name>
         <value>0x1a5b</value>
         <object_component_ref idref="oc-fa"/>
      </symbol>
      <symbol id="sm-415">
         <name>sysTimeReached</name>
         <value>0x1a61</value>
         <object_component_ref idref="oc-fa"/>
      </symbol>
      <symbol id="sm-416">
         <name>waitUs</name>
         <value>0x1ca5</value>
         <object_component_ref idref="oc-fa"/>
      </symbol>
      <symbol id="sm-417">
         <name>sysTimeWait</name>
         <value>0x1a87</value>
         <object_component_ref idref="oc-fa"/>
      </symbol>
      <symbol id="sm-418">
         <name>schdCallback</name>
         <value>0x1af7</value>
         <object_component_ref idref="oc-fa"/>
      </symbol>
      <symbol id="sm-419">
         <name>waitMs</name>
         <value>0x1c75</value>
         <object_component_ref idref="oc-fa"/>
      </symbol>
      <symbol id="sm-434">
         <name>ledInit</name>
         <value>0x34c7</value>
         <object_component_ref idref="oc-215"/>
      </symbol>
      <symbol id="sm-435">
         <name>ledInitForced</name>
         <value>0x34a5</value>
         <object_component_ref idref="oc-215"/>
      </symbol>
      <symbol id="sm-436">
         <name>ledTurnOnOff</name>
         <value>0x34db</value>
         <object_component_ref idref="oc-215"/>
      </symbol>
      <symbol id="sm-454">
         <name>pbInitForced</name>
         <value>0x3705</value>
         <object_component_ref idref="oc-20f"/>
      </symbol>
      <symbol id="sm-455">
         <name>pbInit</name>
         <value>0x3739</value>
         <object_component_ref idref="oc-20f"/>
      </symbol>
      <symbol id="sm-456">
         <name>pbRead</name>
         <value>0x374d</value>
         <object_component_ref idref="oc-20f"/>
      </symbol>
      <symbol id="sm-46d">
         <name>uartPutString</name>
         <value>0x338b</value>
         <object_component_ref idref="oc-f4"/>
      </symbol>
      <symbol id="sm-46e">
         <name>uprintf</name>
         <value>0x33b7</value>
         <object_component_ref idref="oc-f4"/>
      </symbol>
      <symbol id="sm-46f">
         <name>uartInit</name>
         <value>0x332d</value>
         <object_component_ref idref="oc-f4"/>
      </symbol>
      <symbol id="sm-470">
         <name>uartPutChar</name>
         <value>0x3367</value>
         <object_component_ref idref="oc-f4"/>
      </symbol>
      <symbol id="sm-471">
         <name>uartGetChar</name>
         <value>0x3379</value>
         <object_component_ref idref="oc-f4"/>
      </symbol>
      <symbol id="sm-4bc">
         <name>ADCProcessorTrigger</name>
         <value>0x4229</value>
         <object_component_ref idref="oc-185"/>
      </symbol>
      <symbol id="sm-4bd">
         <name>ADCSequenceEnable</name>
         <value>0x4395</value>
         <object_component_ref idref="oc-24c"/>
      </symbol>
      <symbol id="sm-4be">
         <name>ADCSequenceConfigure</name>
         <value>0x3d05</value>
         <object_component_ref idref="oc-240"/>
      </symbol>
      <symbol id="sm-4bf">
         <name>ADCSequenceStepConfigure</name>
         <value>0x389d</value>
         <object_component_ref idref="oc-246"/>
      </symbol>
      <symbol id="sm-4c0">
         <name>ADCIntClear</name>
         <value>0x43cb</value>
         <object_component_ref idref="oc-197"/>
      </symbol>
      <symbol id="sm-4c1">
         <name>ADCIntStatus</name>
         <value>0x4109</value>
         <object_component_ref idref="oc-18b"/>
      </symbol>
      <symbol id="sm-4c2">
         <name>ADCSequenceDataGet</name>
         <value>0x41d1</value>
         <object_component_ref idref="oc-191"/>
      </symbol>
      <symbol id="sm-51c">
         <name>GPIOPinConfigure</name>
         <value>0x3da1</value>
         <object_component_ref idref="oc-1b4"/>
      </symbol>
      <symbol id="sm-51d">
         <name>GPIOPinTypeGPIOInput</name>
         <value>0x4305</value>
         <object_component_ref idref="oc-311"/>
      </symbol>
      <symbol id="sm-51e">
         <name>GPIOPinTypeUART</name>
         <value>0x4329</value>
         <object_component_ref idref="oc-1ba"/>
      </symbol>
      <symbol id="sm-51f">
         <name>GPIOPinTypeGPIOOutput</name>
         <value>0x4241</value>
         <object_component_ref idref="oc-321"/>
      </symbol>
      <symbol id="sm-520">
         <name>GPIOPinRead</name>
         <value>0x43f1</value>
         <object_component_ref idref="oc-317"/>
      </symbol>
      <symbol id="sm-521">
         <name>GPIODirModeSet</name>
         <value>0x4165</value>
         <object_component_ref idref="oc-2b5"/>
      </symbol>
      <symbol id="sm-522">
         <name>GPIOPinWrite</name>
         <value>0x43f7</value>
         <object_component_ref idref="oc-327"/>
      </symbol>
      <symbol id="sm-523">
         <name>GPIOPadConfigSet</name>
         <value>0x2bcf</value>
         <object_component_ref idref="oc-2bb"/>
      </symbol>
      <symbol id="sm-524">
         <name>GPIOPinTypeTimer</name>
         <value>0x4317</value>
         <object_component_ref idref="oc-221"/>
      </symbol>
      <symbol id="sm-53b">
         <name>IntRegister</name>
         <value>0x4071</value>
         <object_component_ref idref="oc-308"/>
      </symbol>
      <symbol id="sm-53c">
         <name>g_pfnRAMVectors</name>
         <value>0x20000000</value>
         <object_component_ref idref="oc-3e0"/>
      </symbol>
      <symbol id="sm-599">
         <name>SysCtlClockSet</name>
         <value>0x3239</value>
         <object_component_ref idref="oc-1f1"/>
      </symbol>
      <symbol id="sm-59a">
         <name>SysCtlDelay</name>
         <value>0x43fd</value>
         <object_component_ref idref="oc-1f0"/>
      </symbol>
      <symbol id="sm-59b">
         <name>SysCtlPeripheralEnable</name>
         <value>0x40a5</value>
         <object_component_ref idref="oc-1ae"/>
      </symbol>
      <symbol id="sm-59c">
         <name>SysCtlClockGet</name>
         <value>0x2e25</value>
         <object_component_ref idref="oc-1c0"/>
      </symbol>
      <symbol id="sm-59d">
         <name>SysCtlPeripheralReady</name>
         <value>0x3fc9</value>
         <object_component_ref idref="oc-23a"/>
      </symbol>
      <symbol id="sm-5ca">
         <name>SysTickEnable</name>
         <value>0x42a1</value>
         <object_component_ref idref="oc-209"/>
      </symbol>
      <symbol id="sm-5cb">
         <name>SysTickIntRegister</name>
         <value>0x41f1</value>
         <object_component_ref idref="oc-1fd"/>
      </symbol>
      <symbol id="sm-5cc">
         <name>SysTickIntEnable</name>
         <value>0x42b5</value>
         <object_component_ref idref="oc-203"/>
      </symbol>
      <symbol id="sm-5cd">
         <name>SysTickPeriodSet</name>
         <value>0x4385</value>
         <object_component_ref idref="oc-1f7"/>
      </symbol>
      <symbol id="sm-601">
         <name>TimerMatchSet</name>
         <value>0x434d</value>
         <object_component_ref idref="oc-1a7"/>
      </symbol>
      <symbol id="sm-602">
         <name>TimerLoadSet</name>
         <value>0x433b</value>
         <object_component_ref idref="oc-1a1"/>
      </symbol>
      <symbol id="sm-603">
         <name>TimerControlLevel</name>
         <value>0x4259</value>
         <object_component_ref idref="oc-22d"/>
      </symbol>
      <symbol id="sm-604">
         <name>TimerEnable</name>
         <value>0x43a3</value>
         <object_component_ref idref="oc-233"/>
      </symbol>
      <symbol id="sm-605">
         <name>TimerConfigure</name>
         <value>0x3ba9</value>
         <object_component_ref idref="oc-227"/>
      </symbol>
      <symbol id="sm-638">
         <name>UARTConfigSetExpClk</name>
         <value>0x3e79</value>
         <object_component_ref idref="oc-1c6"/>
      </symbol>
      <symbol id="sm-639">
         <name>UARTDisable</name>
         <value>0x4191</value>
         <object_component_ref idref="oc-2c6"/>
      </symbol>
      <symbol id="sm-63a">
         <name>UARTCharPut</name>
         <value>0x43df</value>
         <object_component_ref idref="oc-1cc"/>
      </symbol>
      <symbol id="sm-63b">
         <name>UARTEnable</name>
         <value>0x42c9</value>
         <object_component_ref idref="oc-2cc"/>
      </symbol>
      <symbol id="sm-63c">
         <name>UARTCharGet</name>
         <value>0x43d5</value>
         <object_component_ref idref="oc-1d2"/>
      </symbol>
      <symbol id="sm-64a">
         <name>__aeabi_uldivmod</name>
         <value>0x35dd</value>
         <object_component_ref idref="oc-1eb"/>
      </symbol>
      <symbol id="sm-679">
         <name>vsnprintf</name>
         <value>0x3f49</value>
         <object_component_ref idref="oc-1d8"/>
      </symbol>
      <symbol id="sm-683">
         <name>__aeabi_idiv0</name>
         <value>0xccb</value>
         <object_component_ref idref="oc-2ff"/>
      </symbol>
      <symbol id="sm-684">
         <name>__aeabi_ldiv0</name>
         <value>0xccb</value>
         <object_component_ref idref="oc-2ff"/>
      </symbol>
      <symbol id="sm-7e9">
         <name>__TI_printfi</name>
         <value>0x26d</value>
         <object_component_ref idref="oc-2d6"/>
      </symbol>
      <symbol id="sm-7ff">
         <name>atoi</name>
         <value>0x3d55</value>
         <object_component_ref idref="oc-39d"/>
      </symbol>
      <symbol id="sm-80a">
         <name>_ctypes_</name>
         <value>0x4568</value>
         <object_component_ref idref="oc-408"/>
      </symbol>
      <symbol id="sm-819">
         <name>ltoa</name>
         <value>0x3c5f</value>
         <object_component_ref idref="oc-40e"/>
      </symbol>
      <symbol id="sm-829">
         <name>memccpy</name>
         <value>0x420d</value>
         <object_component_ref idref="oc-3c1"/>
      </symbol>
      <symbol id="sm-839">
         <name>strchr</name>
         <value>0x4289</value>
         <object_component_ref idref="oc-435"/>
      </symbol>
      <symbol id="sm-847">
         <name>strlen</name>
         <value>0x42f1</value>
         <object_component_ref idref="oc-397"/>
      </symbol>
      <symbol id="sm-860">
         <name>wcslen</name>
         <value>0x4371</value>
         <object_component_ref idref="oc-3c7"/>
      </symbol>
      <symbol id="sm-876">
         <name>frexpl</name>
         <value>0x3b45</value>
         <object_component_ref idref="oc-42f"/>
      </symbol>
      <symbol id="sm-877">
         <name>frexp</name>
         <value>0x3b45</value>
         <object_component_ref idref="oc-42f"/>
      </symbol>
      <symbol id="sm-878">
         <name>__TI_static_base__</name>
         <value>0x0</value>
      </symbol>
      <symbol id="sm-87b">
         <name>__mpu_init</name>
         <value>0x0</value>
      </symbol>
      <symbol id="sm-87c">
         <name>_system_post_cinit</name>
         <value>0x0</value>
      </symbol>
   </symbol_table>
   <title>Link successful</title>
</link_info>
