******************************************************************************
                  TI ARM Linker PC v18.12.2                    
******************************************************************************
>> Linked Tue Sep 24 18:52:11 2019

OUTPUT FILE NAME:   <Lab 2.out>
ENTRY POINT SYMBOL: "_c_int00_noargs"  address: 00002c11


MEMORY CONFIGURATION

         name            origin    length      used     unused   attr    fill
----------------------  --------  ---------  --------  --------  ----  --------
  FLASH                 00000000   00040000  000030d0  0003cf30  R  X
  SRAM                  20000000   00008000  00000789  00007877  RW X


SEGMENT ALLOCATION MAP

run origin  load origin   length   init length attrs members
----------  ----------- ---------- ----------- ----- -------
00000000    00000000    000030d8   000030d8    r-x
  00000000    00000000    0000026c   0000026c    r-- .intvecs
  00000270    00000270    00002c24   00002c24    r-x .text
  00002e94    00002e94    00000200   00000200    r-- .const
  00003098    00003098    00000040   00000040    r-- .cinit
20000000    20000000    0000078d   00000000    rw-
  20000000    20000000    0000026c   00000000    rw- .vtable
  20000270    20000270    00000400   00000000    rw- .stack
  20000670    20000670    00000104   00000000    rw- .bss
  20000774    20000774    00000019   00000000    rw- .data


SECTION ALLOCATION MAP

 output                                  attributes/
section   page    origin      length       input sections
--------  ----  ----------  ----------   ----------------
.intvecs   0    00000000    0000026c     
                  00000000    0000026c     tm4c123gh6pm_startup_ccs.obj (.intvecs)

.text      0    00000270    00002c24     
                  00000270    00000a4e     rtsv7M4_T_le_v4SPD16_eabi.lib : _printfi.c.obj (.text:__TI_printfi)
                  00000cbe    00000002                                   : div0.asm.obj (.text)
                  00000cc0    000003d0     Util.lib : launchpad.obj (.text)
                  00001090    00000270     rtsv7M4_T_le_v4SPD16_eabi.lib : _printfi.c.obj (.text:_pconv_a)
                  00001300    00000208     seg7.obj (.text)
                  00001508    000001d0     rtsv7M4_T_le_v4SPD16_eabi.lib : _printfi.c.obj (.text:_pconv_g)
                  000016d8    000001b6                                   : fd_add_t2.asm.obj (.text)
                  0000188e    00000002     --HOLE-- [fill = 0]
                  00001890    0000013c                                   : _printfi.c.obj (.text:_pconv_e)
                  000019cc    00000136                                   : fd_div_t2.asm.obj (.text)
                  00001b02    00000132     driverlib.lib : gpio.obj (.text:GPIOPadConfigSet)
                  00001c34    00000124     rtsv7M4_T_le_v4SPD16_eabi.lib : _printfi.c.obj (.text:fcvt)
                  00001d58    00000110     driverlib.lib : sysctl.obj (.text:SysCtlClockGet)
                  00001e68    00000110     rtsv7M4_T_le_v4SPD16_eabi.lib : s_scalbn.c.obj (.text:scalbn)
                  00001f78    000000fc                                   : fd_mul_t2.asm.obj (.text)
                  00002074    000000f4     driverlib.lib : sysctl.obj (.text:SysCtlClockSet)
                  00002168    000000c4     Util.lib : uart.obj (.text)
                  0000222c    00000004     rtsv7M4_T_le_v4SPD16_eabi.lib : pre_init.c.obj (.text:_system_pre_init)
                  00002230    000000c4     main(1).obj (.text)
                  000022f4    000000b1     rtsv7M4_T_le_v4SPD16_eabi.lib : _printfi.c.obj (.text:_ltostr)
                  000023a5    00000003     --HOLE-- [fill = 0]
                  000023a8    0000009c     Util.lib : led.obj (.text)
                  00002444    0000009c     rtsv7M4_T_le_v4SPD16_eabi.lib : memcpy_t2.asm.obj (.text)
                  000024e0    00000096                                   : ull_div_t2.asm.obj (.text)
                  00002576    00000002     --HOLE-- [fill = 0]
                  00002578    0000008c     Util.lib : pushbutton.obj (.text)
                  00002604    00000086     rtsv7M4_T_le_v4SPD16_eabi.lib : fd_cmp_t2.asm.obj (.text:__aeabi_cdcmple)
                  0000268a    00000086                                   : fd_cmp_t2.asm.obj (.text:__aeabi_cdrcmple)
                  00002710    0000007a                                   : memset_t2.asm.obj (.text)
                  0000278a    0000006e                                   : _printfi.c.obj (.text:_mcpy)
                  000027f8    00000068                                   : copy_decompress_lzss.c.obj (.text:decompress:lzss:__TI_decompress_lzss)
                  00002860    00000064                                   : s_frexp.c.obj (.text:frexp)
                  000028c4    00000056                                   : _printfi.c.obj (.text:_pconv_f)
                  0000291a    00000054                                   : ltoa.c.obj (.text:ltoa)
                  0000296e    00000052                                   : _printfi.c.obj (.text:_ecpy)
                  000029c0    0000004c                                   : atoi.c.obj (.text:atoi)
                  00002a0c    00000048     driverlib.lib : gpio.obj (.text:GPIOPinConfigure)
                  00002a54    00000048     rtsv7M4_T_le_v4SPD16_eabi.lib : fd_toi_t2.asm.obj (.text)
                  00002a9c    00000046     driverlib.lib : uart.obj (.text:UARTConfigSetExpClk)
                  00002ae2    00000002     --HOLE-- [fill = 0]
                  00002ae4    00000044     rtsv7M4_T_le_v4SPD16_eabi.lib : autoinit.c.obj (.text:__TI_auto_init_nobinit_nopinit:__TI_auto_init_nobinit_nopinit)
                  00002b28    00000040                                   : vsnprintf.c.obj (.text:vsnprintf)
                  00002b68    0000003e                                   : _printfi.c.obj (.text:_fcpy)
                  00002ba6    00000002     --HOLE-- [fill = 0]
                  00002ba8    00000034     driverlib.lib : interrupt.obj (.text:IntRegister)
                  00002bdc    00000034                   : sysctl.obj (.text:SysCtlPeripheralEnable)
                  00002c10    00000034     rtsv7M4_T_le_v4SPD16_eabi.lib : boot_cortex_m.c.obj (.text:_c_int00_noargs:_c_int00_noargs)
                  00002c44    00000030                                   : vsnprintf.c.obj (.text:_outs)
                  00002c74    0000002e                                   : i_tofd_t2.asm.obj (.text)
                  00002ca2    0000002a     driverlib.lib : gpio.obj (.text:GPIODirModeSet)
                  00002ccc    00000020                   : uart.obj (.text:UARTDisable)
                  00002cec    0000001c                   : systick.obj (.text:SysTickIntRegister)
                  00002d08    0000001c     rtsv7M4_T_le_v4SPD16_eabi.lib : copy_zero_init.c.obj (.text:decompress:ZI:__TI_zero_init_nomemset:__TI_zero_init_nomemset)
                  00002d24    0000001c                                   : memccpy.c.obj (.text:memccpy)
                  00002d40    0000001a                                   : s_copysign.c.obj (.text:copysign)
                  00002d5a    00000006     driverlib.lib : gpio.obj (.text:GPIOPinRead)
                  00002d60    0000001a     tm4c123gh6pm_startup_ccs.obj (.text)
                  00002d7a    00000018     driverlib.lib : gpio.obj (.text:GPIOPinTypeGPIOOutput)
                  00002d92    00000018     rtsv7M4_T_le_v4SPD16_eabi.lib : vsnprintf.c.obj (.text:_outc)
                  00002daa    00000016                                   : strchr.c.obj (.text:strchr)
                  00002dc0    00000014     driverlib.lib : systick.obj (.text:SysTickEnable)
                  00002dd4    00000014                   : systick.obj (.text:SysTickIntEnable)
                  00002de8    00000014                   : uart.obj (.text:UARTEnable)
                  00002dfc    00000014     rtsv7M4_T_le_v4SPD16_eabi.lib : strlen.c.obj (.text:strlen)
                  00002e10    00000012     driverlib.lib : gpio.obj (.text:GPIOPinTypeGPIOInput)
                  00002e22    00000012                   : gpio.obj (.text:GPIOPinTypeUART)
                  00002e34    00000012     rtsv7M4_T_le_v4SPD16_eabi.lib : wcslen.c.obj (.text:wcslen)
                  00002e46    00000002     --HOLE-- [fill = 0]
                  00002e48    00000010     driverlib.lib : systick.obj (.text:SysTickPeriodSet)
                  00002e58    0000000e     rtsv7M4_T_le_v4SPD16_eabi.lib : copy_decompress_none.c.obj (.text:decompress:none:__TI_decompress_none)
                  00002e66    0000000a     driverlib.lib : uart.obj (.text:UARTCharGet)
                  00002e70    0000000a                   : uart.obj (.text:UARTCharPut)
                  00002e7a    00000002     --HOLE-- [fill = 0]
                  00002e7c    00000008     rtsv7M4_T_le_v4SPD16_eabi.lib : errno.c.obj (.text:__aeabi_errno_addr)
                  00002e84    00000006     driverlib.lib : gpio.obj (.text:GPIOPinWrite)
                  00002e8a    00000006                   : sysctl.obj (.text:SysCtlDelay)
                  00002e90    00000004     rtsv7M4_T_le_v4SPD16_eabi.lib : exit.c.obj (.text:abort:abort)

.const     0    00002e94    00000200     
                  00002e94    00000101     rtsv7M4_T_le_v4SPD16_eabi.lib : ctype.c.obj (.const:.string:_ctypes_)
                  00002f95    00000003     --HOLE-- [fill = 0]
                  00002f98    00000090     driverlib.lib : gpio.obj (.const:g_pui32GPIOBaseAddrs)
                  00003028    0000006c                   : sysctl.obj (.const:g_pui32Xtals)

.cinit     0    00003098    00000040     
                  00003098    0000000c     (.cinit..data.load) [load image, compression = lzss]
                  000030a4    0000000c     (__TI_handler_table)
                  000030b0    00000008     (.cinit..bss.load) [load image, compression = zero_init]
                  000030b8    00000008     (.cinit..vtable.load) [load image, compression = zero_init]
                  000030c0    00000018     (__TI_cinit_table)

.init_array 
*          0    00000000    00000000     UNINITIALIZED

.vtable    0    20000000    0000026c     UNINITIALIZED
                  20000000    0000026c     driverlib.lib : interrupt.obj (.vtable)

.bss       0    20000670    00000104     UNINITIALIZED
                  20000670    00000100     Util.lib : launchpad.obj (.bss:callbackHeap)
                  20000770    00000004              : launchpad.obj (.bss)

.data      0    20000774    00000019     UNINITIALIZED
                  20000774    0000000a     main(1).obj (.data:seg7Coding)
                  2000077e    00000001     Util.lib : led.obj (.data)
                  2000077f    00000001              : pushbutton.obj (.data)
                  20000780    00000008              : launchpad.obj (.data)
                  20000788    00000004     rtsv7M4_T_le_v4SPD16_eabi.lib : errno.c.obj (.data)
                  2000078c    00000001     main(1).obj (.data)

.stack     0    20000270    00000400     UNINITIALIZED
                  20000270    00000004     rtsv7M4_T_le_v4SPD16_eabi.lib : boot_cortex_m.c.obj (.stack)
                  20000274    000003fc     --HOLE--

MODULE SUMMARY

       Module                         code    ro data   rw data
       ------                         ----    -------   -------
    .\
       tm4c123gh6pm_startup_ccs.obj   26      620       0      
       seg7.obj                       520     0         0      
       main(1).obj                    196     0         11     
    +--+------------------------------+-------+---------+---------+
       Total:                         742     620       11     
                                                               
    C:/Users/Nathanael Bhooshi/Documents/GitHub/LabGroupE7/Util/Debug/Util.lib
       launchpad.obj                  976     0         268    
       uart.obj                       196     0         0      
       led.obj                        156     0         1      
       pushbutton.obj                 140     0         1      
    +--+------------------------------+-------+---------+---------+
       Total:                         1468    0         270    
                                                               
    C:/ti/TivaWare_C_Series-2.1.4.178/driverlib/ccs/Debug/driverlib.lib
       sysctl.obj                     574     108       0      
       interrupt.obj                  52      0         620    
       gpio.obj                       492     144       0      
       uart.obj                       142     0         0      
       systick.obj                    84      0         0      
    +--+------------------------------+-------+---------+---------+
       Total:                         1344    252       620    
                                                               
    C:\ti\ccs910\ccs\tools\compiler\ti-cgt-arm_18.12.2.LTS\lib\rtsv7M4_T_le_v4SPD16_eabi.lib
       _printfi.c.obj                 4851    0         0      
       fd_add_t2.asm.obj              438     0         0      
       fd_div_t2.asm.obj              310     0         0      
       s_scalbn.c.obj                 272     0         0      
       fd_cmp_t2.asm.obj              268     0         0      
       ctype.c.obj                    0       257       0      
       fd_mul_t2.asm.obj              252     0         0      
       memcpy_t2.asm.obj              156     0         0      
       ull_div_t2.asm.obj             150     0         0      
       vsnprintf.c.obj                136     0         0      
       memset_t2.asm.obj              122     0         0      
       copy_decompress_lzss.c.obj     104     0         0      
       s_frexp.c.obj                  100     0         0      
       ltoa.c.obj                     84      0         0      
       atoi.c.obj                     76      0         0      
       fd_toi_t2.asm.obj              72      0         0      
       autoinit.c.obj                 68      0         0      
       boot_cortex_m.c.obj            52      0         0      
       i_tofd_t2.asm.obj              46      0         0      
       copy_zero_init.c.obj           28      0         0      
       memccpy.c.obj                  28      0         0      
       s_copysign.c.obj               26      0         0      
       strchr.c.obj                   22      0         0      
       strlen.c.obj                   20      0         0      
       wcslen.c.obj                   18      0         0      
       copy_decompress_none.c.obj     14      0         0      
       errno.c.obj                    8       0         4      
       exit.c.obj                     4       0         0      
       pre_init.c.obj                 4       0         0      
       div0.asm.obj                   2       0         0      
    +--+------------------------------+-------+---------+---------+
       Total:                         7731    257       4      
                                                               
       Stack:                         0       0         1024   
       Linker Generated:              0       64        0      
    +--+------------------------------+-------+---------+---------+
       Grand Total:                   11285   1193      1929   


LINKER GENERATED COPY TABLES

__TI_cinit_table @ 000030c0 records: 3, size/record: 8, table size: 24
	.data: load addr=00003098, load size=0000000c bytes, run addr=20000774, run size=00000019 bytes, compression=lzss
	.bss: load addr=000030b0, load size=00000008 bytes, run addr=20000670, run size=00000104 bytes, compression=zero_init
	.vtable: load addr=000030b8, load size=00000008 bytes, run addr=20000000, run size=0000026c bytes, compression=zero_init


LINKER GENERATED HANDLER TABLE

__TI_handler_table @ 000030a4 records: 3, size/record: 4, table size: 12
	index: 0, handler: __TI_zero_init
	index: 1, handler: __TI_decompress_lzss
	index: 2, handler: __TI_decompress_none


GLOBAL SYMBOLS: SORTED ALPHABETICALLY BY Name 

address   name                          
-------   ----                          
00002e91  C$$EXIT                       
00002ca3  GPIODirModeSet                
00001b03  GPIOPadConfigSet              
00002a0d  GPIOPinConfigure              
00002d5b  GPIOPinRead                   
00002e11  GPIOPinTypeGPIOInput          
00002d7b  GPIOPinTypeGPIOOutput         
00002e23  GPIOPinTypeUART               
00002e85  GPIOPinWrite                  
00002ba9  IntRegister                   
00002d61  ResetISR                      
00001d59  SysCtlClockGet                
00002075  SysCtlClockSet                
00002e8b  SysCtlDelay                   
00002bdd  SysCtlPeripheralEnable        
00002dc1  SysTickEnable                 
00002dd5  SysTickIntEnable              
00002ced  SysTickIntRegister            
00002e49  SysTickPeriodSet              
00002e67  UARTCharGet                   
00002e71  UARTCharPut                   
00002a9d  UARTConfigSetExpClk           
00002ccd  UARTDisable                   
00002de9  UARTEnable                    
20000670  __STACK_END                   
00000400  __STACK_SIZE                  
20000470  __STACK_TOP                   
000030c0  __TI_CINIT_Base               
000030d8  __TI_CINIT_Limit              
000030a4  __TI_Handler_Table_Base       
000030b0  __TI_Handler_Table_Limit      
00002ae5  __TI_auto_init_nobinit_nopinit
000027f9  __TI_decompress_lzss          
00002e59  __TI_decompress_none          
ffffffff  __TI_pprof_out_hndl           
00000271  __TI_printfi                  
ffffffff  __TI_prof_data_size           
ffffffff  __TI_prof_data_start          
00000000  __TI_static_base__            
00002d09  __TI_zero_init_nomemset       
00002605  __aeabi_cdcmpeq               
00002605  __aeabi_cdcmple               
0000268b  __aeabi_cdrcmple              
00002a55  __aeabi_d2iz                  
000016e3  __aeabi_dadd                  
000019cd  __aeabi_ddiv                  
00001f79  __aeabi_dmul                  
000016d9  __aeabi_dsub                  
00002e7d  __aeabi_errno_addr            
00002c75  __aeabi_i2d                   
00000cbf  __aeabi_idiv0                 
00000cbf  __aeabi_ldiv0                 
00002711  __aeabi_memclr                
00002711  __aeabi_memclr4               
00002711  __aeabi_memclr8               
00002445  __aeabi_memcpy                
00002445  __aeabi_memcpy4               
00002445  __aeabi_memcpy8               
00002713  __aeabi_memset                
00002713  __aeabi_memset4               
00002713  __aeabi_memset8               
000024e1  __aeabi_uldivmod              
ffffffff  __binit__                     
ffffffff  __c_args__                    
UNDEFED   __mpu_init                    
20000270  __stack                       
00002c11  _c_int00_noargs               
00002e94  _ctypes_                      
UNDEFED   _system_post_cinit            
0000222d  _system_pre_init              
00002e91  abort                         
000029c1  atoi                          
ffffffff  binit                         
00002231  clockUpdate                   
00002d41  copysign                      
00002d41  copysignl                     
20000788  errno                         
00002861  frexp                         
00002861  frexpl                        
20000000  g_pfnRAMVectors               
00000000  g_pfnVectors                  
00001e69  ldexp                         
00001e69  ldexpl                        
000023cb  ledInit                       
000023a9  ledInitForced                 
000023df  ledTurnOnOff                  
00000fcb  lpInit                        
0000291b  ltoa                          
00002299  main                          
00002d25  memccpy                       
00002445  memcpy                        
00002719  memset                        
000025ad  pbInit                        
00002579  pbInitForced                  
000025c1  pbRead                        
00001e69  scalbn                        
00001e69  scalbnl                       
00000def  schdCallback                  
00000e69  schdExecute                   
00001301  seg7Init                      
00001499  seg7Update                    
00002dab  strchr                        
00002dfd  strlen                        
00000d53  sysTimeGet                    
00000d59  sysTimeReached                
00000d7f  sysTimeWait                   
00000da3  sysTimeWaitAbsolute           
000021b5  uartGetChar                   
00002169  uartInit                      
000021a3  uartPutChar                   
000021c7  uartPutString                 
000021f3  uprintf                       
00002b29  vsnprintf                     
00000f6d  waitMs                        
00000f9d  waitUs                        
00002e35  wcslen                        


GLOBAL SYMBOLS: SORTED BY Symbol Address 

address   name                          
-------   ----                          
00000000  __TI_static_base__            
00000000  g_pfnVectors                  
00000271  __TI_printfi                  
00000400  __STACK_SIZE                  
00000cbf  __aeabi_idiv0                 
00000cbf  __aeabi_ldiv0                 
00000d53  sysTimeGet                    
00000d59  sysTimeReached                
00000d7f  sysTimeWait                   
00000da3  sysTimeWaitAbsolute           
00000def  schdCallback                  
00000e69  schdExecute                   
00000f6d  waitMs                        
00000f9d  waitUs                        
00000fcb  lpInit                        
00001301  seg7Init                      
00001499  seg7Update                    
000016d9  __aeabi_dsub                  
000016e3  __aeabi_dadd                  
000019cd  __aeabi_ddiv                  
00001b03  GPIOPadConfigSet              
00001d59  SysCtlClockGet                
00001e69  ldexp                         
00001e69  ldexpl                        
00001e69  scalbn                        
00001e69  scalbnl                       
00001f79  __aeabi_dmul                  
00002075  SysCtlClockSet                
00002169  uartInit                      
000021a3  uartPutChar                   
000021b5  uartGetChar                   
000021c7  uartPutString                 
000021f3  uprintf                       
0000222d  _system_pre_init              
00002231  clockUpdate                   
00002299  main                          
000023a9  ledInitForced                 
000023cb  ledInit                       
000023df  ledTurnOnOff                  
00002445  __aeabi_memcpy                
00002445  __aeabi_memcpy4               
00002445  __aeabi_memcpy8               
00002445  memcpy                        
000024e1  __aeabi_uldivmod              
00002579  pbInitForced                  
000025ad  pbInit                        
000025c1  pbRead                        
00002605  __aeabi_cdcmpeq               
00002605  __aeabi_cdcmple               
0000268b  __aeabi_cdrcmple              
00002711  __aeabi_memclr                
00002711  __aeabi_memclr4               
00002711  __aeabi_memclr8               
00002713  __aeabi_memset                
00002713  __aeabi_memset4               
00002713  __aeabi_memset8               
00002719  memset                        
000027f9  __TI_decompress_lzss          
00002861  frexp                         
00002861  frexpl                        
0000291b  ltoa                          
000029c1  atoi                          
00002a0d  GPIOPinConfigure              
00002a55  __aeabi_d2iz                  
00002a9d  UARTConfigSetExpClk           
00002ae5  __TI_auto_init_nobinit_nopinit
00002b29  vsnprintf                     
00002ba9  IntRegister                   
00002bdd  SysCtlPeripheralEnable        
00002c11  _c_int00_noargs               
00002c75  __aeabi_i2d                   
00002ca3  GPIODirModeSet                
00002ccd  UARTDisable                   
00002ced  SysTickIntRegister            
00002d09  __TI_zero_init_nomemset       
00002d25  memccpy                       
00002d41  copysign                      
00002d41  copysignl                     
00002d5b  GPIOPinRead                   
00002d61  ResetISR                      
00002d7b  GPIOPinTypeGPIOOutput         
00002dab  strchr                        
00002dc1  SysTickEnable                 
00002dd5  SysTickIntEnable              
00002de9  UARTEnable                    
00002dfd  strlen                        
00002e11  GPIOPinTypeGPIOInput          
00002e23  GPIOPinTypeUART               
00002e35  wcslen                        
00002e49  SysTickPeriodSet              
00002e59  __TI_decompress_none          
00002e67  UARTCharGet                   
00002e71  UARTCharPut                   
00002e7d  __aeabi_errno_addr            
00002e85  GPIOPinWrite                  
00002e8b  SysCtlDelay                   
00002e91  C$$EXIT                       
00002e91  abort                         
00002e94  _ctypes_                      
000030a4  __TI_Handler_Table_Base       
000030b0  __TI_Handler_Table_Limit      
000030c0  __TI_CINIT_Base               
000030d8  __TI_CINIT_Limit              
20000000  g_pfnRAMVectors               
20000270  __stack                       
20000470  __STACK_TOP                   
20000670  __STACK_END                   
20000788  errno                         
ffffffff  __TI_pprof_out_hndl           
ffffffff  __TI_prof_data_size           
ffffffff  __TI_prof_data_start          
ffffffff  __binit__                     
ffffffff  __c_args__                    
ffffffff  binit                         
UNDEFED   __mpu_init                    
UNDEFED   _system_post_cinit            

[116 symbols]
