******************************************************************************
                  TI ARM Linker PC v18.12.2                    
******************************************************************************
>> Linked Tue Sep 24 18:40:00 2019

OUTPUT FILE NAME:   <Lab 2.out>
ENTRY POINT SYMBOL: "_c_int00_noargs"  address: 00002b8d


MEMORY CONFIGURATION

         name            origin    length      used     unused   attr    fill
----------------------  --------  ---------  --------  --------  ----  --------
  FLASH                 00000000   00040000  00003046  0003cfba  R  X
  SRAM                  20000000   00008000  00000789  00007877  RW X


SEGMENT ALLOCATION MAP

run origin  load origin   length   init length attrs members
----------  ----------- ---------- ----------- ----- -------
00000000    00000000    00003048   00003048    r-x
  00000000    00000000    0000026c   0000026c    r-- .intvecs
  0000026c    0000026c    00002b9a   00002b9a    r-x .text
  00002e08    00002e08    00000200   00000200    r-- .const
  00003008    00003008    00000040   00000040    r-- .cinit
20000000    20000000    0000078d   00000000    rw-
  20000000    20000000    0000026c   00000000    rw- .vtable
  20000270    20000270    00000400   00000000    rw- .stack
  20000670    20000670    00000104   00000000    rw- .bss
  20000774    20000774    00000019   00000000    rw- .data


SECTION ALLOCATION MAP

 output                                  attributes/
section   page    origin      length       input sections
--------  ----  ----------  ----------   ----------------
.intvecs   0    00000000    0000026c     
                  00000000    0000026c     tm4c123gh6pm_startup_ccs.obj (.intvecs)

.text      0    0000026c    00002b9a     
                  0000026c    00000a4e     rtsv7M4_T_le_v4SPD16_eabi.lib : _printfi.c.obj (.text:__TI_printfi)
                  00000cba    00000002                                   : div0.asm.obj (.text)
                  00000cbc    000003d0     Util.lib : launchpad.obj (.text)
                  0000108c    00000270     rtsv7M4_T_le_v4SPD16_eabi.lib : _printfi.c.obj (.text:_pconv_a)
                  000012fc    000001d0                                   : _printfi.c.obj (.text:_pconv_g)
                  000014cc    000001bc     seg7.obj (.text)
                  00001688    000001b6     rtsv7M4_T_le_v4SPD16_eabi.lib : fd_add_t2.asm.obj (.text)
                  0000183e    00000002     --HOLE-- [fill = 0]
                  00001840    0000013c                                   : _printfi.c.obj (.text:_pconv_e)
                  0000197c    00000136                                   : fd_div_t2.asm.obj (.text)
                  00001ab2    00000132     driverlib.lib : gpio.obj (.text:GPIOPadConfigSet)
                  00001be4    00000124     rtsv7M4_T_le_v4SPD16_eabi.lib : _printfi.c.obj (.text:fcvt)
                  00001d08    00000110     driverlib.lib : sysctl.obj (.text:SysCtlClockGet)
                  00001e18    00000110     rtsv7M4_T_le_v4SPD16_eabi.lib : s_scalbn.c.obj (.text:scalbn)
                  00001f28    000000fc                                   : fd_mul_t2.asm.obj (.text)
                  00002024    000000f4     driverlib.lib : sysctl.obj (.text:SysCtlClockSet)
                  00002118    000000c4     Util.lib : uart.obj (.text)
                  000021dc    000000b1     rtsv7M4_T_le_v4SPD16_eabi.lib : _printfi.c.obj (.text:_ltostr)
                  0000228d    00000003     --HOLE-- [fill = 0]
                  00002290    0000009c     Util.lib : led.obj (.text)
                  0000232c    0000009c     rtsv7M4_T_le_v4SPD16_eabi.lib : memcpy_t2.asm.obj (.text)
                  000023c8    00000096                                   : ull_div_t2.asm.obj (.text)
                  0000245e    00000002     --HOLE-- [fill = 0]
                  00002460    00000094     main(1).obj (.text)
                  000024f4    0000008c     Util.lib : pushbutton.obj (.text)
                  00002580    00000086     rtsv7M4_T_le_v4SPD16_eabi.lib : fd_cmp_t2.asm.obj (.text:__aeabi_cdcmple)
                  00002606    00000086                                   : fd_cmp_t2.asm.obj (.text:__aeabi_cdrcmple)
                  0000268c    0000007a                                   : memset_t2.asm.obj (.text)
                  00002706    0000006e                                   : _printfi.c.obj (.text:_mcpy)
                  00002774    00000068                                   : copy_decompress_lzss.c.obj (.text:decompress:lzss:__TI_decompress_lzss)
                  000027dc    00000064                                   : s_frexp.c.obj (.text:frexp)
                  00002840    00000056                                   : _printfi.c.obj (.text:_pconv_f)
                  00002896    00000054                                   : ltoa.c.obj (.text:ltoa)
                  000028ea    00000052                                   : _printfi.c.obj (.text:_ecpy)
                  0000293c    0000004c                                   : atoi.c.obj (.text:atoi)
                  00002988    00000048     driverlib.lib : gpio.obj (.text:GPIOPinConfigure)
                  000029d0    00000048     rtsv7M4_T_le_v4SPD16_eabi.lib : fd_toi_t2.asm.obj (.text)
                  00002a18    00000046     driverlib.lib : uart.obj (.text:UARTConfigSetExpClk)
                  00002a5e    00000002     --HOLE-- [fill = 0]
                  00002a60    00000044     rtsv7M4_T_le_v4SPD16_eabi.lib : autoinit.c.obj (.text:__TI_auto_init_nobinit_nopinit:__TI_auto_init_nobinit_nopinit)
                  00002aa4    00000040                                   : vsnprintf.c.obj (.text:vsnprintf)
                  00002ae4    0000003e                                   : _printfi.c.obj (.text:_fcpy)
                  00002b22    00000002     --HOLE-- [fill = 0]
                  00002b24    00000034     driverlib.lib : interrupt.obj (.text:IntRegister)
                  00002b58    00000034                   : sysctl.obj (.text:SysCtlPeripheralEnable)
                  00002b8c    00000034     rtsv7M4_T_le_v4SPD16_eabi.lib : boot_cortex_m.c.obj (.text:_c_int00_noargs:_c_int00_noargs)
                  00002bc0    00000030                                   : vsnprintf.c.obj (.text:_outs)
                  00002bf0    0000002e                                   : i_tofd_t2.asm.obj (.text)
                  00002c1e    0000002a     driverlib.lib : gpio.obj (.text:GPIODirModeSet)
                  00002c48    00000020                   : uart.obj (.text:UARTDisable)
                  00002c68    0000001c                   : systick.obj (.text:SysTickIntRegister)
                  00002c84    0000001c     rtsv7M4_T_le_v4SPD16_eabi.lib : copy_zero_init.c.obj (.text:decompress:ZI:__TI_zero_init_nomemset:__TI_zero_init_nomemset)
                  00002ca0    0000001c                                   : memccpy.c.obj (.text:memccpy)
                  00002cbc    0000001a                                   : s_copysign.c.obj (.text:copysign)
                  00002cd6    00000018     driverlib.lib : gpio.obj (.text:GPIOPinTypeGPIOOutput)
                  00002cee    00000018     rtsv7M4_T_le_v4SPD16_eabi.lib : vsnprintf.c.obj (.text:_outc)
                  00002d06    00000016                                   : strchr.c.obj (.text:strchr)
                  00002d1c    00000014     driverlib.lib : systick.obj (.text:SysTickEnable)
                  00002d30    00000014                   : systick.obj (.text:SysTickIntEnable)
                  00002d44    00000014                   : uart.obj (.text:UARTEnable)
                  00002d58    00000014     rtsv7M4_T_le_v4SPD16_eabi.lib : strlen.c.obj (.text:strlen)
                  00002d6c    00000012     driverlib.lib : gpio.obj (.text:GPIOPinTypeGPIOInput)
                  00002d7e    00000012                   : gpio.obj (.text:GPIOPinTypeUART)
                  00002d90    00000012     rtsv7M4_T_le_v4SPD16_eabi.lib : wcslen.c.obj (.text:wcslen)
                  00002da2    00000002     --HOLE-- [fill = 0]
                  00002da4    00000010     driverlib.lib : systick.obj (.text:SysTickPeriodSet)
                  00002db4    0000000e     rtsv7M4_T_le_v4SPD16_eabi.lib : copy_decompress_none.c.obj (.text:decompress:none:__TI_decompress_none)
                  00002dc2    0000000c     tm4c123gh6pm_startup_ccs.obj (.text)
                  00002dce    0000000a     driverlib.lib : uart.obj (.text:UARTCharGet)
                  00002dd8    0000000a                   : uart.obj (.text:UARTCharPut)
                  00002de2    00000002     --HOLE-- [fill = 0]
                  00002de4    00000008     rtsv7M4_T_le_v4SPD16_eabi.lib : errno.c.obj (.text:__aeabi_errno_addr)
                  00002dec    00000006     driverlib.lib : gpio.obj (.text:GPIOPinRead)
                  00002df2    00000006                   : gpio.obj (.text:GPIOPinWrite)
                  00002df8    00000006                   : sysctl.obj (.text:SysCtlDelay)
                  00002dfe    00000004     rtsv7M4_T_le_v4SPD16_eabi.lib : pre_init.c.obj (.text:_system_pre_init)
                  00002e02    00000004                                   : exit.c.obj (.text:abort:abort)

.const     0    00002e08    00000200     
                  00002e08    00000101     rtsv7M4_T_le_v4SPD16_eabi.lib : ctype.c.obj (.const:.string:_ctypes_)
                  00002f09    00000003     --HOLE-- [fill = 0]
                  00002f0c    00000090     driverlib.lib : gpio.obj (.const:g_pui32GPIOBaseAddrs)
                  00002f9c    0000006c                   : sysctl.obj (.const:g_pui32Xtals)

.cinit     0    00003008    00000040     
                  00003008    0000000c     (.cinit..data.load) [load image, compression = lzss]
                  00003014    0000000c     (__TI_handler_table)
                  00003020    00000008     (.cinit..bss.load) [load image, compression = zero_init]
                  00003028    00000008     (.cinit..vtable.load) [load image, compression = zero_init]
                  00003030    00000018     (__TI_cinit_table)

.init_array 
*          0    00000000    00000000     UNINITIALIZED

.vtable    0    20000000    0000026c     UNINITIALIZED
                  20000000    0000026c     driverlib.lib : interrupt.obj (.vtable)

.bss       0    20000670    00000104     UNINITIALIZED
                  20000670    00000100     Util.lib : launchpad.obj (.bss:callbackHeap)
                  20000770    00000004              : launchpad.obj (.bss)

.data      0    20000774    00000019     UNINITIALIZED
                  20000774    0000000a     main(1).obj (.data:seg7Coding)
                  2000077e    00000001     Util.lib : led.obj (.data)
                  2000077f    00000001              : pushbutton.obj (.data)
                  20000780    00000008              : launchpad.obj (.data)
                  20000788    00000004     rtsv7M4_T_le_v4SPD16_eabi.lib : errno.c.obj (.data)
                  2000078c    00000001     main(1).obj (.data)

.stack     0    20000270    00000400     UNINITIALIZED
                  20000270    00000004     rtsv7M4_T_le_v4SPD16_eabi.lib : boot_cortex_m.c.obj (.stack)
                  20000274    000003fc     --HOLE--

MODULE SUMMARY

       Module                         code    ro data   rw data
       ------                         ----    -------   -------
    .\
       tm4c123gh6pm_startup_ccs.obj   12      620       0      
       seg7.obj                       444     0         0      
       main(1).obj                    148     0         11     
    +--+------------------------------+-------+---------+---------+
       Total:                         604     620       11     
                                                               
    C:/Users/Nathanael Bhooshi/Documents/GitHub/LabGroupE7/Util/Debug/Util.lib
       launchpad.obj                  976     0         268    
       uart.obj                       196     0         0      
       led.obj                        156     0         1      
       pushbutton.obj                 140     0         1      
    +--+------------------------------+-------+---------+---------+
       Total:                         1468    0         270    
                                                               
    C:/ti/TivaWare_C_Series-2.1.4.178/driverlib/ccs/Debug/driverlib.lib
       sysctl.obj                     574     108       0      
       interrupt.obj                  52      0         620    
       gpio.obj                       492     144       0      
       uart.obj                       142     0         0      
       systick.obj                    84      0         0      
    +--+------------------------------+-------+---------+---------+
       Total:                         1344    252       620    
                                                               
    C:\ti\ccs910\ccs\tools\compiler\ti-cgt-arm_18.12.2.LTS\lib\rtsv7M4_T_le_v4SPD16_eabi.lib
       _printfi.c.obj                 4851    0         0      
       fd_add_t2.asm.obj              438     0         0      
       fd_div_t2.asm.obj              310     0         0      
       s_scalbn.c.obj                 272     0         0      
       fd_cmp_t2.asm.obj              268     0         0      
       ctype.c.obj                    0       257       0      
       fd_mul_t2.asm.obj              252     0         0      
       memcpy_t2.asm.obj              156     0         0      
       ull_div_t2.asm.obj             150     0         0      
       vsnprintf.c.obj                136     0         0      
       memset_t2.asm.obj              122     0         0      
       copy_decompress_lzss.c.obj     104     0         0      
       s_frexp.c.obj                  100     0         0      
       ltoa.c.obj                     84      0         0      
       atoi.c.obj                     76      0         0      
       fd_toi_t2.asm.obj              72      0         0      
       autoinit.c.obj                 68      0         0      
       boot_cortex_m.c.obj            52      0         0      
       i_tofd_t2.asm.obj              46      0         0      
       copy_zero_init.c.obj           28      0         0      
       memccpy.c.obj                  28      0         0      
       s_copysign.c.obj               26      0         0      
       strchr.c.obj                   22      0         0      
       strlen.c.obj                   20      0         0      
       wcslen.c.obj                   18      0         0      
       copy_decompress_none.c.obj     14      0         0      
       errno.c.obj                    8       0         4      
       exit.c.obj                     4       0         0      
       pre_init.c.obj                 4       0         0      
       div0.asm.obj                   2       0         0      
    +--+------------------------------+-------+---------+---------+
       Total:                         7731    257       4      
                                                               
       Stack:                         0       0         1024   
       Linker Generated:              0       64        0      
    +--+------------------------------+-------+---------+---------+
       Grand Total:                   11147   1193      1929   


LINKER GENERATED COPY TABLES

__TI_cinit_table @ 00003030 records: 3, size/record: 8, table size: 24
	.data: load addr=00003008, load size=0000000c bytes, run addr=20000774, run size=00000019 bytes, compression=lzss
	.bss: load addr=00003020, load size=00000008 bytes, run addr=20000670, run size=00000104 bytes, compression=zero_init
	.vtable: load addr=00003028, load size=00000008 bytes, run addr=20000000, run size=0000026c bytes, compression=zero_init


LINKER GENERATED HANDLER TABLE

__TI_handler_table @ 00003014 records: 3, size/record: 4, table size: 12
	index: 0, handler: __TI_zero_init
	index: 1, handler: __TI_decompress_lzss
	index: 2, handler: __TI_decompress_none


GLOBAL SYMBOLS: SORTED ALPHABETICALLY BY Name 

address   name                          
-------   ----                          
00002e03  C$$EXIT                       
00002c1f  GPIODirModeSet                
00001ab3  GPIOPadConfigSet              
00002989  GPIOPinConfigure              
00002ded  GPIOPinRead                   
00002d6d  GPIOPinTypeGPIOInput          
00002cd7  GPIOPinTypeGPIOOutput         
00002d7f  GPIOPinTypeUART               
00002df3  GPIOPinWrite                  
00002b25  IntRegister                   
00002dc3  ResetISR                      
00001d09  SysCtlClockGet                
00002025  SysCtlClockSet                
00002df9  SysCtlDelay                   
00002b59  SysCtlPeripheralEnable        
00002d1d  SysTickEnable                 
00002d31  SysTickIntEnable              
00002c69  SysTickIntRegister            
00002da5  SysTickPeriodSet              
00002dcf  UARTCharGet                   
00002dd9  UARTCharPut                   
00002a19  UARTConfigSetExpClk           
00002c49  UARTDisable                   
00002d45  UARTEnable                    
20000670  __STACK_END                   
00000400  __STACK_SIZE                  
20000470  __STACK_TOP                   
00003030  __TI_CINIT_Base               
00003048  __TI_CINIT_Limit              
00003014  __TI_Handler_Table_Base       
00003020  __TI_Handler_Table_Limit      
00002a61  __TI_auto_init_nobinit_nopinit
00002775  __TI_decompress_lzss          
00002db5  __TI_decompress_none          
ffffffff  __TI_pprof_out_hndl           
0000026d  __TI_printfi                  
ffffffff  __TI_prof_data_size           
ffffffff  __TI_prof_data_start          
00000000  __TI_static_base__            
00002c85  __TI_zero_init_nomemset       
00002581  __aeabi_cdcmpeq               
00002581  __aeabi_cdcmple               
00002607  __aeabi_cdrcmple              
000029d1  __aeabi_d2iz                  
00001693  __aeabi_dadd                  
0000197d  __aeabi_ddiv                  
00001f29  __aeabi_dmul                  
00001689  __aeabi_dsub                  
00002de5  __aeabi_errno_addr            
00002bf1  __aeabi_i2d                   
00000cbb  __aeabi_idiv0                 
00000cbb  __aeabi_ldiv0                 
0000268d  __aeabi_memclr                
0000268d  __aeabi_memclr4               
0000268d  __aeabi_memclr8               
0000232d  __aeabi_memcpy                
0000232d  __aeabi_memcpy4               
0000232d  __aeabi_memcpy8               
0000268f  __aeabi_memset                
0000268f  __aeabi_memset4               
0000268f  __aeabi_memset8               
000023c9  __aeabi_uldivmod              
ffffffff  __binit__                     
ffffffff  __c_args__                    
UNDEFED   __mpu_init                    
20000270  __stack                       
00002b8d  _c_int00_noargs               
00002e08  _ctypes_                      
UNDEFED   _system_post_cinit            
00002dff  _system_pre_init              
00002e03  abort                         
0000293d  atoi                          
ffffffff  binit                         
00002483  clockUpdate                   
00002cbd  copysign                      
00002cbd  copysignl                     
20000788  errno                         
000027dd  frexp                         
000027dd  frexpl                        
20000000  g_pfnRAMVectors               
00000000  g_pfnVectors                  
00001e19  ldexp                         
00001e19  ldexpl                        
000022b3  ledInit                       
00002291  ledInitForced                 
000022c7  ledTurnOnOff                  
00000fc7  lpInit                        
00002897  ltoa                          
00002461  main                          
00002ca1  memccpy                       
0000232d  memcpy                        
00002695  memset                        
00002529  pbInit                        
000024f5  pbInitForced                  
0000253d  pbRead                        
00001e19  scalbn                        
00001e19  scalbnl                       
00000deb  schdCallback                  
00000e65  schdExecute                   
00001655  seg7Init                      
000015f1  seg7Update                    
00002d07  strchr                        
00002d59  strlen                        
00000d4f  sysTimeGet                    
00000d55  sysTimeReached                
00000d7b  sysTimeWait                   
00000d9f  sysTimeWaitAbsolute           
00002165  uartGetChar                   
00002119  uartInit                      
00002153  uartPutChar                   
00002177  uartPutString                 
000021a3  uprintf                       
00002aa5  vsnprintf                     
00000f69  waitMs                        
00000f99  waitUs                        
00002d91  wcslen                        


GLOBAL SYMBOLS: SORTED BY Symbol Address 

address   name                          
-------   ----                          
00000000  __TI_static_base__            
00000000  g_pfnVectors                  
0000026d  __TI_printfi                  
00000400  __STACK_SIZE                  
00000cbb  __aeabi_idiv0                 
00000cbb  __aeabi_ldiv0                 
00000d4f  sysTimeGet                    
00000d55  sysTimeReached                
00000d7b  sysTimeWait                   
00000d9f  sysTimeWaitAbsolute           
00000deb  schdCallback                  
00000e65  schdExecute                   
00000f69  waitMs                        
00000f99  waitUs                        
00000fc7  lpInit                        
000015f1  seg7Update                    
00001655  seg7Init                      
00001689  __aeabi_dsub                  
00001693  __aeabi_dadd                  
0000197d  __aeabi_ddiv                  
00001ab3  GPIOPadConfigSet              
00001d09  SysCtlClockGet                
00001e19  ldexp                         
00001e19  ldexpl                        
00001e19  scalbn                        
00001e19  scalbnl                       
00001f29  __aeabi_dmul                  
00002025  SysCtlClockSet                
00002119  uartInit                      
00002153  uartPutChar                   
00002165  uartGetChar                   
00002177  uartPutString                 
000021a3  uprintf                       
00002291  ledInitForced                 
000022b3  ledInit                       
000022c7  ledTurnOnOff                  
0000232d  __aeabi_memcpy                
0000232d  __aeabi_memcpy4               
0000232d  __aeabi_memcpy8               
0000232d  memcpy                        
000023c9  __aeabi_uldivmod              
00002461  main                          
00002483  clockUpdate                   
000024f5  pbInitForced                  
00002529  pbInit                        
0000253d  pbRead                        
00002581  __aeabi_cdcmpeq               
00002581  __aeabi_cdcmple               
00002607  __aeabi_cdrcmple              
0000268d  __aeabi_memclr                
0000268d  __aeabi_memclr4               
0000268d  __aeabi_memclr8               
0000268f  __aeabi_memset                
0000268f  __aeabi_memset4               
0000268f  __aeabi_memset8               
00002695  memset                        
00002775  __TI_decompress_lzss          
000027dd  frexp                         
000027dd  frexpl                        
00002897  ltoa                          
0000293d  atoi                          
00002989  GPIOPinConfigure              
000029d1  __aeabi_d2iz                  
00002a19  UARTConfigSetExpClk           
00002a61  __TI_auto_init_nobinit_nopinit
00002aa5  vsnprintf                     
00002b25  IntRegister                   
00002b59  SysCtlPeripheralEnable        
00002b8d  _c_int00_noargs               
00002bf1  __aeabi_i2d                   
00002c1f  GPIODirModeSet                
00002c49  UARTDisable                   
00002c69  SysTickIntRegister            
00002c85  __TI_zero_init_nomemset       
00002ca1  memccpy                       
00002cbd  copysign                      
00002cbd  copysignl                     
00002cd7  GPIOPinTypeGPIOOutput         
00002d07  strchr                        
00002d1d  SysTickEnable                 
00002d31  SysTickIntEnable              
00002d45  UARTEnable                    
00002d59  strlen                        
00002d6d  GPIOPinTypeGPIOInput          
00002d7f  GPIOPinTypeUART               
00002d91  wcslen                        
00002da5  SysTickPeriodSet              
00002db5  __TI_decompress_none          
00002dc3  ResetISR                      
00002dcf  UARTCharGet                   
00002dd9  UARTCharPut                   
00002de5  __aeabi_errno_addr            
00002ded  GPIOPinRead                   
00002df3  GPIOPinWrite                  
00002df9  SysCtlDelay                   
00002dff  _system_pre_init              
00002e03  C$$EXIT                       
00002e03  abort                         
00002e08  _ctypes_                      
00003014  __TI_Handler_Table_Base       
00003020  __TI_Handler_Table_Limit      
00003030  __TI_CINIT_Base               
00003048  __TI_CINIT_Limit              
20000000  g_pfnRAMVectors               
20000270  __stack                       
20000470  __STACK_TOP                   
20000670  __STACK_END                   
20000788  errno                         
ffffffff  __TI_pprof_out_hndl           
ffffffff  __TI_prof_data_size           
ffffffff  __TI_prof_data_start          
ffffffff  __binit__                     
ffffffff  __c_args__                    
ffffffff  binit                         
UNDEFED   __mpu_init                    
UNDEFED   _system_post_cinit            

[116 symbols]
