******************************************************************************
                  TI ARM Linker PC v18.12.2                    
******************************************************************************
>> Linked Tue Sep 24 18:52:14 2019

OUTPUT FILE NAME:   <Lab 2.out>
ENTRY POINT SYMBOL: "_c_int00_noargs"  address: 00002c65


MEMORY CONFIGURATION

         name            origin    length      used     unused   attr    fill
----------------------  --------  ---------  --------  --------  ----  --------
  FLASH                 00000000   00040000  00003126  0003ceda  R  X
  SRAM                  20000000   00008000  00000789  00007877  RW X


SEGMENT ALLOCATION MAP

run origin  load origin   length   init length attrs members
----------  ----------- ---------- ----------- ----- -------
00000000    00000000    00003130   00003130    r-x
  00000000    00000000    0000026c   0000026c    r-- .intvecs
  00000270    00000270    00002c7a   00002c7a    r-x .text
  00002eec    00002eec    00000200   00000200    r-- .const
  000030f0    000030f0    00000040   00000040    r-- .cinit
20000000    20000000    0000078d   00000000    rw-
  20000000    20000000    0000026c   00000000    rw- .vtable
  20000270    20000270    00000400   00000000    rw- .stack
  20000670    20000670    00000104   00000000    rw- .bss
  20000774    20000774    00000019   00000000    rw- .data


SECTION ALLOCATION MAP

 output                                  attributes/
section   page    origin      length       input sections
--------  ----  ----------  ----------   ----------------
.intvecs   0    00000000    0000026c     
                  00000000    0000026c     tm4c123gh6pm_startup_ccs.obj (.intvecs)

.text      0    00000270    00002c7a     
                  00000270    00000a4e     rtsv7M4_T_le_v4SPD16_eabi.lib : _printfi.c.obj (.text:__TI_printfi)
                  00000cbe    00000002                                   : div0.asm.obj (.text)
                  00000cc0    000003d0     Util.lib : launchpad.obj (.text)
                  00001090    00000270     rtsv7M4_T_le_v4SPD16_eabi.lib : _printfi.c.obj (.text:_pconv_a)
                  00001300    0000021c     seg7.obj (.text)
                  0000151c    000001d0     rtsv7M4_T_le_v4SPD16_eabi.lib : _printfi.c.obj (.text:_pconv_g)
                  000016ec    000001b6                                   : fd_add_t2.asm.obj (.text)
                  000018a2    00000002     --HOLE-- [fill = 0]
                  000018a4    0000013c                                   : _printfi.c.obj (.text:_pconv_e)
                  000019e0    00000136                                   : fd_div_t2.asm.obj (.text)
                  00001b16    00000132     driverlib.lib : gpio.obj (.text:GPIOPadConfigSet)
                  00001c48    00000124     rtsv7M4_T_le_v4SPD16_eabi.lib : _printfi.c.obj (.text:fcvt)
                  00001d6c    00000110     driverlib.lib : sysctl.obj (.text:SysCtlClockGet)
                  00001e7c    00000110     rtsv7M4_T_le_v4SPD16_eabi.lib : s_scalbn.c.obj (.text:scalbn)
                  00001f8c    00000004                                   : pre_init.c.obj (.text:_system_pre_init)
                  00001f90    00000102     main(1).obj (.text)
                  00002092    000000fc     rtsv7M4_T_le_v4SPD16_eabi.lib : fd_mul_t2.asm.obj (.text)
                  0000218e    00000002     --HOLE-- [fill = 0]
                  00002190    000000f4     driverlib.lib : sysctl.obj (.text:SysCtlClockSet)
                  00002284    000000c4     Util.lib : uart.obj (.text)
                  00002348    000000b1     rtsv7M4_T_le_v4SPD16_eabi.lib : _printfi.c.obj (.text:_ltostr)
                  000023f9    00000003     --HOLE-- [fill = 0]
                  000023fc    0000009c     Util.lib : led.obj (.text)
                  00002498    0000009c     rtsv7M4_T_le_v4SPD16_eabi.lib : memcpy_t2.asm.obj (.text)
                  00002534    00000096                                   : ull_div_t2.asm.obj (.text)
                  000025ca    00000002     --HOLE-- [fill = 0]
                  000025cc    0000008c     Util.lib : pushbutton.obj (.text)
                  00002658    00000086     rtsv7M4_T_le_v4SPD16_eabi.lib : fd_cmp_t2.asm.obj (.text:__aeabi_cdcmple)
                  000026de    00000086                                   : fd_cmp_t2.asm.obj (.text:__aeabi_cdrcmple)
                  00002764    0000007a                                   : memset_t2.asm.obj (.text)
                  000027de    0000006e                                   : _printfi.c.obj (.text:_mcpy)
                  0000284c    00000068                                   : copy_decompress_lzss.c.obj (.text:decompress:lzss:__TI_decompress_lzss)
                  000028b4    00000064                                   : s_frexp.c.obj (.text:frexp)
                  00002918    00000056                                   : _printfi.c.obj (.text:_pconv_f)
                  0000296e    00000054                                   : ltoa.c.obj (.text:ltoa)
                  000029c2    00000052                                   : _printfi.c.obj (.text:_ecpy)
                  00002a14    0000004c                                   : atoi.c.obj (.text:atoi)
                  00002a60    00000048     driverlib.lib : gpio.obj (.text:GPIOPinConfigure)
                  00002aa8    00000048     rtsv7M4_T_le_v4SPD16_eabi.lib : fd_toi_t2.asm.obj (.text)
                  00002af0    00000046     driverlib.lib : uart.obj (.text:UARTConfigSetExpClk)
                  00002b36    00000002     --HOLE-- [fill = 0]
                  00002b38    00000044     rtsv7M4_T_le_v4SPD16_eabi.lib : autoinit.c.obj (.text:__TI_auto_init_nobinit_nopinit:__TI_auto_init_nobinit_nopinit)
                  00002b7c    00000040                                   : vsnprintf.c.obj (.text:vsnprintf)
                  00002bbc    0000003e                                   : _printfi.c.obj (.text:_fcpy)
                  00002bfa    00000002     --HOLE-- [fill = 0]
                  00002bfc    00000034     driverlib.lib : interrupt.obj (.text:IntRegister)
                  00002c30    00000034                   : sysctl.obj (.text:SysCtlPeripheralEnable)
                  00002c64    00000034     rtsv7M4_T_le_v4SPD16_eabi.lib : boot_cortex_m.c.obj (.text:_c_int00_noargs:_c_int00_noargs)
                  00002c98    00000030                                   : vsnprintf.c.obj (.text:_outs)
                  00002cc8    0000002e                                   : i_tofd_t2.asm.obj (.text)
                  00002cf6    0000002a     driverlib.lib : gpio.obj (.text:GPIODirModeSet)
                  00002d20    00000020                   : uart.obj (.text:UARTDisable)
                  00002d40    0000001c                   : systick.obj (.text:SysTickIntRegister)
                  00002d5c    0000001c     rtsv7M4_T_le_v4SPD16_eabi.lib : copy_zero_init.c.obj (.text:decompress:ZI:__TI_zero_init_nomemset:__TI_zero_init_nomemset)
                  00002d78    0000001c                                   : memccpy.c.obj (.text:memccpy)
                  00002d94    0000001a                                   : s_copysign.c.obj (.text:copysign)
                  00002dae    00000002     --HOLE-- [fill = 0]
                  00002db0    0000001a     tm4c123gh6pm_startup_ccs.obj (.text)
                  00002dca    00000018     driverlib.lib : gpio.obj (.text:GPIOPinTypeGPIOOutput)
                  00002de2    00000018     rtsv7M4_T_le_v4SPD16_eabi.lib : vsnprintf.c.obj (.text:_outc)
                  00002dfa    00000016                                   : strchr.c.obj (.text:strchr)
                  00002e10    00000014     driverlib.lib : systick.obj (.text:SysTickEnable)
                  00002e24    00000014                   : systick.obj (.text:SysTickIntEnable)
                  00002e38    00000014                   : uart.obj (.text:UARTEnable)
                  00002e4c    00000014     rtsv7M4_T_le_v4SPD16_eabi.lib : strlen.c.obj (.text:strlen)
                  00002e60    00000012     driverlib.lib : gpio.obj (.text:GPIOPinTypeGPIOInput)
                  00002e72    00000012                   : gpio.obj (.text:GPIOPinTypeUART)
                  00002e84    00000012     rtsv7M4_T_le_v4SPD16_eabi.lib : wcslen.c.obj (.text:wcslen)
                  00002e96    00000002     --HOLE-- [fill = 0]
                  00002e98    00000010     driverlib.lib : systick.obj (.text:SysTickPeriodSet)
                  00002ea8    0000000e     rtsv7M4_T_le_v4SPD16_eabi.lib : copy_decompress_none.c.obj (.text:decompress:none:__TI_decompress_none)
                  00002eb6    0000000a     driverlib.lib : uart.obj (.text:UARTCharGet)
                  00002ec0    0000000a                   : uart.obj (.text:UARTCharPut)
                  00002eca    00000002     --HOLE-- [fill = 0]
                  00002ecc    00000008     rtsv7M4_T_le_v4SPD16_eabi.lib : errno.c.obj (.text:__aeabi_errno_addr)
                  00002ed4    00000006     driverlib.lib : gpio.obj (.text:GPIOPinRead)
                  00002eda    00000006                   : gpio.obj (.text:GPIOPinWrite)
                  00002ee0    00000006                   : sysctl.obj (.text:SysCtlDelay)
                  00002ee6    00000004     rtsv7M4_T_le_v4SPD16_eabi.lib : exit.c.obj (.text:abort:abort)

.const     0    00002eec    00000200     
                  00002eec    00000101     rtsv7M4_T_le_v4SPD16_eabi.lib : ctype.c.obj (.const:.string:_ctypes_)
                  00002fed    00000003     --HOLE-- [fill = 0]
                  00002ff0    00000090     driverlib.lib : gpio.obj (.const:g_pui32GPIOBaseAddrs)
                  00003080    0000006c                   : sysctl.obj (.const:g_pui32Xtals)

.cinit     0    000030f0    00000040     
                  000030f0    0000000c     (.cinit..data.load) [load image, compression = lzss]
                  000030fc    0000000c     (__TI_handler_table)
                  00003108    00000008     (.cinit..bss.load) [load image, compression = zero_init]
                  00003110    00000008     (.cinit..vtable.load) [load image, compression = zero_init]
                  00003118    00000018     (__TI_cinit_table)

.init_array 
*          0    00000000    00000000     UNINITIALIZED

.vtable    0    20000000    0000026c     UNINITIALIZED
                  20000000    0000026c     driverlib.lib : interrupt.obj (.vtable)

.bss       0    20000670    00000104     UNINITIALIZED
                  20000670    00000100     Util.lib : launchpad.obj (.bss:callbackHeap)
                  20000770    00000004              : launchpad.obj (.bss)

.data      0    20000774    00000019     UNINITIALIZED
                  20000774    0000000a     main(1).obj (.data:seg7Coding)
                  2000077e    00000001     Util.lib : led.obj (.data)
                  2000077f    00000001              : pushbutton.obj (.data)
                  20000780    00000008              : launchpad.obj (.data)
                  20000788    00000004     rtsv7M4_T_le_v4SPD16_eabi.lib : errno.c.obj (.data)
                  2000078c    00000001     main(1).obj (.data)

.stack     0    20000270    00000400     UNINITIALIZED
                  20000270    00000004     rtsv7M4_T_le_v4SPD16_eabi.lib : boot_cortex_m.c.obj (.stack)
                  20000274    000003fc     --HOLE--

MODULE SUMMARY

       Module                         code    ro data   rw data
       ------                         ----    -------   -------
    .\
       tm4c123gh6pm_startup_ccs.obj   26      620       0      
       seg7.obj                       540     0         0      
       main(1).obj                    258     0         11     
    +--+------------------------------+-------+---------+---------+
       Total:                         824     620       11     
                                                               
    C:/Users/Nathanael Bhooshi/Documents/GitHub/LabGroupE7/Util/Debug/Util.lib
       launchpad.obj                  976     0         268    
       uart.obj                       196     0         0      
       led.obj                        156     0         1      
       pushbutton.obj                 140     0         1      
    +--+------------------------------+-------+---------+---------+
       Total:                         1468    0         270    
                                                               
    C:/ti/TivaWare_C_Series-2.1.4.178/driverlib/ccs/Debug/driverlib.lib
       sysctl.obj                     574     108       0      
       interrupt.obj                  52      0         620    
       gpio.obj                       492     144       0      
       uart.obj                       142     0         0      
       systick.obj                    84      0         0      
    +--+------------------------------+-------+---------+---------+
       Total:                         1344    252       620    
                                                               
    C:\ti\ccs910\ccs\tools\compiler\ti-cgt-arm_18.12.2.LTS\lib\rtsv7M4_T_le_v4SPD16_eabi.lib
       _printfi.c.obj                 4851    0         0      
       fd_add_t2.asm.obj              438     0         0      
       fd_div_t2.asm.obj              310     0         0      
       s_scalbn.c.obj                 272     0         0      
       fd_cmp_t2.asm.obj              268     0         0      
       ctype.c.obj                    0       257       0      
       fd_mul_t2.asm.obj              252     0         0      
       memcpy_t2.asm.obj              156     0         0      
       ull_div_t2.asm.obj             150     0         0      
       vsnprintf.c.obj                136     0         0      
       memset_t2.asm.obj              122     0         0      
       copy_decompress_lzss.c.obj     104     0         0      
       s_frexp.c.obj                  100     0         0      
       ltoa.c.obj                     84      0         0      
       atoi.c.obj                     76      0         0      
       fd_toi_t2.asm.obj              72      0         0      
       autoinit.c.obj                 68      0         0      
       boot_cortex_m.c.obj            52      0         0      
       i_tofd_t2.asm.obj              46      0         0      
       copy_zero_init.c.obj           28      0         0      
       memccpy.c.obj                  28      0         0      
       s_copysign.c.obj               26      0         0      
       strchr.c.obj                   22      0         0      
       strlen.c.obj                   20      0         0      
       wcslen.c.obj                   18      0         0      
       copy_decompress_none.c.obj     14      0         0      
       errno.c.obj                    8       0         4      
       exit.c.obj                     4       0         0      
       pre_init.c.obj                 4       0         0      
       div0.asm.obj                   2       0         0      
    +--+------------------------------+-------+---------+---------+
       Total:                         7731    257       4      
                                                               
       Stack:                         0       0         1024   
       Linker Generated:              0       64        0      
    +--+------------------------------+-------+---------+---------+
       Grand Total:                   11367   1193      1929   


LINKER GENERATED COPY TABLES

__TI_cinit_table @ 00003118 records: 3, size/record: 8, table size: 24
	.data: load addr=000030f0, load size=0000000c bytes, run addr=20000774, run size=00000019 bytes, compression=lzss
	.bss: load addr=00003108, load size=00000008 bytes, run addr=20000670, run size=00000104 bytes, compression=zero_init
	.vtable: load addr=00003110, load size=00000008 bytes, run addr=20000000, run size=0000026c bytes, compression=zero_init


LINKER GENERATED HANDLER TABLE

__TI_handler_table @ 000030fc records: 3, size/record: 4, table size: 12
	index: 0, handler: __TI_zero_init
	index: 1, handler: __TI_decompress_lzss
	index: 2, handler: __TI_decompress_none


GLOBAL SYMBOLS: SORTED ALPHABETICALLY BY Name 

address   name                          
-------   ----                          
00002ee7  C$$EXIT                       
00002cf7  GPIODirModeSet                
00001b17  GPIOPadConfigSet              
00002a61  GPIOPinConfigure              
00002ed5  GPIOPinRead                   
00002e61  GPIOPinTypeGPIOInput          
00002dcb  GPIOPinTypeGPIOOutput         
00002e73  GPIOPinTypeUART               
00002edb  GPIOPinWrite                  
00002bfd  IntRegister                   
00002db1  ResetISR                      
00001d6d  SysCtlClockGet                
00002191  SysCtlClockSet                
00002ee1  SysCtlDelay                   
00002c31  SysCtlPeripheralEnable        
00002e11  SysTickEnable                 
00002e25  SysTickIntEnable              
00002d41  SysTickIntRegister            
00002e99  SysTickPeriodSet              
00002eb7  UARTCharGet                   
00002ec1  UARTCharPut                   
00002af1  UARTConfigSetExpClk           
00002d21  UARTDisable                   
00002e39  UARTEnable                    
20000670  __STACK_END                   
00000400  __STACK_SIZE                  
20000470  __STACK_TOP                   
00003118  __TI_CINIT_Base               
00003130  __TI_CINIT_Limit              
000030fc  __TI_Handler_Table_Base       
00003108  __TI_Handler_Table_Limit      
00002b39  __TI_auto_init_nobinit_nopinit
0000284d  __TI_decompress_lzss          
00002ea9  __TI_decompress_none          
ffffffff  __TI_pprof_out_hndl           
00000271  __TI_printfi                  
ffffffff  __TI_prof_data_size           
ffffffff  __TI_prof_data_start          
00000000  __TI_static_base__            
00002d5d  __TI_zero_init_nomemset       
00002659  __aeabi_cdcmpeq               
00002659  __aeabi_cdcmple               
000026df  __aeabi_cdrcmple              
00002aa9  __aeabi_d2iz                  
000016f7  __aeabi_dadd                  
000019e1  __aeabi_ddiv                  
00002093  __aeabi_dmul                  
000016ed  __aeabi_dsub                  
00002ecd  __aeabi_errno_addr            
00002cc9  __aeabi_i2d                   
00000cbf  __aeabi_idiv0                 
00000cbf  __aeabi_ldiv0                 
00002765  __aeabi_memclr                
00002765  __aeabi_memclr4               
00002765  __aeabi_memclr8               
00002499  __aeabi_memcpy                
00002499  __aeabi_memcpy4               
00002499  __aeabi_memcpy8               
00002767  __aeabi_memset                
00002767  __aeabi_memset4               
00002767  __aeabi_memset8               
00002535  __aeabi_uldivmod              
ffffffff  __binit__                     
ffffffff  __c_args__                    
UNDEFED   __mpu_init                    
20000270  __stack                       
00002c65  _c_int00_noargs               
00002eec  _ctypes_                      
UNDEFED   _system_post_cinit            
00001f8d  _system_pre_init              
00002ee7  abort                         
00002a15  atoi                          
ffffffff  binit                         
00001f91  clockUpdate                   
00002d95  copysign                      
00002d95  copysignl                     
20000788  errno                         
000028b5  frexp                         
000028b5  frexpl                        
20000000  g_pfnRAMVectors               
00000000  g_pfnVectors                  
00001e7d  ldexp                         
00001e7d  ldexpl                        
0000241f  ledInit                       
000023fd  ledInitForced                 
00002433  ledTurnOnOff                  
00000fcb  lpInit                        
0000296f  ltoa                          
00002049  main                          
00002d79  memccpy                       
00002499  memcpy                        
0000276d  memset                        
00002601  pbInit                        
000025cd  pbInitForced                  
00002615  pbRead                        
00001e7d  scalbn                        
00001e7d  scalbnl                       
00000def  schdCallback                  
00000e69  schdExecute                   
00001301  seg7Init                      
000014b1  seg7Update                    
00002dfb  strchr                        
00002e4d  strlen                        
00000d53  sysTimeGet                    
00000d59  sysTimeReached                
00000d7f  sysTimeWait                   
00000da3  sysTimeWaitAbsolute           
000022d1  uartGetChar                   
00002285  uartInit                      
000022bf  uartPutChar                   
000022e3  uartPutString                 
0000230f  uprintf                       
00002b7d  vsnprintf                     
00000f6d  waitMs                        
00000f9d  waitUs                        
00002e85  wcslen                        


GLOBAL SYMBOLS: SORTED BY Symbol Address 

address   name                          
-------   ----                          
00000000  __TI_static_base__            
00000000  g_pfnVectors                  
00000271  __TI_printfi                  
00000400  __STACK_SIZE                  
00000cbf  __aeabi_idiv0                 
00000cbf  __aeabi_ldiv0                 
00000d53  sysTimeGet                    
00000d59  sysTimeReached                
00000d7f  sysTimeWait                   
00000da3  sysTimeWaitAbsolute           
00000def  schdCallback                  
00000e69  schdExecute                   
00000f6d  waitMs                        
00000f9d  waitUs                        
00000fcb  lpInit                        
00001301  seg7Init                      
000014b1  seg7Update                    
000016ed  __aeabi_dsub                  
000016f7  __aeabi_dadd                  
000019e1  __aeabi_ddiv                  
00001b17  GPIOPadConfigSet              
00001d6d  SysCtlClockGet                
00001e7d  ldexp                         
00001e7d  ldexpl                        
00001e7d  scalbn                        
00001e7d  scalbnl                       
00001f8d  _system_pre_init              
00001f91  clockUpdate                   
00002049  main                          
00002093  __aeabi_dmul                  
00002191  SysCtlClockSet                
00002285  uartInit                      
000022bf  uartPutChar                   
000022d1  uartGetChar                   
000022e3  uartPutString                 
0000230f  uprintf                       
000023fd  ledInitForced                 
0000241f  ledInit                       
00002433  ledTurnOnOff                  
00002499  __aeabi_memcpy                
00002499  __aeabi_memcpy4               
00002499  __aeabi_memcpy8               
00002499  memcpy                        
00002535  __aeabi_uldivmod              
000025cd  pbInitForced                  
00002601  pbInit                        
00002615  pbRead                        
00002659  __aeabi_cdcmpeq               
00002659  __aeabi_cdcmple               
000026df  __aeabi_cdrcmple              
00002765  __aeabi_memclr                
00002765  __aeabi_memclr4               
00002765  __aeabi_memclr8               
00002767  __aeabi_memset                
00002767  __aeabi_memset4               
00002767  __aeabi_memset8               
0000276d  memset                        
0000284d  __TI_decompress_lzss          
000028b5  frexp                         
000028b5  frexpl                        
0000296f  ltoa                          
00002a15  atoi                          
00002a61  GPIOPinConfigure              
00002aa9  __aeabi_d2iz                  
00002af1  UARTConfigSetExpClk           
00002b39  __TI_auto_init_nobinit_nopinit
00002b7d  vsnprintf                     
00002bfd  IntRegister                   
00002c31  SysCtlPeripheralEnable        
00002c65  _c_int00_noargs               
00002cc9  __aeabi_i2d                   
00002cf7  GPIODirModeSet                
00002d21  UARTDisable                   
00002d41  SysTickIntRegister            
00002d5d  __TI_zero_init_nomemset       
00002d79  memccpy                       
00002d95  copysign                      
00002d95  copysignl                     
00002db1  ResetISR                      
00002dcb  GPIOPinTypeGPIOOutput         
00002dfb  strchr                        
00002e11  SysTickEnable                 
00002e25  SysTickIntEnable              
00002e39  UARTEnable                    
00002e4d  strlen                        
00002e61  GPIOPinTypeGPIOInput          
00002e73  GPIOPinTypeUART               
00002e85  wcslen                        
00002e99  SysTickPeriodSet              
00002ea9  __TI_decompress_none          
00002eb7  UARTCharGet                   
00002ec1  UARTCharPut                   
00002ecd  __aeabi_errno_addr            
00002ed5  GPIOPinRead                   
00002edb  GPIOPinWrite                  
00002ee1  SysCtlDelay                   
00002ee7  C$$EXIT                       
00002ee7  abort                         
00002eec  _ctypes_                      
000030fc  __TI_Handler_Table_Base       
00003108  __TI_Handler_Table_Limit      
00003118  __TI_CINIT_Base               
00003130  __TI_CINIT_Limit              
20000000  g_pfnRAMVectors               
20000270  __stack                       
20000470  __STACK_TOP                   
20000670  __STACK_END                   
20000788  errno                         
ffffffff  __TI_pprof_out_hndl           
ffffffff  __TI_prof_data_size           
ffffffff  __TI_prof_data_start          
ffffffff  __binit__                     
ffffffff  __c_args__                    
ffffffff  binit                         
UNDEFED   __mpu_init                    
UNDEFED   _system_post_cinit            

[116 symbols]
