******************************************************************************
                  TI ARM Linker PC v18.12.2                    
******************************************************************************
>> Linked Thu Sep 26 12:34:14 2019

OUTPUT FILE NAME:   <Lab 2.out>
ENTRY POINT SYMBOL: "_c_int00_noargs"  address: 00002d69


MEMORY CONFIGURATION

         name            origin    length      used     unused   attr    fill
----------------------  --------  ---------  --------  --------  ----  --------
  FLASH                 00000000   00040000  00003232  0003cdce  R  X
  SRAM                  20000000   00008000  0000079c  00007864  RW X


SEGMENT ALLOCATION MAP

run origin  load origin   length   init length attrs members
----------  ----------- ---------- ----------- ----- -------
00000000    00000000    00003238   00003238    r-x
  00000000    00000000    0000026c   0000026c    r-- .intvecs
  0000026c    0000026c    00002d76   00002d76    r-x .text
  00002fe4    00002fe4    00000200   00000200    r-- .const
  000031e8    000031e8    00000050   00000050    r-- .cinit
20000000    20000000    000007a0   00000000    rw-
  20000000    20000000    0000026c   00000000    rw- .vtable
  20000270    20000270    00000400   00000000    rw- .stack
  20000670    20000670    00000104   00000000    rw- .bss
  20000774    20000774    0000002c   00000000    rw- .data


SECTION ALLOCATION MAP

 output                                  attributes/
section   page    origin      length       input sections
--------  ----  ----------  ----------   ----------------
.intvecs   0    00000000    0000026c     
                  00000000    0000026c     tm4c123gh6pm_startup_ccs.obj (.intvecs)

.text      0    0000026c    00002d76     
                  0000026c    00000a4e     rtsv7M4_T_le_v4SPD16_eabi.lib : _printfi.c.obj (.text:__TI_printfi)
                  00000cba    00000002                                   : div0.asm.obj (.text)
                  00000cbc    000003d0     Util.lib : launchpad.obj (.text)
                  0000108c    00000270     rtsv7M4_T_le_v4SPD16_eabi.lib : _printfi.c.obj (.text:_pconv_a)
                  000012fc    00000230     main(1).obj (.text)
                  0000152c    000001fc     seg7.obj (.text)
                  00001728    000001d0     rtsv7M4_T_le_v4SPD16_eabi.lib : _printfi.c.obj (.text:_pconv_g)
                  000018f8    000001b6                                   : fd_add_t2.asm.obj (.text)
                  00001aae    00000002     --HOLE-- [fill = 0]
                  00001ab0    0000013c                                   : _printfi.c.obj (.text:_pconv_e)
                  00001bec    00000136                                   : fd_div_t2.asm.obj (.text)
                  00001d22    00000132     driverlib.lib : gpio.obj (.text:GPIOPadConfigSet)
                  00001e54    00000124     rtsv7M4_T_le_v4SPD16_eabi.lib : _printfi.c.obj (.text:fcvt)
                  00001f78    00000110     driverlib.lib : sysctl.obj (.text:SysCtlClockGet)
                  00002088    00000110     rtsv7M4_T_le_v4SPD16_eabi.lib : s_scalbn.c.obj (.text:scalbn)
                  00002198    000000fc                                   : fd_mul_t2.asm.obj (.text)
                  00002294    000000f4     driverlib.lib : sysctl.obj (.text:SysCtlClockSet)
                  00002388    000000c4     Util.lib : uart.obj (.text)
                  0000244c    000000b1     rtsv7M4_T_le_v4SPD16_eabi.lib : _printfi.c.obj (.text:_ltostr)
                  000024fd    00000003     --HOLE-- [fill = 0]
                  00002500    0000009c     Util.lib : led.obj (.text)
                  0000259c    0000009c     rtsv7M4_T_le_v4SPD16_eabi.lib : memcpy_t2.asm.obj (.text)
                  00002638    00000096                                   : ull_div_t2.asm.obj (.text)
                  000026ce    00000002     --HOLE-- [fill = 0]
                  000026d0    0000008c     Util.lib : pushbutton.obj (.text)
                  0000275c    00000086     rtsv7M4_T_le_v4SPD16_eabi.lib : fd_cmp_t2.asm.obj (.text:__aeabi_cdcmple)
                  000027e2    00000086                                   : fd_cmp_t2.asm.obj (.text:__aeabi_cdrcmple)
                  00002868    0000007a                                   : memset_t2.asm.obj (.text)
                  000028e2    0000006e                                   : _printfi.c.obj (.text:_mcpy)
                  00002950    00000068                                   : copy_decompress_lzss.c.obj (.text:decompress:lzss:__TI_decompress_lzss)
                  000029b8    00000064                                   : s_frexp.c.obj (.text:frexp)
                  00002a1c    00000056                                   : _printfi.c.obj (.text:_pconv_f)
                  00002a72    00000054                                   : ltoa.c.obj (.text:ltoa)
                  00002ac6    00000052                                   : _printfi.c.obj (.text:_ecpy)
                  00002b18    0000004c                                   : atoi.c.obj (.text:atoi)
                  00002b64    00000048     driverlib.lib : gpio.obj (.text:GPIOPinConfigure)
                  00002bac    00000048     rtsv7M4_T_le_v4SPD16_eabi.lib : fd_toi_t2.asm.obj (.text)
                  00002bf4    00000046     driverlib.lib : uart.obj (.text:UARTConfigSetExpClk)
                  00002c3a    00000002     --HOLE-- [fill = 0]
                  00002c3c    00000044     rtsv7M4_T_le_v4SPD16_eabi.lib : autoinit.c.obj (.text:__TI_auto_init_nobinit_nopinit:__TI_auto_init_nobinit_nopinit)
                  00002c80    00000040                                   : vsnprintf.c.obj (.text:vsnprintf)
                  00002cc0    0000003e                                   : _printfi.c.obj (.text:_fcpy)
                  00002cfe    00000002     --HOLE-- [fill = 0]
                  00002d00    00000034     driverlib.lib : interrupt.obj (.text:IntRegister)
                  00002d34    00000034                   : sysctl.obj (.text:SysCtlPeripheralEnable)
                  00002d68    00000034     rtsv7M4_T_le_v4SPD16_eabi.lib : boot_cortex_m.c.obj (.text:_c_int00_noargs:_c_int00_noargs)
                  00002d9c    00000030                                   : vsnprintf.c.obj (.text:_outs)
                  00002dcc    0000002e                                   : i_tofd_t2.asm.obj (.text)
                  00002dfa    0000002a     driverlib.lib : gpio.obj (.text:GPIODirModeSet)
                  00002e24    00000020                   : uart.obj (.text:UARTDisable)
                  00002e44    0000001c                   : systick.obj (.text:SysTickIntRegister)
                  00002e60    0000001c     rtsv7M4_T_le_v4SPD16_eabi.lib : copy_zero_init.c.obj (.text:decompress:ZI:__TI_zero_init_nomemset:__TI_zero_init_nomemset)
                  00002e7c    0000001c                                   : memccpy.c.obj (.text:memccpy)
                  00002e98    0000001a                                   : s_copysign.c.obj (.text:copysign)
                  00002eb2    00000018     driverlib.lib : gpio.obj (.text:GPIOPinTypeGPIOOutput)
                  00002eca    00000018     rtsv7M4_T_le_v4SPD16_eabi.lib : vsnprintf.c.obj (.text:_outc)
                  00002ee2    00000016                                   : strchr.c.obj (.text:strchr)
                  00002ef8    00000014     driverlib.lib : systick.obj (.text:SysTickEnable)
                  00002f0c    00000014                   : systick.obj (.text:SysTickIntEnable)
                  00002f20    00000014                   : uart.obj (.text:UARTEnable)
                  00002f34    00000014     rtsv7M4_T_le_v4SPD16_eabi.lib : strlen.c.obj (.text:strlen)
                  00002f48    00000012     driverlib.lib : gpio.obj (.text:GPIOPinTypeGPIOInput)
                  00002f5a    00000012                   : gpio.obj (.text:GPIOPinTypeUART)
                  00002f6c    00000012     rtsv7M4_T_le_v4SPD16_eabi.lib : wcslen.c.obj (.text:wcslen)
                  00002f7e    00000002     --HOLE-- [fill = 0]
                  00002f80    00000010     driverlib.lib : systick.obj (.text:SysTickPeriodSet)
                  00002f90    0000000e     rtsv7M4_T_le_v4SPD16_eabi.lib : copy_decompress_none.c.obj (.text:decompress:none:__TI_decompress_none)
                  00002f9e    0000000c     tm4c123gh6pm_startup_ccs.obj (.text)
                  00002faa    0000000a     driverlib.lib : uart.obj (.text:UARTCharGet)
                  00002fb4    0000000a                   : uart.obj (.text:UARTCharPut)
                  00002fbe    00000002     --HOLE-- [fill = 0]
                  00002fc0    00000008     rtsv7M4_T_le_v4SPD16_eabi.lib : errno.c.obj (.text:__aeabi_errno_addr)
                  00002fc8    00000006     driverlib.lib : gpio.obj (.text:GPIOPinRead)
                  00002fce    00000006                   : gpio.obj (.text:GPIOPinWrite)
                  00002fd4    00000006                   : sysctl.obj (.text:SysCtlDelay)
                  00002fda    00000004     rtsv7M4_T_le_v4SPD16_eabi.lib : pre_init.c.obj (.text:_system_pre_init)
                  00002fde    00000004                                   : exit.c.obj (.text:abort:abort)

.const     0    00002fe4    00000200     
                  00002fe4    00000101     rtsv7M4_T_le_v4SPD16_eabi.lib : ctype.c.obj (.const:.string:_ctypes_)
                  000030e5    00000003     --HOLE-- [fill = 0]
                  000030e8    00000090     driverlib.lib : gpio.obj (.const:g_pui32GPIOBaseAddrs)
                  00003178    0000006c                   : sysctl.obj (.const:g_pui32Xtals)

.cinit     0    000031e8    00000050     
                  000031e8    00000019     (.cinit..data.load) [load image, compression = lzss]
                  00003201    00000003     --HOLE-- [fill = 0]
                  00003204    0000000c     (__TI_handler_table)
                  00003210    00000008     (.cinit..bss.load) [load image, compression = zero_init]
                  00003218    00000008     (.cinit..vtable.load) [load image, compression = zero_init]
                  00003220    00000018     (__TI_cinit_table)

.init_array 
*          0    00000000    00000000     UNINITIALIZED

.vtable    0    20000000    0000026c     UNINITIALIZED
                  20000000    0000026c     driverlib.lib : interrupt.obj (.vtable)

.bss       0    20000670    00000104     UNINITIALIZED
                  20000670    00000100     Util.lib : launchpad.obj (.bss:callbackHeap)
                  20000770    00000004              : launchpad.obj (.bss)

.data      0    20000774    0000002c     UNINITIALIZED
                  20000774    00000014     main(1).obj (.data)
                  20000788    0000000a     main(1).obj (.data:seg7Coding)
                  20000792    00000001     Util.lib : led.obj (.data)
                  20000793    00000001              : pushbutton.obj (.data)
                  20000794    00000008              : launchpad.obj (.data)
                  2000079c    00000004     rtsv7M4_T_le_v4SPD16_eabi.lib : errno.c.obj (.data)

.stack     0    20000270    00000400     UNINITIALIZED
                  20000270    00000004     rtsv7M4_T_le_v4SPD16_eabi.lib : boot_cortex_m.c.obj (.stack)
                  20000274    000003fc     --HOLE--

MODULE SUMMARY

       Module                         code    ro data   rw data
       ------                         ----    -------   -------
    .\
       tm4c123gh6pm_startup_ccs.obj   12      620       0      
       main(1).obj                    560     0         30     
       seg7.obj                       508     0         0      
    +--+------------------------------+-------+---------+---------+
       Total:                         1080    620       30     
                                                               
    C:/Users/Nathanael Bhooshi/Documents/GitHub/LabGroupE7/Util/Debug/Util.lib
       launchpad.obj                  976     0         268    
       uart.obj                       196     0         0      
       led.obj                        156     0         1      
       pushbutton.obj                 140     0         1      
    +--+------------------------------+-------+---------+---------+
       Total:                         1468    0         270    
                                                               
    C:/ti/TivaWare_C_Series-2.1.4.178/driverlib/ccs/Debug/driverlib.lib
       sysctl.obj                     574     108       0      
       interrupt.obj                  52      0         620    
       gpio.obj                       492     144       0      
       uart.obj                       142     0         0      
       systick.obj                    84      0         0      
    +--+------------------------------+-------+---------+---------+
       Total:                         1344    252       620    
                                                               
    C:\ti\ccs910\ccs\tools\compiler\ti-cgt-arm_18.12.2.LTS\lib\rtsv7M4_T_le_v4SPD16_eabi.lib
       _printfi.c.obj                 4851    0         0      
       fd_add_t2.asm.obj              438     0         0      
       fd_div_t2.asm.obj              310     0         0      
       s_scalbn.c.obj                 272     0         0      
       fd_cmp_t2.asm.obj              268     0         0      
       ctype.c.obj                    0       257       0      
       fd_mul_t2.asm.obj              252     0         0      
       memcpy_t2.asm.obj              156     0         0      
       ull_div_t2.asm.obj             150     0         0      
       vsnprintf.c.obj                136     0         0      
       memset_t2.asm.obj              122     0         0      
       copy_decompress_lzss.c.obj     104     0         0      
       s_frexp.c.obj                  100     0         0      
       ltoa.c.obj                     84      0         0      
       atoi.c.obj                     76      0         0      
       fd_toi_t2.asm.obj              72      0         0      
       autoinit.c.obj                 68      0         0      
       boot_cortex_m.c.obj            52      0         0      
       i_tofd_t2.asm.obj              46      0         0      
       copy_zero_init.c.obj           28      0         0      
       memccpy.c.obj                  28      0         0      
       s_copysign.c.obj               26      0         0      
       strchr.c.obj                   22      0         0      
       strlen.c.obj                   20      0         0      
       wcslen.c.obj                   18      0         0      
       copy_decompress_none.c.obj     14      0         0      
       errno.c.obj                    8       0         4      
       exit.c.obj                     4       0         0      
       pre_init.c.obj                 4       0         0      
       div0.asm.obj                   2       0         0      
    +--+------------------------------+-------+---------+---------+
       Total:                         7731    257       4      
                                                               
       Stack:                         0       0         1024   
       Linker Generated:              0       77        0      
    +--+------------------------------+-------+---------+---------+
       Grand Total:                   11623   1206      1948   


LINKER GENERATED COPY TABLES

__TI_cinit_table @ 00003220 records: 3, size/record: 8, table size: 24
	.data: load addr=000031e8, load size=00000019 bytes, run addr=20000774, run size=0000002c bytes, compression=lzss
	.bss: load addr=00003210, load size=00000008 bytes, run addr=20000670, run size=00000104 bytes, compression=zero_init
	.vtable: load addr=00003218, load size=00000008 bytes, run addr=20000000, run size=0000026c bytes, compression=zero_init


LINKER GENERATED HANDLER TABLE

__TI_handler_table @ 00003204 records: 3, size/record: 4, table size: 12
	index: 0, handler: __TI_zero_init
	index: 1, handler: __TI_decompress_lzss
	index: 2, handler: __TI_decompress_none


GLOBAL SYMBOLS: SORTED ALPHABETICALLY BY Name 

address   name                          
-------   ----                          
00002fdf  C$$EXIT                       
00002dfb  GPIODirModeSet                
00001d23  GPIOPadConfigSet              
00002b65  GPIOPinConfigure              
00002fc9  GPIOPinRead                   
00002f49  GPIOPinTypeGPIOInput          
00002eb3  GPIOPinTypeGPIOOutput         
00002f5b  GPIOPinTypeUART               
00002fcf  GPIOPinWrite                  
00002d01  IntRegister                   
00002f9f  ResetISR                      
00001f79  SysCtlClockGet                
00002295  SysCtlClockSet                
00002fd5  SysCtlDelay                   
00002d35  SysCtlPeripheralEnable        
00002ef9  SysTickEnable                 
00002f0d  SysTickIntEnable              
00002e45  SysTickIntRegister            
00002f81  SysTickPeriodSet              
00002fab  UARTCharGet                   
00002fb5  UARTCharPut                   
00002bf5  UARTConfigSetExpClk           
00002e25  UARTDisable                   
00002f21  UARTEnable                    
20000670  __STACK_END                   
00000400  __STACK_SIZE                  
20000470  __STACK_TOP                   
00003220  __TI_CINIT_Base               
00003238  __TI_CINIT_Limit              
00003204  __TI_Handler_Table_Base       
00003210  __TI_Handler_Table_Limit      
00002c3d  __TI_auto_init_nobinit_nopinit
00002951  __TI_decompress_lzss          
00002f91  __TI_decompress_none          
ffffffff  __TI_pprof_out_hndl           
0000026d  __TI_printfi                  
ffffffff  __TI_prof_data_size           
ffffffff  __TI_prof_data_start          
00000000  __TI_static_base__            
00002e61  __TI_zero_init_nomemset       
0000275d  __aeabi_cdcmpeq               
0000275d  __aeabi_cdcmple               
000027e3  __aeabi_cdrcmple              
00002bad  __aeabi_d2iz                  
00001903  __aeabi_dadd                  
00001bed  __aeabi_ddiv                  
00002199  __aeabi_dmul                  
000018f9  __aeabi_dsub                  
00002fc1  __aeabi_errno_addr            
00002dcd  __aeabi_i2d                   
00000cbb  __aeabi_idiv0                 
00000cbb  __aeabi_ldiv0                 
00002869  __aeabi_memclr                
00002869  __aeabi_memclr4               
00002869  __aeabi_memclr8               
0000259d  __aeabi_memcpy                
0000259d  __aeabi_memcpy4               
0000259d  __aeabi_memcpy8               
0000286b  __aeabi_memset                
0000286b  __aeabi_memset4               
0000286b  __aeabi_memset8               
00002639  __aeabi_uldivmod              
ffffffff  __binit__                     
ffffffff  __c_args__                    
UNDEFED   __mpu_init                    
20000270  __stack                       
00002d69  _c_int00_noargs               
00002fe4  _ctypes_                      
UNDEFED   _system_post_cinit            
00002fdb  _system_pre_init              
00002fdf  abort                         
00002b19  atoi                          
ffffffff  binit                         
000013d3  checkPushButton               
000012fd  clockUpdate                   
00002e99  copysign                      
00002e99  copysignl                     
20000778  counter0                      
2000077c  counter1                      
20000780  counter2                      
20000784  counter3                      
2000079c  errno                         
000029b9  frexp                         
000029b9  frexpl                        
20000000  g_pfnRAMVectors               
00000000  g_pfnVectors                  
00002089  ldexp                         
00002089  ldexpl                        
00002523  ledInit                       
00002501  ledInitForced                 
00002537  ledTurnOnOff                  
00000fc7  lpInit                        
00002a73  ltoa                          
000014b7  main                          
00002e7d  memccpy                       
0000259d  memcpy                        
00002871  memset                        
00002705  pbInit                        
000026d1  pbInitForced                  
00002719  pbRead                        
00002089  scalbn                        
00002089  scalbnl                       
00000deb  schdCallback                  
00000e65  schdExecute                   
0000152d  seg7Init                      
000016b9  seg7Update                    
00002ee3  strchr                        
00002f35  strlen                        
00000d4f  sysTimeGet                    
00000d55  sysTimeReached                
00000d7b  sysTimeWait                   
00000d9f  sysTimeWaitAbsolute           
000023d5  uartGetChar                   
00002389  uartInit                      
000023c3  uartPutChar                   
000023e7  uartPutString                 
00002413  uprintf                       
00002c81  vsnprintf                     
00000f69  waitMs                        
00000f99  waitUs                        
00002f6d  wcslen                        


GLOBAL SYMBOLS: SORTED BY Symbol Address 

address   name                          
-------   ----                          
00000000  __TI_static_base__            
00000000  g_pfnVectors                  
0000026d  __TI_printfi                  
00000400  __STACK_SIZE                  
00000cbb  __aeabi_idiv0                 
00000cbb  __aeabi_ldiv0                 
00000d4f  sysTimeGet                    
00000d55  sysTimeReached                
00000d7b  sysTimeWait                   
00000d9f  sysTimeWaitAbsolute           
00000deb  schdCallback                  
00000e65  schdExecute                   
00000f69  waitMs                        
00000f99  waitUs                        
00000fc7  lpInit                        
000012fd  clockUpdate                   
000013d3  checkPushButton               
000014b7  main                          
0000152d  seg7Init                      
000016b9  seg7Update                    
000018f9  __aeabi_dsub                  
00001903  __aeabi_dadd                  
00001bed  __aeabi_ddiv                  
00001d23  GPIOPadConfigSet              
00001f79  SysCtlClockGet                
00002089  ldexp                         
00002089  ldexpl                        
00002089  scalbn                        
00002089  scalbnl                       
00002199  __aeabi_dmul                  
00002295  SysCtlClockSet                
00002389  uartInit                      
000023c3  uartPutChar                   
000023d5  uartGetChar                   
000023e7  uartPutString                 
00002413  uprintf                       
00002501  ledInitForced                 
00002523  ledInit                       
00002537  ledTurnOnOff                  
0000259d  __aeabi_memcpy                
0000259d  __aeabi_memcpy4               
0000259d  __aeabi_memcpy8               
0000259d  memcpy                        
00002639  __aeabi_uldivmod              
000026d1  pbInitForced                  
00002705  pbInit                        
00002719  pbRead                        
0000275d  __aeabi_cdcmpeq               
0000275d  __aeabi_cdcmple               
000027e3  __aeabi_cdrcmple              
00002869  __aeabi_memclr                
00002869  __aeabi_memclr4               
00002869  __aeabi_memclr8               
0000286b  __aeabi_memset                
0000286b  __aeabi_memset4               
0000286b  __aeabi_memset8               
00002871  memset                        
00002951  __TI_decompress_lzss          
000029b9  frexp                         
000029b9  frexpl                        
00002a73  ltoa                          
00002b19  atoi                          
00002b65  GPIOPinConfigure              
00002bad  __aeabi_d2iz                  
00002bf5  UARTConfigSetExpClk           
00002c3d  __TI_auto_init_nobinit_nopinit
00002c81  vsnprintf                     
00002d01  IntRegister                   
00002d35  SysCtlPeripheralEnable        
00002d69  _c_int00_noargs               
00002dcd  __aeabi_i2d                   
00002dfb  GPIODirModeSet                
00002e25  UARTDisable                   
00002e45  SysTickIntRegister            
00002e61  __TI_zero_init_nomemset       
00002e7d  memccpy                       
00002e99  copysign                      
00002e99  copysignl                     
00002eb3  GPIOPinTypeGPIOOutput         
00002ee3  strchr                        
00002ef9  SysTickEnable                 
00002f0d  SysTickIntEnable              
00002f21  UARTEnable                    
00002f35  strlen                        
00002f49  GPIOPinTypeGPIOInput          
00002f5b  GPIOPinTypeUART               
00002f6d  wcslen                        
00002f81  SysTickPeriodSet              
00002f91  __TI_decompress_none          
00002f9f  ResetISR                      
00002fab  UARTCharGet                   
00002fb5  UARTCharPut                   
00002fc1  __aeabi_errno_addr            
00002fc9  GPIOPinRead                   
00002fcf  GPIOPinWrite                  
00002fd5  SysCtlDelay                   
00002fdb  _system_pre_init              
00002fdf  C$$EXIT                       
00002fdf  abort                         
00002fe4  _ctypes_                      
00003204  __TI_Handler_Table_Base       
00003210  __TI_Handler_Table_Limit      
00003220  __TI_CINIT_Base               
00003238  __TI_CINIT_Limit              
20000000  g_pfnRAMVectors               
20000270  __stack                       
20000470  __STACK_TOP                   
20000670  __STACK_END                   
20000778  counter0                      
2000077c  counter1                      
20000780  counter2                      
20000784  counter3                      
2000079c  errno                         
ffffffff  __TI_pprof_out_hndl           
ffffffff  __TI_prof_data_size           
ffffffff  __TI_prof_data_start          
ffffffff  __binit__                     
ffffffff  __c_args__                    
ffffffff  binit                         
UNDEFED   __mpu_init                    
UNDEFED   _system_post_cinit            

[121 symbols]
