******************************************************************************
                  TI ARM Linker PC v18.1.4                     
******************************************************************************
>> Linked Wed Apr 17 13:50:26 2019

OUTPUT FILE NAME:   <lab 8.out>
ENTRY POINT SYMBOL: "_c_int00_noargs"  address: 00002ed5


MEMORY CONFIGURATION

         name            origin    length      used     unused   attr    fill
----------------------  --------  ---------  --------  --------  ----  --------
  FLASH                 00000000   00040000  00003466  0003cb9a  R  X
  SRAM                  20000000   00008000  00000514  00007aec  RW X


SEGMENT ALLOCATION MAP

run origin  load origin   length   init length attrs members
----------  ----------- ---------- ----------- ----- -------
00000000    00000000    00003468   00003468    r-x
  00000000    00000000    0000026c   0000026c    r-- .intvecs
  0000026c    0000026c    00002faa   00002faa    r-x .text
  00003218    00003218    00000200   00000200    r-- .const
  00003418    00003418    00000050   00000050    r-- .cinit
20000000    20000000    00000518   00000000    rw-
  20000000    20000000    0000026c   00000000    rw- .vtable
  20000270    20000270    00000200   00000000    rw- .stack
  20000470    20000470    00000088   00000000    rw- .bss
  200004f8    200004f8    00000020   00000000    rw- .data


SECTION ALLOCATION MAP

 output                                  attributes/
section   page    origin      length       input sections
--------  ----  ----------  ----------   ----------------
.intvecs   0    00000000    0000026c     
                  00000000    0000026c     tm4c123gh6pm_startup_ccs.obj (.intvecs)

.text      0    0000026c    00002faa     
                  0000026c    00000a5e     rtsv7M4_T_le_v4SPD16_eabi.lib : _printfi.c.obj (.text:__TI_printfi)
                  00000cca    00000002                                   : div0.asm.obj (.text)
                  00000ccc    000003d0     Util.lib : launchpad.obj (.text)
                  0000109c    00000270     rtsv7M4_T_le_v4SPD16_eabi.lib : _printfi.c.obj (.text:_pconv_a)
                  0000130c    00000220     main.obj (.text)
                  0000152c    000001fc     seg7.obj (.text)
                  00001728    000001d0     rtsv7M4_T_le_v4SPD16_eabi.lib : _printfi.c.obj (.text:_pconv_g)
                  000018f8    000001b6                                   : fd_add_t2.asm.obj (.text)
                  00001aae    00000002     --HOLE-- [fill = 0]
                  00001ab0    0000013c                                   : _printfi.c.obj (.text:_pconv_e)
                  00001bec    00000136                                   : fd_div_t2.asm.obj (.text)
                  00001d22    00000132     driverlib.lib : gpio.obj (.text:GPIOPadConfigSet)
                  00001e54    00000124     rtsv7M4_T_le_v4SPD16_eabi.lib : _printfi.c.obj (.text:fcvt)
                  00001f78    00000110     driverlib.lib : sysctl.obj (.text:SysCtlClockGet)
                  00002088    00000110     rtsv7M4_T_le_v4SPD16_eabi.lib : s_scalbn.c.obj (.text:scalbn)
                  00002198    000000fc                                   : fd_mul_t2.asm.obj (.text)
                  00002294    000000f4     driverlib.lib : sysctl.obj (.text:SysCtlClockSet)
                  00002388    000000c4     Util.lib : uart.obj (.text)
                  0000244c    000000b1     rtsv7M4_T_le_v4SPD16_eabi.lib : _printfi.c.obj (.text:_ltostr)
                  000024fd    00000003     --HOLE-- [fill = 0]
                  00002500    000000a0     ranger.obj (.text)
                  000025a0    0000009c     Util.lib : led.obj (.text)
                  0000263c    0000009c     rtsv7M4_T_le_v4SPD16_eabi.lib : memcpy_t2.asm.obj (.text)
                  000026d8    00000096                                   : ull_div_t2.asm.obj (.text)
                  0000276e    00000002     --HOLE-- [fill = 0]
                  00002770    0000008c     Util.lib : pushbutton.obj (.text)
                  000027fc    00000086     rtsv7M4_T_le_v4SPD16_eabi.lib : fd_cmp_t2.asm.obj (.text:__aeabi_cdcmple)
                  00002882    00000086                                   : fd_cmp_t2.asm.obj (.text:__aeabi_cdrcmple)
                  00002908    0000007a                                   : memset_t2.asm.obj (.text)
                  00002982    00000002     --HOLE-- [fill = 0]
                  00002984    00000078     ranger_asm.obj (.text)
                  000029fc    0000006e     rtsv7M4_T_le_v4SPD16_eabi.lib : _printfi.c.obj (.text:_mcpy)
                  00002a6a    00000068                                   : copy_decompress_lzss.c.obj (.text:decompress:lzss:__TI_decompress_lzss)
                  00002ad2    00000002     --HOLE-- [fill = 0]
                  00002ad4    00000064                                   : s_frexp.c.obj (.text:frexp)
                  00002b38    00000060     driverlib.lib : timer.obj (.text:TimerConfigure)
                  00002b98    00000056     rtsv7M4_T_le_v4SPD16_eabi.lib : _printfi.c.obj (.text:_pconv_f)
                  00002bee    00000054                                   : ltoa.c.obj (.text:ltoa)
                  00002c42    00000002     --HOLE-- [fill = 0]
                  00002c44    00000054     sig7digit.obj (.text)
                  00002c98    00000052     rtsv7M4_T_le_v4SPD16_eabi.lib : _printfi.c.obj (.text:_ecpy)
                  00002cea    00000002     --HOLE-- [fill = 0]
                  00002cec    0000004c                                   : atoi.c.obj (.text:atoi)
                  00002d38    00000048     driverlib.lib : gpio.obj (.text:GPIOPinConfigure)
                  00002d80    00000048     rtsv7M4_T_le_v4SPD16_eabi.lib : fd_toi_t2.asm.obj (.text)
                  00002dc8    00000046     driverlib.lib : uart.obj (.text:UARTConfigSetExpClk)
                  00002e0e    00000002     --HOLE-- [fill = 0]
                  00002e10    00000044     rtsv7M4_T_le_v4SPD16_eabi.lib : autoinit.c.obj (.text:__TI_auto_init_nobinit_nopinit:__TI_auto_init_nobinit_nopinit)
                  00002e54    00000040                                   : vsnprintf.c.obj (.text:vsnprintf)
                  00002e94    0000003e                                   : _printfi.c.obj (.text:_fcpy)
                  00002ed2    00000002     --HOLE-- [fill = 0]
                  00002ed4    00000038                                   : boot_cortex_m.c.obj (.text:_c_int00_noargs:_c_int00_noargs)
                  00002f0c    00000034     driverlib.lib : interrupt.obj (.text:IntRegister)
                  00002f40    00000034                   : sysctl.obj (.text:SysCtlPeripheralEnable)
                  00002f74    00000030     rtsv7M4_T_le_v4SPD16_eabi.lib : vsnprintf.c.obj (.text:_outs)
                  00002fa4    0000002e                                   : i_tofd_t2.asm.obj (.text)
                  00002fd2    0000002a     driverlib.lib : gpio.obj (.text:GPIODirModeSet)
                  00002ffc    00000020                   : uart.obj (.text:UARTDisable)
                  0000301c    00000020     rtsv7M4_T_le_v4SPD16_eabi.lib : u_tofd_t2.asm.obj (.text)
                  0000303c    0000001c     driverlib.lib : systick.obj (.text:SysTickIntRegister)
                  00003058    0000001c     rtsv7M4_T_le_v4SPD16_eabi.lib : memccpy.c.obj (.text:memccpy)
                  00003074    00000018     driverlib.lib : gpio.obj (.text:GPIOPinTypeGPIOOutput)
                  0000308c    00000018     rtsv7M4_T_le_v4SPD16_eabi.lib : vsnprintf.c.obj (.text:_outc)
                  000030a4    00000016     driverlib.lib : timer.obj (.text:TimerControlEvent)
                  000030ba    00000016     rtsv7M4_T_le_v4SPD16_eabi.lib : strchr.c.obj (.text:strchr)
                  000030d0    00000014     driverlib.lib : systick.obj (.text:SysTickEnable)
                  000030e4    00000014                   : systick.obj (.text:SysTickIntEnable)
                  000030f8    00000014                   : uart.obj (.text:UARTEnable)
                  0000310c    00000014     rtsv7M4_T_le_v4SPD16_eabi.lib : s_copysign.c.obj (.text:copysign)
                  00003120    00000014                                   : strlen.c.obj (.text:strlen)
                  00003134    00000012     driverlib.lib : gpio.obj (.text:GPIOPinTypeGPIOInput)
                  00003146    00000012                   : gpio.obj (.text:GPIOPinTypeTimer)
                  00003158    00000012                   : gpio.obj (.text:GPIOPinTypeUART)
                  0000316a    00000012     rtsv7M4_T_le_v4SPD16_eabi.lib : copy_zero_init.c.obj (.text:decompress:ZI:__TI_zero_init_nomemset:__TI_zero_init_nomemset)
                  0000317c    00000012                                   : wcslen.c.obj (.text:wcslen)
                  0000318e    00000002     --HOLE-- [fill = 0]
                  00003190    00000010     driverlib.lib : systick.obj (.text:SysTickPeriodSet)
                  000031a0    0000000e                   : timer.obj (.text:TimerEnable)
                  000031ae    0000000e     rtsv7M4_T_le_v4SPD16_eabi.lib : copy_decompress_none.c.obj (.text:decompress:none:__TI_decompress_none)
                  000031bc    0000000c     tm4c123gh6pm_startup_ccs.obj (.text)
                  000031c8    0000000a     driverlib.lib : timer.obj (.text:TimerIntStatus)
                  000031d2    0000000a                   : timer.obj (.text:TimerValueGet)
                  000031dc    0000000a                   : uart.obj (.text:UARTCharGet)
                  000031e6    0000000a                   : uart.obj (.text:UARTCharPut)
                  000031f0    00000008     rtsv7M4_T_le_v4SPD16_eabi.lib : errno.c.obj (.text:__aeabi_errno_addr)
                  000031f8    00000006     driverlib.lib : gpio.obj (.text:GPIOPinRead)
                  000031fe    00000006                   : gpio.obj (.text:GPIOPinWrite)
                  00003204    00000006                   : sysctl.obj (.text:SysCtlDelay)
                  0000320a    00000004                   : timer.obj (.text:TimerIntClear)
                  0000320e    00000004     rtsv7M4_T_le_v4SPD16_eabi.lib : pre_init.c.obj (.text:_system_pre_init)
                  00003212    00000004                                   : exit.c.obj (.text:abort:abort)

.const     0    00003218    00000200     
                  00003218    00000101     rtsv7M4_T_le_v4SPD16_eabi.lib : ctype.c.obj (.const:.string:_ctypes_)
                  00003319    00000003     --HOLE-- [fill = 0]
                  0000331c    00000090     driverlib.lib : gpio.obj (.const:g_pui32GPIOBaseAddrs)
                  000033ac    0000006c                   : sysctl.obj (.const:g_pui32Xtals)

.cinit     0    00003418    00000050     
                  00003418    00000015     (.cinit..data.load) [load image, compression = lzss]
                  0000342d    00000003     --HOLE-- [fill = 0]
                  00003430    0000000c     (__TI_handler_table)
                  0000343c    00000004     --HOLE-- [fill = 0]
                  00003440    00000008     (.cinit..bss.load) [load image, compression = zero_init]
                  00003448    00000008     (.cinit..vtable.load) [load image, compression = zero_init]
                  00003450    00000018     (__TI_cinit_table)

.init_array 
*          0    00000000    00000000     UNINITIALIZED

.vtable    0    20000000    0000026c     UNINITIALIZED
                  20000000    0000026c     driverlib.lib : interrupt.obj (.vtable)

.bss       0    20000470    00000088     UNINITIALIZED
                  20000470    00000080     Util.lib : launchpad.obj (.bss:callbackHeap)
                  200004f0    00000004              : launchpad.obj (.bss)
                  200004f4    00000004     sig7digit.obj (.bss)

.data      0    200004f8    00000020     UNINITIALIZED
                  200004f8    0000000a     sig7digit.obj (.data)
                  20000502    00000002     main.obj (.data)
                  20000504    00000008     Util.lib : launchpad.obj (.data)
                  2000050c    00000005     main.obj (.data:seg7Display)
                  20000511    00000001     Util.lib : led.obj (.data)
                  20000512    00000001              : pushbutton.obj (.data)
                  20000513    00000001     --HOLE--
                  20000514    00000004     rtsv7M4_T_le_v4SPD16_eabi.lib : errno.c.obj (.data)

.stack     0    20000270    00000200     UNINITIALIZED
                  20000270    00000004     rtsv7M4_T_le_v4SPD16_eabi.lib : boot_cortex_m.c.obj (.stack)
                  20000274    000001fc     --HOLE--

MODULE SUMMARY

       Module                         code    ro data   rw data
       ------                         ----    -------   -------
    .\
       tm4c123gh6pm_startup_ccs.obj   12      620       0      
       main.obj                       544     0         7      
       seg7.obj                       508     0         0      
       ranger.obj                     160     0         0      
       ranger_asm.obj                 120     0         0      
       sig7digit.obj                  84      0         14     
    +--+------------------------------+-------+---------+---------+
       Total:                         1428    620       21     
                                                               
    C:/Users/Daniel Hurtado/Desktop/Util/Util/Debug/Util.lib
       launchpad.obj                  976     0         140    
       uart.obj                       196     0         0      
       led.obj                        156     0         1      
       pushbutton.obj                 140     0         1      
    +--+------------------------------+-------+---------+---------+
       Total:                         1468    0         142    
                                                               
    C:/ti/TivaWare_C_Series-2.1.4.178/driverlib/ccs/Debug/driverlib.lib
       sysctl.obj                     574     108       0      
       interrupt.obj                  52      0         620    
       gpio.obj                       510     144       0      
       timer.obj                      156     0         0      
       uart.obj                       142     0         0      
       systick.obj                    84      0         0      
    +--+------------------------------+-------+---------+---------+
       Total:                         1518    252       620    
                                                               
    C:\ti\ccsv8\tools\compiler\ti-cgt-arm_18.1.4.LTS\lib\rtsv7M4_T_le_v4SPD16_eabi.lib
       _printfi.c.obj                 4867    0         0      
       fd_add_t2.asm.obj              438     0         0      
       fd_div_t2.asm.obj              310     0         0      
       s_scalbn.c.obj                 272     0         0      
       fd_cmp_t2.asm.obj              268     0         0      
       ctype.c.obj                    0       257       0      
       fd_mul_t2.asm.obj              252     0         0      
       memcpy_t2.asm.obj              156     0         0      
       ull_div_t2.asm.obj             150     0         0      
       vsnprintf.c.obj                136     0         0      
       memset_t2.asm.obj              122     0         0      
       copy_decompress_lzss.c.obj     104     0         0      
       s_frexp.c.obj                  100     0         0      
       ltoa.c.obj                     84      0         0      
       atoi.c.obj                     76      0         0      
       fd_toi_t2.asm.obj              72      0         0      
       autoinit.c.obj                 68      0         0      
       boot_cortex_m.c.obj            56      0         0      
       i_tofd_t2.asm.obj              46      0         0      
       u_tofd_t2.asm.obj              32      0         0      
       memccpy.c.obj                  28      0         0      
       strchr.c.obj                   22      0         0      
       s_copysign.c.obj               20      0         0      
       strlen.c.obj                   20      0         0      
       copy_zero_init.c.obj           18      0         0      
       wcslen.c.obj                   18      0         0      
       copy_decompress_none.c.obj     14      0         0      
       errno.c.obj                    8       0         4      
       exit.c.obj                     4       0         0      
       pre_init.c.obj                 4       0         0      
       div0.asm.obj                   2       0         0      
    +--+------------------------------+-------+---------+---------+
       Total:                         7767    257       4      
                                                               
       Stack:                         0       0         512    
       Linker Generated:              0       73        0      
    +--+------------------------------+-------+---------+---------+
       Grand Total:                   12181   1202      1299   


LINKER GENERATED COPY TABLES

__TI_cinit_table @ 00003450 records: 3, size/record: 8, table size: 24
	.data: load addr=00003418, load size=00000015 bytes, run addr=200004f8, run size=00000020 bytes, compression=lzss
	.bss: load addr=00003440, load size=00000008 bytes, run addr=20000470, run size=00000088 bytes, compression=zero_init
	.vtable: load addr=00003448, load size=00000008 bytes, run addr=20000000, run size=0000026c bytes, compression=zero_init


LINKER GENERATED HANDLER TABLE

__TI_handler_table @ 00003430 records: 3, size/record: 4, table size: 12
	index: 0, handler: __TI_zero_init
	index: 1, handler: __TI_decompress_lzss
	index: 2, handler: __TI_decompress_none


GLOBAL SYMBOLS: SORTED ALPHABETICALLY BY Name 

address   name                          
-------   ----                          
00003213  C$$EXIT                       
00002fd3  GPIODirModeSet                
00001d23  GPIOPadConfigSet              
00002d39  GPIOPinConfigure              
000031f9  GPIOPinRead                   
00003135  GPIOPinTypeGPIOInput          
00003075  GPIOPinTypeGPIOOutput         
00003147  GPIOPinTypeTimer              
00003159  GPIOPinTypeUART               
000031ff  GPIOPinWrite                  
00002f0d  IntRegister                   
20000503  ModeType                      
000031bd  ResetISR                      
00001f79  SysCtlClockGet                
00002295  SysCtlClockSet                
00003205  SysCtlDelay                   
00002f41  SysCtlPeripheralEnable        
000030d1  SysTickEnable                 
000030e5  SysTickIntEnable              
0000303d  SysTickIntRegister            
00003191  SysTickPeriodSet              
00002b39  TimerConfigure                
000030a5  TimerControlEvent             
000031a1  TimerEnable                   
0000320b  TimerIntClear                 
000031c9  TimerIntStatus                
000031d3  TimerValueGet                 
000031dd  UARTCharGet                   
000031e7  UARTCharPut                   
00002dc9  UARTConfigSetExpClk           
00002ffd  UARTDisable                   
000030f9  UARTEnable                    
20000470  __STACK_END                   
00000200  __STACK_SIZE                  
20000470  __STACK_TOP                   
00003450  __TI_CINIT_Base               
00003468  __TI_CINIT_Limit              
00003430  __TI_Handler_Table_Base       
0000343c  __TI_Handler_Table_Limit      
00002e11  __TI_auto_init_nobinit_nopinit
00002a6b  __TI_decompress_lzss          
000031af  __TI_decompress_none          
ffffffff  __TI_pprof_out_hndl           
0000026d  __TI_printfi                  
ffffffff  __TI_prof_data_size           
ffffffff  __TI_prof_data_start          
00000000  __TI_static_base__            
0000316b  __TI_zero_init_nomemset       
000027fd  __aeabi_cdcmpeq               
000027fd  __aeabi_cdcmple               
00002883  __aeabi_cdrcmple              
00002d81  __aeabi_d2iz                  
00001903  __aeabi_dadd                  
00001bed  __aeabi_ddiv                  
00002199  __aeabi_dmul                  
000018f9  __aeabi_dsub                  
000031f1  __aeabi_errno_addr            
00002fa5  __aeabi_i2d                   
00000ccb  __aeabi_idiv0                 
00000ccb  __aeabi_ldiv0                 
00002909  __aeabi_memclr                
00002909  __aeabi_memclr4               
00002909  __aeabi_memclr8               
0000263d  __aeabi_memcpy                
0000263d  __aeabi_memcpy4               
0000263d  __aeabi_memcpy8               
0000290b  __aeabi_memset                
0000290b  __aeabi_memset4               
0000290b  __aeabi_memset8               
0000301d  __aeabi_ui2d                  
000026d9  __aeabi_uldivmod              
ffffffff  __binit__                     
ffffffff  __c_args__                    
UNDEFED   __mpu_init                    
20000270  __stack                       
00002ed5  _c_int00_noargs               
00003218  _ctypes_                      
UNDEFED   _system_post_cinit            
0000320f  _system_pre_init              
00003213  abort                         
00002ced  atoi                          
ffffffff  binit                         
00001425  checkPushButton               
0000310d  copysign                      
0000310d  copysignl                     
20000514  errno                         
00002ad5  frexp                         
00002ad5  frexpl                        
20000000  g_pfnRAMVectors               
00000000  g_pfnVectors                  
00002089  ldexp                         
00002089  ldexpl                        
000025c3  ledInit                       
000025a1  ledInitForced                 
000025d7  ledTurnOnOff                  
00000fd7  lpInit                        
00002bef  ltoa                          
00001497  main                          
00003059  memccpy                       
0000263d  memcpy                        
00002911  memset                        
000027a5  pbInit                        
00002771  pbInitForced                  
000027b9  pbRead                        
0000298d  rangerDetect                  
00002501  rangerInit                    
00001487  rangerUpdate                  
00002089  scalbn                        
00002089  scalbnl                       
00000dfb  schdCallback                  
00000e75  schdExecute                   
00002c4d  seg7DigitUpdate               
2000050c  seg7Display                   
0000152d  seg7Init                      
000016b9  seg7Update                    
00002531  sendStartPulse                
0000130d  stopWatchUpdate               
000030bb  strchr                        
00003121  strlen                        
20000502  sysState                      
00000d5f  sysTimeGet                    
00000d65  sysTimeReached                
00000d8b  sysTimeWait                   
00000daf  sysTimeWaitAbsolute           
000023d5  uartGetChar                   
00002389  uartInit                      
000023c3  uartPutChar                   
000023e7  uartPutString                 
00002413  uprintf                       
00002e55  vsnprintf                     
00000f79  waitMs                        
00000fa9  waitUs                        
0000317d  wcslen                        


GLOBAL SYMBOLS: SORTED BY Symbol Address 

address   name                          
-------   ----                          
00000000  __TI_static_base__            
00000000  g_pfnVectors                  
00000200  __STACK_SIZE                  
0000026d  __TI_printfi                  
00000ccb  __aeabi_idiv0                 
00000ccb  __aeabi_ldiv0                 
00000d5f  sysTimeGet                    
00000d65  sysTimeReached                
00000d8b  sysTimeWait                   
00000daf  sysTimeWaitAbsolute           
00000dfb  schdCallback                  
00000e75  schdExecute                   
00000f79  waitMs                        
00000fa9  waitUs                        
00000fd7  lpInit                        
0000130d  stopWatchUpdate               
00001425  checkPushButton               
00001487  rangerUpdate                  
00001497  main                          
0000152d  seg7Init                      
000016b9  seg7Update                    
000018f9  __aeabi_dsub                  
00001903  __aeabi_dadd                  
00001bed  __aeabi_ddiv                  
00001d23  GPIOPadConfigSet              
00001f79  SysCtlClockGet                
00002089  ldexp                         
00002089  ldexpl                        
00002089  scalbn                        
00002089  scalbnl                       
00002199  __aeabi_dmul                  
00002295  SysCtlClockSet                
00002389  uartInit                      
000023c3  uartPutChar                   
000023d5  uartGetChar                   
000023e7  uartPutString                 
00002413  uprintf                       
00002501  rangerInit                    
00002531  sendStartPulse                
000025a1  ledInitForced                 
000025c3  ledInit                       
000025d7  ledTurnOnOff                  
0000263d  __aeabi_memcpy                
0000263d  __aeabi_memcpy4               
0000263d  __aeabi_memcpy8               
0000263d  memcpy                        
000026d9  __aeabi_uldivmod              
00002771  pbInitForced                  
000027a5  pbInit                        
000027b9  pbRead                        
000027fd  __aeabi_cdcmpeq               
000027fd  __aeabi_cdcmple               
00002883  __aeabi_cdrcmple              
00002909  __aeabi_memclr                
00002909  __aeabi_memclr4               
00002909  __aeabi_memclr8               
0000290b  __aeabi_memset                
0000290b  __aeabi_memset4               
0000290b  __aeabi_memset8               
00002911  memset                        
0000298d  rangerDetect                  
00002a6b  __TI_decompress_lzss          
00002ad5  frexp                         
00002ad5  frexpl                        
00002b39  TimerConfigure                
00002bef  ltoa                          
00002c4d  seg7DigitUpdate               
00002ced  atoi                          
00002d39  GPIOPinConfigure              
00002d81  __aeabi_d2iz                  
00002dc9  UARTConfigSetExpClk           
00002e11  __TI_auto_init_nobinit_nopinit
00002e55  vsnprintf                     
00002ed5  _c_int00_noargs               
00002f0d  IntRegister                   
00002f41  SysCtlPeripheralEnable        
00002fa5  __aeabi_i2d                   
00002fd3  GPIODirModeSet                
00002ffd  UARTDisable                   
0000301d  __aeabi_ui2d                  
0000303d  SysTickIntRegister            
00003059  memccpy                       
00003075  GPIOPinTypeGPIOOutput         
000030a5  TimerControlEvent             
000030bb  strchr                        
000030d1  SysTickEnable                 
000030e5  SysTickIntEnable              
000030f9  UARTEnable                    
0000310d  copysign                      
0000310d  copysignl                     
00003121  strlen                        
00003135  GPIOPinTypeGPIOInput          
00003147  GPIOPinTypeTimer              
00003159  GPIOPinTypeUART               
0000316b  __TI_zero_init_nomemset       
0000317d  wcslen                        
00003191  SysTickPeriodSet              
000031a1  TimerEnable                   
000031af  __TI_decompress_none          
000031bd  ResetISR                      
000031c9  TimerIntStatus                
000031d3  TimerValueGet                 
000031dd  UARTCharGet                   
000031e7  UARTCharPut                   
000031f1  __aeabi_errno_addr            
000031f9  GPIOPinRead                   
000031ff  GPIOPinWrite                  
00003205  SysCtlDelay                   
0000320b  TimerIntClear                 
0000320f  _system_pre_init              
00003213  C$$EXIT                       
00003213  abort                         
00003218  _ctypes_                      
00003430  __TI_Handler_Table_Base       
0000343c  __TI_Handler_Table_Limit      
00003450  __TI_CINIT_Base               
00003468  __TI_CINIT_Limit              
20000000  g_pfnRAMVectors               
20000270  __stack                       
20000470  __STACK_END                   
20000470  __STACK_TOP                   
20000502  sysState                      
20000503  ModeType                      
2000050c  seg7Display                   
20000514  errno                         
ffffffff  __TI_pprof_out_hndl           
ffffffff  __TI_prof_data_size           
ffffffff  __TI_prof_data_start          
ffffffff  __binit__                     
ffffffff  __c_args__                    
ffffffff  binit                         
UNDEFED   __mpu_init                    
UNDEFED   _system_post_cinit            

[133 symbols]
