******************************************************************************
                  TI ARM Linker PC v18.1.4                     
******************************************************************************
>> Linked Tue Mar 12 09:11:33 2019

OUTPUT FILE NAME:   <Lab 5.out>
ENTRY POINT SYMBOL: "_c_int00_noargs"  address: 000034e9


MEMORY CONFIGURATION

         name            origin    length      used     unused   attr    fill
----------------------  --------  ---------  --------  --------  ----  --------
  FLASH                 00000000   00040000  00003ff0  0003c010  R  X
  SRAM                  20000000   00008000  000008be  00007742  RW X


SEGMENT ALLOCATION MAP

run origin  load origin   length   init length attrs members
----------  ----------- ---------- ----------- ----- -------
00000000    00000000    00003ff0   00003ff0    r-x
  00000000    00000000    0000026c   0000026c    r-- .intvecs
  0000026c    0000026c    00003830   00003830    r-x .text
  00003a9c    00003a9c    000004a4   000004a4    r-- .const
  00003f40    00003f40    000000b0   000000b0    r-- .cinit
20000000    20000000    000008c0   00000000    rw-
  20000000    20000000    0000026c   00000000    rw- .vtable
  2000026c    2000026c    0000024c   00000000    rw- .bss
  200004b8    200004b8    00000200   00000000    rw- .stack
  200006b8    200006b8    000001fe   00000000    rw- .data
  200008b8    200008b8    00000008   00000000    rw- .sysmem


SECTION ALLOCATION MAP

 output                                  attributes/
section   page    origin      length       input sections
--------  ----  ----------  ----------   ----------------
.intvecs   0    00000000    0000026c     
                  00000000    0000026c     tm4c123gh6pm_startup_ccs.obj (.intvecs)

.text      0    0000026c    00003830     
                  0000026c    00000a5e     rtsv7M4_T_le_v4SPD16_eabi.lib : _printfi.c.obj (.text:__TI_printfi)
                  00000cca    00000002                                   : _lock.c.obj (.text:_nop)
                  00000ccc    000003d0     Util.lib : launchpad.obj (.text)
                  0000109c    00000270     rtsv7M4_T_le_v4SPD16_eabi.lib : _printfi.c.obj (.text:_pconv_a)
                  0000130c    000001f4     main(5).obj (.text)
                  00001500    000001d0     rtsv7M4_T_le_v4SPD16_eabi.lib : _printfi.c.obj (.text:_pconv_g)
                  000016d0    000001b6                                   : fd_add_t2.asm.obj (.text)
                  00001886    00000002                                   : div0.asm.obj (.text)
                  00001888    0000013c                                   : _printfi.c.obj (.text:_pconv_e)
                  000019c4    00000136                                   : fd_div_t2.asm.obj (.text)
                  00001afa    00000132     driverlib.lib : gpio.obj (.text:GPIOPadConfigSet)
                  00001c2c    00000124     rtsv7M4_T_le_v4SPD16_eabi.lib : _printfi.c.obj (.text:fcvt)
                  00001d50    00000114                                   : fputs.c.obj (.text:fputs)
                  00001e64    00000110     driverlib.lib : sysctl.obj (.text:SysCtlClockGet)
                  00001f74    00000110     rtsv7M4_T_le_v4SPD16_eabi.lib : s_scalbn.c.obj (.text:scalbn)
                  00002084    000000fc                                   : fd_mul_t2.asm.obj (.text)
                  00002180    000000f4     driverlib.lib : sysctl.obj (.text:SysCtlClockSet)
                  00002274    000000dc     rtsv7M4_T_le_v4SPD16_eabi.lib : setvbuf.c.obj (.text:setvbuf)
                  00002350    000000d8                                   : memory.c.obj (.text:free)
                  00002428    000000c4     Util.lib : uart.obj (.text)
                  000024ec    000000b1     rtsv7M4_T_le_v4SPD16_eabi.lib : _printfi.c.obj (.text:_ltostr)
                  0000259d    00000003     --HOLE-- [fill = 0]
                  000025a0    0000009c     Util.lib : led.obj (.text)
                  0000263c    0000009c     rtsv7M4_T_le_v4SPD16_eabi.lib : memcpy_t2.asm.obj (.text)
                  000026d8    00000096                                   : ull_div_t2.asm.obj (.text)
                  0000276e    00000002     --HOLE-- [fill = 0]
                  00002770    0000008c     Util.lib : pushbutton.obj (.text)
                  000027fc    00000086     rtsv7M4_T_le_v4SPD16_eabi.lib : fd_cmp_t2.asm.obj (.text:__aeabi_cdcmple)
                  00002882    00000086                                   : fd_cmp_t2.asm.obj (.text:__aeabi_cdrcmple)
                  00002908    0000007c                                   : fflush.c.obj (.text:fflush)
                  00002984    0000007a                                   : memset_t2.asm.obj (.text)
                  000029fe    00000002     --HOLE-- [fill = 0]
                  00002a00    00000078                                   : memory.c.obj (.text:malloc)
                  00002a78    00000074                                   : fclose.c.obj (.text:__TI_closefile)
                  00002aec    0000006e                                   : _printfi.c.obj (.text:_mcpy)
                  00002b5a    00000002     --HOLE-- [fill = 0]
                  00002b5c    00000068                                   : hostlseek.c.obj (.text:HOSTlseek)
                  00002bc4    00000068                                   : hostrename.c.obj (.text:HOSTrename)
                  00002c2c    00000068     driverlib.lib : interrupt.obj (.text:IntEnable)
                  00002c94    00000068     rtsv7M4_T_le_v4SPD16_eabi.lib : copy_decompress_lzss.c.obj (.text:decompress:lzss:__TI_decompress_lzss)
                  00002cfc    00000064                                   : s_frexp.c.obj (.text:frexp)
                  00002d60    00000064                                   : fseek.c.obj (.text:fseek)
                  00002dc4    00000062                                   : _io_perm.c.obj (.text:__TI_wrt_ok)
                  00002e26    00000002     --HOLE-- [fill = 0]
                  00002e28    00000060                                   : hostopen.c.obj (.text:HOSTopen)
                  00002e88    0000005c                                   : close.c.obj (.text:close)
                  00002ee4    00000058                                   : hostread.c.obj (.text:HOSTread)
                  00002f3c    00000058                                   : hostwrite.c.obj (.text:HOSTwrite)
                  00002f94    00000056     driverlib.lib : gpio.obj (.text:GPIOIntTypeSet)
                  00002fea    00000056     rtsv7M4_T_le_v4SPD16_eabi.lib : _printfi.c.obj (.text:_pconv_f)
                  00003040    00000054                                   : ltoa.c.obj (.text:ltoa)
                  00003094    00000052                                   : _printfi.c.obj (.text:_ecpy)
                  000030e6    0000004c                                   : fflush.c.obj (.text:__TI_doflush)
                  00003132    00000002     --HOLE-- [fill = 0]
                  00003134    0000004c                                   : atoi.c.obj (.text:atoi)
                  00003180    00000048     driverlib.lib : gpio.obj (.text:GPIOPinConfigure)
                  000031c8    00000048     rtsv7M4_T_le_v4SPD16_eabi.lib : exit.c.obj (.text:exit)
                  00003210    00000048                                   : fd_toi_t2.asm.obj (.text)
                  00003258    00000046     driverlib.lib : uart.obj (.text:UARTConfigSetExpClk)
                  0000329e    00000002     --HOLE-- [fill = 0]
                  000032a0    00000044     rtsv7M4_T_le_v4SPD16_eabi.lib : hostclose.c.obj (.text:HOSTclose)
                  000032e4    00000044                                   : hostunlink.c.obj (.text:HOSTunlink)
                  00003328    00000044     driverlib.lib : gpio.obj (.text:_GPIOIntNumberGet)
                  0000336c    00000044     rtsv7M4_T_le_v4SPD16_eabi.lib : autoinit.c.obj (.text:__TI_auto_init_nobinit_nopinit:__TI_auto_init_nobinit_nopinit)
                  000033b0    00000044                                   : getdevice.c.obj (.text:getdevice)
                  000033f4    00000040                                   : vsnprintf.c.obj (.text:vsnprintf)
                  00003434    0000003e                                   : _printfi.c.obj (.text:_fcpy)
                  00003472    00000002     --HOLE-- [fill = 0]
                  00003474    0000003c                                   : memory.c.obj (.text:minsert)
                  000034b0    00000038                                   : trgmsg.c.obj (.text:__TI_writemsg)
                  000034e8    00000038                                   : boot_cortex_m.c.obj (.text:_c_int00_noargs:_c_int00_noargs)
                  00003520    00000038                                   : memory.c.obj (.text:minit)
                  00003558    00000036                                   : strncpy.c.obj (.text:strncpy)
                  0000358e    00000002     --HOLE-- [fill = 0]
                  00003590    00000034     driverlib.lib : interrupt.obj (.text:IntRegister)
                  000035c4    00000034                   : sysctl.obj (.text:SysCtlPeripheralEnable)
                  000035f8    00000034     rtsv7M4_T_le_v4SPD16_eabi.lib : fopen.c.obj (.text:__TI_cleanup)
                  0000362c    00000034                                   : trgmsg.c.obj (.text:__TI_readmsg)
                  00003660    00000030                                   : vsnprintf.c.obj (.text:_outs)
                  00003690    00000030                                   : getdevice.c.obj (.text:finddevice)
                  000036c0    0000002e                                   : i_tofd_t2.asm.obj (.text)
                  000036ee    00000002     --HOLE-- [fill = 0]
                  000036f0    0000002c     buzzer_asm.obj (.text)
                  0000371c    0000002c     rtsv7M4_T_le_v4SPD16_eabi.lib : unlink.c.obj (.text:unlink)
                  00003748    0000002a     driverlib.lib : gpio.obj (.text:GPIODirModeSet)
                  00003772    00000002     --HOLE-- [fill = 0]
                  00003774    00000028     rtsv7M4_T_le_v4SPD16_eabi.lib : lseek.c.obj (.text:lseek)
                  0000379c    00000028                                   : memory.c.obj (.text:mremove)
                  000037c4    00000028                                   : write.c.obj (.text:write)
                  000037ec    00000024     driverlib.lib : interrupt.obj (.text:IntPrioritySet)
                  00003810    00000020                   : uart.obj (.text:UARTDisable)
                  00003830    00000020     rtsv7M4_T_le_v4SPD16_eabi.lib : memchr.c.obj (.text:memchr)
                  00003850    0000001c     driverlib.lib : systick.obj (.text:SysTickIntRegister)
                  0000386c    0000001c     rtsv7M4_T_le_v4SPD16_eabi.lib : assert.c.obj (.text:_abort_msg)
                  00003888    0000001c     buzzer.obj (.text)
                  000038a4    0000001c     rtsv7M4_T_le_v4SPD16_eabi.lib : memccpy.c.obj (.text:memccpy)
                  000038c0    0000001c     motion.obj (.text)
                  000038dc    00000018     driverlib.lib : gpio.obj (.text:GPIOIntRegister)
                  000038f4    00000018                   : gpio.obj (.text:GPIOPinTypeGPIOOutput)
                  0000390c    00000018     rtsv7M4_T_le_v4SPD16_eabi.lib : vsnprintf.c.obj (.text:_outc)
                  00003924    00000018     motion_asm.obj (.text)
                  0000393c    00000018     rtsv7M4_T_le_v4SPD16_eabi.lib : strcmp.c.obj (.text:strcmp)
                  00003954    00000016                                   : strchr.c.obj (.text:strchr)
                  0000396a    00000002     --HOLE-- [fill = 0]
                  0000396c    00000014     driverlib.lib : systick.obj (.text:SysTickEnable)
                  00003980    00000014                   : systick.obj (.text:SysTickIntEnable)
                  00003994    00000014                   : uart.obj (.text:UARTEnable)
                  000039a8    00000014     rtsv7M4_T_le_v4SPD16_eabi.lib : s_copysign.c.obj (.text:copysign)
                  000039bc    00000014                                   : strcpy.c.obj (.text:strcpy)
                  000039d0    00000014                                   : strlen.c.obj (.text:strlen)
                  000039e4    00000012     driverlib.lib : gpio.obj (.text:GPIOPinTypeGPIOInput)
                  000039f6    00000012                   : gpio.obj (.text:GPIOPinTypeUART)
                  00003a08    00000012     rtsv7M4_T_le_v4SPD16_eabi.lib : wcslen.c.obj (.text:wcslen)
                  00003a1a    00000002     --HOLE-- [fill = 0]
                  00003a1c    00000010     driverlib.lib : systick.obj (.text:SysTickPeriodSet)
                  00003a2c    0000000e     rtsv7M4_T_le_v4SPD16_eabi.lib : copy_decompress_none.c.obj (.text:decompress:none:__TI_decompress_none)
                  00003a3a    0000000c     driverlib.lib : gpio.obj (.text:GPIOIntEnable)
                  00003a46    0000000c     rtsv7M4_T_le_v4SPD16_eabi.lib : copy_zero_init.c.obj (.text:decompress:ZI:__TI_zero_init)
                  00003a52    0000000c     tm4c123gh6pm_startup_ccs.obj (.text)
                  00003a5e    0000000a     driverlib.lib : uart.obj (.text:UARTCharGet)
                  00003a68    0000000a                   : uart.obj (.text:UARTCharPut)
                  00003a72    00000002     --HOLE-- [fill = 0]
                  00003a74    00000008     rtsv7M4_T_le_v4SPD16_eabi.lib : errno.c.obj (.text:__aeabi_errno_addr)
                  00003a7c    00000006     driverlib.lib : gpio.obj (.text:GPIOIntClear)
                  00003a82    00000006                   : gpio.obj (.text:GPIOPinRead)
                  00003a88    00000006                   : gpio.obj (.text:GPIOPinWrite)
                  00003a8e    00000006                   : sysctl.obj (.text:SysCtlDelay)
                  00003a94    00000004     rtsv7M4_T_le_v4SPD16_eabi.lib : pre_init.c.obj (.text:_system_pre_init)
                  00003a98    00000004                                   : exit.c.obj (.text:abort:abort)

.const     0    00003a9c    000004a4     
                  00003a9c    00000101     rtsv7M4_T_le_v4SPD16_eabi.lib : ctype.c.obj (.const:.string:_ctypes_)
                  00003b9d    00000003     --HOLE-- [fill = 0]
                  00003ba0    000000d8     driverlib.lib : gpio.obj (.const:g_ppui32GPIOIntMapSnowflake)
                  00003c78    000000c0                   : gpio.obj (.const:g_ppui32GPIOIntMapBlizzard)
                  00003d38    0000009c                   : interrupt.obj (.const:g_pui32Regs)
                  00003dd4    00000090                   : gpio.obj (.const:g_pui32GPIOBaseAddrs)
                  00003e64    00000070                   : interrupt.obj (.const)
                  00003ed4    0000006c                   : sysctl.obj (.const:g_pui32Xtals)

.cinit     0    00003f40    000000b0     
                  00003f40    00000075     (.cinit..data.load) [load image, compression = lzss]
                  00003fb5    00000003     --HOLE-- [fill = 0]
                  00003fb8    0000000c     (__TI_handler_table)
                  00003fc4    00000004     --HOLE-- [fill = 0]
                  00003fc8    00000008     (.cinit..bss.load) [load image, compression = zero_init]
                  00003fd0    00000008     (.cinit..vtable.load) [load image, compression = zero_init]
                  00003fd8    00000018     (__TI_cinit_table)

.init_array 
*          0    00000000    00000000     UNINITIALIZED

.vtable    0    20000000    0000026c     UNINITIALIZED
                  20000000    0000026c     driverlib.lib : interrupt.obj (.vtable)

.bss       0    2000026c    0000024c     UNINITIALIZED
                  2000026c    00000120     rtsv7M4_T_le_v4SPD16_eabi.lib : trgmsg.c.obj (.bss:_CIOBUF_)
                  2000038c    000000a0     (.common:__TI_tmpnams)
                  2000042c    00000080     Util.lib : launchpad.obj (.bss:callbackHeap)
                  200004ac    00000008     (.common:parmbuf)
                  200004b4    00000004              : launchpad.obj (.bss)

.stack     0    200004b8    00000200     UNINITIALIZED
                  200004b8    00000004     rtsv7M4_T_le_v4SPD16_eabi.lib : boot_cortex_m.c.obj (.stack)
                  200004bc    000001fc     --HOLE--

.data      0    200006b8    000001fe     UNINITIALIZED
                  200006b8    000000f0     rtsv7M4_T_le_v4SPD16_eabi.lib : defs.c.obj (.data:_ftable)
                  200007a8    00000078                                   : write.c.obj (.data:_device)
                  20000820    00000050                                   : write.c.obj (.data:_stream)
                  20000870    00000010                                   : defs.c.obj (.data)
                  20000880    0000000c                                   : exit.c.obj (.data:$O1$$)
                  2000088c    0000000c                                   : memory.c.obj (.data:$O1$$)
                  20000898    00000008                                   : _lock.c.obj (.data:$O1$$)
                  200008a0    00000008     Util.lib : launchpad.obj (.data)
                  200008a8    00000008     main(5).obj (.data)
                  200008b0    00000004     rtsv7M4_T_le_v4SPD16_eabi.lib : errno.c.obj (.data)
                  200008b4    00000001     Util.lib : led.obj (.data)
                  200008b5    00000001              : pushbutton.obj (.data)

.sysmem    0    200008b8    00000008     UNINITIALIZED
                  200008b8    00000008     rtsv7M4_T_le_v4SPD16_eabi.lib : memory.c.obj (.sysmem)

MODULE SUMMARY

       Module                         code    ro data   rw data
       ------                         ----    -------   -------
    .\
       tm4c123gh6pm_startup_ccs.obj   12      620       0      
       main(5).obj                    500     0         8      
       buzzer_asm.obj                 44      0         0      
       buzzer.obj                     28      0         0      
       motion.obj                     28      0         0      
       motion_asm.obj                 24      0         0      
    +--+------------------------------+-------+---------+---------+
       Total:                         636     620       8      
                                                               
    C:/Users/Daniel Hurtado/Desktop/Util/Util/Debug/Util.lib
       launchpad.obj                  976     0         140    
       uart.obj                       196     0         0      
       led.obj                        156     0         1      
       pushbutton.obj                 140     0         1      
    +--+------------------------------+-------+---------+---------+
       Total:                         1468    0         142    
                                                               
    C:/ti/TivaWare_C_Series-2.1.4.178/driverlib/ccs/Debug/driverlib.lib
       gpio.obj                       688     552       0      
       interrupt.obj                  192     268       620    
       sysctl.obj                     574     108       0      
       uart.obj                       142     0         0      
       systick.obj                    84      0         0      
    +--+------------------------------+-------+---------+---------+
       Total:                         1680    928       620    
                                                               
    C:\ti\ccsv8\tools\compiler\ti-cgt-arm_18.1.4.LTS\lib\rtsv7M4_T_le_v4SPD16_eabi.lib
       _printfi.c.obj                 4867    0         0      
       memory.c.obj                   492     0         12     
       fd_add_t2.asm.obj              438     0         0      
       defs.c.obj                     0       0         416    
       trgmsg.c.obj                   108     0         288    
       fd_div_t2.asm.obj              310     0         0      
       fputs.c.obj                    276     0         0      
       s_scalbn.c.obj                 272     0         0      
       fd_cmp_t2.asm.obj              268     0         0      
       ctype.c.obj                    0       257       0      
       fd_mul_t2.asm.obj              252     0         0      
       write.c.obj                    40      0         200    
       setvbuf.c.obj                  220     0         0      
       fflush.c.obj                   200     0         0      
       memcpy_t2.asm.obj              156     0         0      
       ull_div_t2.asm.obj             150     0         0      
       vsnprintf.c.obj                136     0         0      
       memset_t2.asm.obj              122     0         0      
       fclose.c.obj                   116     0         0      
       getdevice.c.obj                116     0         0      
       copy_decompress_lzss.c.obj     104     0         0      
       hostlseek.c.obj                104     0         0      
       hostopen.c.obj                 96      0         8      
       hostrename.c.obj               104     0         0      
       fseek.c.obj                    100     0         0      
       s_frexp.c.obj                  100     0         0      
       _io_perm.c.obj                 98      0         0      
       close.c.obj                    92      0         0      
       exit.c.obj                     76      0         12     
       hostread.c.obj                 88      0         0      
       hostwrite.c.obj                88      0         0      
       ltoa.c.obj                     84      0         0      
       atoi.c.obj                     76      0         0      
       fd_toi_t2.asm.obj              72      0         0      
       autoinit.c.obj                 68      0         0      
       hostclose.c.obj                68      0         0      
       hostunlink.c.obj               68      0         0      
       boot_cortex_m.c.obj            56      0         0      
       strncpy.c.obj                  54      0         0      
       fopen.c.obj                    52      0         0      
       i_tofd_t2.asm.obj              46      0         0      
       unlink.c.obj                   44      0         0      
       lseek.c.obj                    40      0         0      
       memchr.c.obj                   32      0         0      
       assert.c.obj                   28      0         0      
       memccpy.c.obj                  28      0         0      
       strcmp.c.obj                   24      0         0      
       strchr.c.obj                   22      0         0      
       s_copysign.c.obj               20      0         0      
       strcpy.c.obj                   20      0         0      
       strlen.c.obj                   20      0         0      
       wcslen.c.obj                   18      0         0      
       copy_decompress_none.c.obj     14      0         0      
       copy_zero_init.c.obj           12      0         0      
       errno.c.obj                    8       0         4      
       _lock.c.obj                    2       0         8      
       pre_init.c.obj                 4       0         0      
       div0.asm.obj                   2       0         0      
    +--+------------------------------+-------+---------+---------+
       Total:                         10571   257       948    
                                                               
       Heap:                          0       0         8      
       Stack:                         0       0         512    
       Linker Generated:              0       169       0      
    +--+------------------------------+-------+---------+---------+
       Grand Total:                   14355   1974      2238   


LINKER GENERATED COPY TABLES

__TI_cinit_table @ 00003fd8 records: 3, size/record: 8, table size: 24
	.data: load addr=00003f40, load size=00000075 bytes, run addr=200006b8, run size=000001fe bytes, compression=lzss
	.bss: load addr=00003fc8, load size=00000008 bytes, run addr=2000026c, run size=0000024c bytes, compression=zero_init
	.vtable: load addr=00003fd0, load size=00000008 bytes, run addr=20000000, run size=0000026c bytes, compression=zero_init


LINKER GENERATED HANDLER TABLE

__TI_handler_table @ 00003fb8 records: 3, size/record: 4, table size: 12
	index: 0, handler: __TI_zero_init
	index: 1, handler: __TI_decompress_lzss
	index: 2, handler: __TI_decompress_none


GLOBAL SYMBOLS: SORTED ALPHABETICALLY BY Name 

address   name                           
-------   ----                           
00003a99  C$$EXIT                        
000034df  C$$IO$$                        
00003749  GPIODirModeSet                 
00003a7d  GPIOIntClear                   
00003a3b  GPIOIntEnable                  
000038dd  GPIOIntRegister                
00002f95  GPIOIntTypeSet                 
00001afb  GPIOPadConfigSet               
00003181  GPIOPinConfigure               
00003a83  GPIOPinRead                    
000039e5  GPIOPinTypeGPIOInput           
000038f5  GPIOPinTypeGPIOOutput          
000039f7  GPIOPinTypeUART                
00003a89  GPIOPinWrite                   
000032a1  HOSTclose                      
00002b5d  HOSTlseek                      
00002e29  HOSTopen                       
00002ee5  HOSTread                       
00002bc5  HOSTrename                     
000032e5  HOSTunlink                     
00002f3d  HOSTwrite                      
00002c2d  IntEnable                      
000037ed  IntPrioritySet                 
00003591  IntRegister                    
000038c1  PIRInit                        
00003a53  ResetISR                       
00001e65  SysCtlClockGet                 
00002181  SysCtlClockSet                 
00003a8f  SysCtlDelay                    
000035c5  SysCtlPeripheralEnable         
0000396d  SysTickEnable                  
00003981  SysTickIntEnable               
00003851  SysTickIntRegister             
00003a1d  SysTickPeriodSet               
00003a5f  UARTCharGet                    
00003a69  UARTCharPut                    
00003259  UARTConfigSetExpClk            
00003811  UARTDisable                    
00003995  UARTEnable                     
2000026c  __CIOBUF_                      
200006b8  __STACK_END                    
00000200  __STACK_SIZE                   
200006b8  __STACK_TOP                    
00000008  __SYSMEM_SIZE                  
00003fd8  __TI_CINIT_Base                
00003ff0  __TI_CINIT_Limit               
00003fb8  __TI_Handler_Table_Base        
00003fc4  __TI_Handler_Table_Limit       
0000336d  __TI_auto_init_nobinit_nopinit 
000035f9  __TI_cleanup                   
20000880  __TI_cleanup_ptr               
00002a79  __TI_closefile                 
00002c95  __TI_decompress_lzss           
00003a2d  __TI_decompress_none           
000030e7  __TI_doflush                   
20000884  __TI_dtors_ptr                 
20000888  __TI_enable_exit_profile_output
20000870  __TI_ft_end                    
ffffffff  __TI_pprof_out_hndl            
0000026d  __TI_printfi                   
ffffffff  __TI_prof_data_size            
ffffffff  __TI_prof_data_start           
0000362d  __TI_readmsg                   
00000000  __TI_static_base__             
2000038c  __TI_tmpnams                   
000034b1  __TI_writemsg                  
00002dc5  __TI_wrt_ok                    
00003a47  __TI_zero_init                 
000027fd  __aeabi_cdcmpeq                
000027fd  __aeabi_cdcmple                
00002883  __aeabi_cdrcmple               
00003211  __aeabi_d2iz                   
000016db  __aeabi_dadd                   
000019c5  __aeabi_ddiv                   
00002085  __aeabi_dmul                   
000016d1  __aeabi_dsub                   
00003a75  __aeabi_errno_addr             
000036c1  __aeabi_i2d                    
00001887  __aeabi_idiv0                  
00001887  __aeabi_ldiv0                  
00002985  __aeabi_memclr                 
00002985  __aeabi_memclr4                
00002985  __aeabi_memclr8                
0000263d  __aeabi_memcpy                 
0000263d  __aeabi_memcpy4                
0000263d  __aeabi_memcpy8                
00002987  __aeabi_memset                 
00002987  __aeabi_memset4                
00002987  __aeabi_memset8                
2000087c  __aeabi_stderr                 
20000874  __aeabi_stdin                  
20000878  __aeabi_stdout                 
000026d9  __aeabi_uldivmod               
ffffffff  __binit__                      
ffffffff  __c_args__                     
UNDEFED   __mpu_init                     
200004b8  __stack                        
0000386d  _abort_msg                     
000034e9  _c_int00_noargs                
00003a9c  _ctypes_                       
200007a8  _device                        
200006b8  _ftable                        
20000898  _lock                          
00000ccb  _nop                           
20000820  _stream                        
200008b8  _sys_memory                    
UNDEFED   _system_post_cinit             
00003a95  _system_pre_init               
2000089c  _unlock                        
00003a99  abort                          
00003135  atoi                           
ffffffff  binit                          
00003889  buzzerInit                     
00003709  buzzerOff                      
000036f5  buzzerOn                       
0000130d  callbackBuzzerPlay             
00002e89  close                          
000039a9  copysign                       
000039a9  copysignl                      
200008b0  errno                          
000031c9  exit                           
00002909  fflush                         
00003691  finddevice                     
00001d51  fputs                          
00002351  free                           
00002cfd  frexp                          
00002cfd  frexpl                         
00002d61  fseek                          
20000000  g_pfnRAMVectors                
00000000  g_pfnVectors                   
000033b1  getdevice                      
0000140f  intrInit                       
00001f75  ldexp                          
00001f75  ldexpl                         
000025c3  ledInit                        
000025a1  ledInitForced                  
000025d7  ledTurnOnOff                   
00000fd7  lpInit                         
00003775  lseek                          
00003041  ltoa                           
00001457  main                           
00002a01  malloc                         
000038a5  memccpy                        
00003831  memchr                         
0000263d  memcpy                         
0000298d  memset                         
00003521  minit                          
00003929  motionDetect                   
000013d5  motionEnable                   
200004ac  parmbuf                        
0000136b  pbISR                          
000027a5  pbInit                         
00002771  pbInitForced                   
000027b9  pbRead                         
0000371d  remove                         
00001f75  scalbn                         
00001f75  scalbnl                        
00000dfb  schdCallback                   
00000e75  schdExecute                    
00002275  setvbuf                        
00003955  strchr                         
0000393d  strcmp                         
000039bd  strcpy                         
000039d1  strlen                         
00003559  strncpy                        
00000d5f  sysTimeGet                     
00000d65  sysTimeReached                 
00000d8b  sysTimeWait                    
00000daf  sysTimeWaitAbsolute            
00002475  uartGetChar                    
00002429  uartInit                       
00002463  uartPutChar                    
00002487  uartPutString                  
0000371d  unlink                         
000024b3  uprintf                        
000033f5  vsnprintf                      
00000f79  waitMs                         
00000fa9  waitUs                         
00003a09  wcslen                         
000037c5  write                          


GLOBAL SYMBOLS: SORTED BY Symbol Address 

address   name                           
-------   ----                           
00000000  __TI_static_base__             
00000000  g_pfnVectors                   
00000008  __SYSMEM_SIZE                  
00000200  __STACK_SIZE                   
0000026d  __TI_printfi                   
00000ccb  _nop                           
00000d5f  sysTimeGet                     
00000d65  sysTimeReached                 
00000d8b  sysTimeWait                    
00000daf  sysTimeWaitAbsolute            
00000dfb  schdCallback                   
00000e75  schdExecute                    
00000f79  waitMs                         
00000fa9  waitUs                         
00000fd7  lpInit                         
0000130d  callbackBuzzerPlay             
0000136b  pbISR                          
000013d5  motionEnable                   
0000140f  intrInit                       
00001457  main                           
000016d1  __aeabi_dsub                   
000016db  __aeabi_dadd                   
00001887  __aeabi_idiv0                  
00001887  __aeabi_ldiv0                  
000019c5  __aeabi_ddiv                   
00001afb  GPIOPadConfigSet               
00001d51  fputs                          
00001e65  SysCtlClockGet                 
00001f75  ldexp                          
00001f75  ldexpl                         
00001f75  scalbn                         
00001f75  scalbnl                        
00002085  __aeabi_dmul                   
00002181  SysCtlClockSet                 
00002275  setvbuf                        
00002351  free                           
00002429  uartInit                       
00002463  uartPutChar                    
00002475  uartGetChar                    
00002487  uartPutString                  
000024b3  uprintf                        
000025a1  ledInitForced                  
000025c3  ledInit                        
000025d7  ledTurnOnOff                   
0000263d  __aeabi_memcpy                 
0000263d  __aeabi_memcpy4                
0000263d  __aeabi_memcpy8                
0000263d  memcpy                         
000026d9  __aeabi_uldivmod               
00002771  pbInitForced                   
000027a5  pbInit                         
000027b9  pbRead                         
000027fd  __aeabi_cdcmpeq                
000027fd  __aeabi_cdcmple                
00002883  __aeabi_cdrcmple               
00002909  fflush                         
00002985  __aeabi_memclr                 
00002985  __aeabi_memclr4                
00002985  __aeabi_memclr8                
00002987  __aeabi_memset                 
00002987  __aeabi_memset4                
00002987  __aeabi_memset8                
0000298d  memset                         
00002a01  malloc                         
00002a79  __TI_closefile                 
00002b5d  HOSTlseek                      
00002bc5  HOSTrename                     
00002c2d  IntEnable                      
00002c95  __TI_decompress_lzss           
00002cfd  frexp                          
00002cfd  frexpl                         
00002d61  fseek                          
00002dc5  __TI_wrt_ok                    
00002e29  HOSTopen                       
00002e89  close                          
00002ee5  HOSTread                       
00002f3d  HOSTwrite                      
00002f95  GPIOIntTypeSet                 
00003041  ltoa                           
000030e7  __TI_doflush                   
00003135  atoi                           
00003181  GPIOPinConfigure               
000031c9  exit                           
00003211  __aeabi_d2iz                   
00003259  UARTConfigSetExpClk            
000032a1  HOSTclose                      
000032e5  HOSTunlink                     
0000336d  __TI_auto_init_nobinit_nopinit 
000033b1  getdevice                      
000033f5  vsnprintf                      
000034b1  __TI_writemsg                  
000034df  C$$IO$$                        
000034e9  _c_int00_noargs                
00003521  minit                          
00003559  strncpy                        
00003591  IntRegister                    
000035c5  SysCtlPeripheralEnable         
000035f9  __TI_cleanup                   
0000362d  __TI_readmsg                   
00003691  finddevice                     
000036c1  __aeabi_i2d                    
000036f5  buzzerOn                       
00003709  buzzerOff                      
0000371d  remove                         
0000371d  unlink                         
00003749  GPIODirModeSet                 
00003775  lseek                          
000037c5  write                          
000037ed  IntPrioritySet                 
00003811  UARTDisable                    
00003831  memchr                         
00003851  SysTickIntRegister             
0000386d  _abort_msg                     
00003889  buzzerInit                     
000038a5  memccpy                        
000038c1  PIRInit                        
000038dd  GPIOIntRegister                
000038f5  GPIOPinTypeGPIOOutput          
00003929  motionDetect                   
0000393d  strcmp                         
00003955  strchr                         
0000396d  SysTickEnable                  
00003981  SysTickIntEnable               
00003995  UARTEnable                     
000039a9  copysign                       
000039a9  copysignl                      
000039bd  strcpy                         
000039d1  strlen                         
000039e5  GPIOPinTypeGPIOInput           
000039f7  GPIOPinTypeUART                
00003a09  wcslen                         
00003a1d  SysTickPeriodSet               
00003a2d  __TI_decompress_none           
00003a3b  GPIOIntEnable                  
00003a47  __TI_zero_init                 
00003a53  ResetISR                       
00003a5f  UARTCharGet                    
00003a69  UARTCharPut                    
00003a75  __aeabi_errno_addr             
00003a7d  GPIOIntClear                   
00003a83  GPIOPinRead                    
00003a89  GPIOPinWrite                   
00003a8f  SysCtlDelay                    
00003a95  _system_pre_init               
00003a99  C$$EXIT                        
00003a99  abort                          
00003a9c  _ctypes_                       
00003fb8  __TI_Handler_Table_Base        
00003fc4  __TI_Handler_Table_Limit       
00003fd8  __TI_CINIT_Base                
00003ff0  __TI_CINIT_Limit               
20000000  g_pfnRAMVectors                
2000026c  __CIOBUF_                      
2000038c  __TI_tmpnams                   
200004ac  parmbuf                        
200004b8  __stack                        
200006b8  __STACK_END                    
200006b8  __STACK_TOP                    
200006b8  _ftable                        
200007a8  _device                        
20000820  _stream                        
20000870  __TI_ft_end                    
20000874  __aeabi_stdin                  
20000878  __aeabi_stdout                 
2000087c  __aeabi_stderr                 
20000880  __TI_cleanup_ptr               
20000884  __TI_dtors_ptr                 
20000888  __TI_enable_exit_profile_output
20000898  _lock                          
2000089c  _unlock                        
200008b0  errno                          
200008b8  _sys_memory                    
ffffffff  __TI_pprof_out_hndl            
ffffffff  __TI_prof_data_size            
ffffffff  __TI_prof_data_start           
ffffffff  __binit__                      
ffffffff  __c_args__                     
ffffffff  binit                          
UNDEFED   __mpu_init                     
UNDEFED   _system_post_cinit             

[180 symbols]
