******************************************************************************
                  TI ARM Linker PC v18.12.2                    
******************************************************************************
>> Linked Tue Sep 24 18:52:06 2019

OUTPUT FILE NAME:   <Lab 2.out>
ENTRY POINT SYMBOL: "_c_int00_noargs"  address: 00002bf5


MEMORY CONFIGURATION

         name            origin    length      used     unused   attr    fill
----------------------  --------  ---------  --------  --------  ----  --------
  FLASH                 00000000   00040000  000030ae  0003cf52  R  X
  SRAM                  20000000   00008000  00000789  00007877  RW X


SEGMENT ALLOCATION MAP

run origin  load origin   length   init length attrs members
----------  ----------- ---------- ----------- ----- -------
00000000    00000000    000030b0   000030b0    r-x
  00000000    00000000    0000026c   0000026c    r-- .intvecs
  0000026c    0000026c    00002c02   00002c02    r-x .text
  00002e70    00002e70    00000200   00000200    r-- .const
  00003070    00003070    00000040   00000040    r-- .cinit
20000000    20000000    0000078d   00000000    rw-
  20000000    20000000    0000026c   00000000    rw- .vtable
  20000270    20000270    00000400   00000000    rw- .stack
  20000670    20000670    00000104   00000000    rw- .bss
  20000774    20000774    00000019   00000000    rw- .data


SECTION ALLOCATION MAP

 output                                  attributes/
section   page    origin      length       input sections
--------  ----  ----------  ----------   ----------------
.intvecs   0    00000000    0000026c     
                  00000000    0000026c     tm4c123gh6pm_startup_ccs.obj (.intvecs)

.text      0    0000026c    00002c02     
                  0000026c    00000a4e     rtsv7M4_T_le_v4SPD16_eabi.lib : _printfi.c.obj (.text:__TI_printfi)
                  00000cba    00000002                                   : div0.asm.obj (.text)
                  00000cbc    000003d0     Util.lib : launchpad.obj (.text)
                  0000108c    00000270     rtsv7M4_T_le_v4SPD16_eabi.lib : _printfi.c.obj (.text:_pconv_a)
                  000012fc    000001fc     seg7.obj (.text)
                  000014f8    000001d0     rtsv7M4_T_le_v4SPD16_eabi.lib : _printfi.c.obj (.text:_pconv_g)
                  000016c8    000001b6                                   : fd_add_t2.asm.obj (.text)
                  0000187e    00000002     --HOLE-- [fill = 0]
                  00001880    0000013c                                   : _printfi.c.obj (.text:_pconv_e)
                  000019bc    00000136                                   : fd_div_t2.asm.obj (.text)
                  00001af2    00000132     driverlib.lib : gpio.obj (.text:GPIOPadConfigSet)
                  00001c24    00000124     rtsv7M4_T_le_v4SPD16_eabi.lib : _printfi.c.obj (.text:fcvt)
                  00001d48    00000110     driverlib.lib : sysctl.obj (.text:SysCtlClockGet)
                  00001e58    00000110     rtsv7M4_T_le_v4SPD16_eabi.lib : s_scalbn.c.obj (.text:scalbn)
                  00001f68    000000fc                                   : fd_mul_t2.asm.obj (.text)
                  00002064    000000f4     driverlib.lib : sysctl.obj (.text:SysCtlClockSet)
                  00002158    000000c4     Util.lib : uart.obj (.text)
                  0000221c    000000bc     main(1).obj (.text)
                  000022d8    000000b1     rtsv7M4_T_le_v4SPD16_eabi.lib : _printfi.c.obj (.text:_ltostr)
                  00002389    00000003     --HOLE-- [fill = 0]
                  0000238c    0000009c     Util.lib : led.obj (.text)
                  00002428    0000009c     rtsv7M4_T_le_v4SPD16_eabi.lib : memcpy_t2.asm.obj (.text)
                  000024c4    00000096                                   : ull_div_t2.asm.obj (.text)
                  0000255a    00000002     --HOLE-- [fill = 0]
                  0000255c    0000008c     Util.lib : pushbutton.obj (.text)
                  000025e8    00000086     rtsv7M4_T_le_v4SPD16_eabi.lib : fd_cmp_t2.asm.obj (.text:__aeabi_cdcmple)
                  0000266e    00000086                                   : fd_cmp_t2.asm.obj (.text:__aeabi_cdrcmple)
                  000026f4    0000007a                                   : memset_t2.asm.obj (.text)
                  0000276e    0000006e                                   : _printfi.c.obj (.text:_mcpy)
                  000027dc    00000068                                   : copy_decompress_lzss.c.obj (.text:decompress:lzss:__TI_decompress_lzss)
                  00002844    00000064                                   : s_frexp.c.obj (.text:frexp)
                  000028a8    00000056                                   : _printfi.c.obj (.text:_pconv_f)
                  000028fe    00000054                                   : ltoa.c.obj (.text:ltoa)
                  00002952    00000052                                   : _printfi.c.obj (.text:_ecpy)
                  000029a4    0000004c                                   : atoi.c.obj (.text:atoi)
                  000029f0    00000048     driverlib.lib : gpio.obj (.text:GPIOPinConfigure)
                  00002a38    00000048     rtsv7M4_T_le_v4SPD16_eabi.lib : fd_toi_t2.asm.obj (.text)
                  00002a80    00000046     driverlib.lib : uart.obj (.text:UARTConfigSetExpClk)
                  00002ac6    00000002     --HOLE-- [fill = 0]
                  00002ac8    00000044     rtsv7M4_T_le_v4SPD16_eabi.lib : autoinit.c.obj (.text:__TI_auto_init_nobinit_nopinit:__TI_auto_init_nobinit_nopinit)
                  00002b0c    00000040                                   : vsnprintf.c.obj (.text:vsnprintf)
                  00002b4c    0000003e                                   : _printfi.c.obj (.text:_fcpy)
                  00002b8a    00000002     --HOLE-- [fill = 0]
                  00002b8c    00000034     driverlib.lib : interrupt.obj (.text:IntRegister)
                  00002bc0    00000034                   : sysctl.obj (.text:SysCtlPeripheralEnable)
                  00002bf4    00000034     rtsv7M4_T_le_v4SPD16_eabi.lib : boot_cortex_m.c.obj (.text:_c_int00_noargs:_c_int00_noargs)
                  00002c28    00000030                                   : vsnprintf.c.obj (.text:_outs)
                  00002c58    0000002e                                   : i_tofd_t2.asm.obj (.text)
                  00002c86    0000002a     driverlib.lib : gpio.obj (.text:GPIODirModeSet)
                  00002cb0    00000020                   : uart.obj (.text:UARTDisable)
                  00002cd0    0000001c                   : systick.obj (.text:SysTickIntRegister)
                  00002cec    0000001c     rtsv7M4_T_le_v4SPD16_eabi.lib : copy_zero_init.c.obj (.text:decompress:ZI:__TI_zero_init_nomemset:__TI_zero_init_nomemset)
                  00002d08    0000001c                                   : memccpy.c.obj (.text:memccpy)
                  00002d24    0000001a                                   : s_copysign.c.obj (.text:copysign)
                  00002d3e    00000018     driverlib.lib : gpio.obj (.text:GPIOPinTypeGPIOOutput)
                  00002d56    00000018     rtsv7M4_T_le_v4SPD16_eabi.lib : vsnprintf.c.obj (.text:_outc)
                  00002d6e    00000016                                   : strchr.c.obj (.text:strchr)
                  00002d84    00000014     driverlib.lib : systick.obj (.text:SysTickEnable)
                  00002d98    00000014                   : systick.obj (.text:SysTickIntEnable)
                  00002dac    00000014                   : uart.obj (.text:UARTEnable)
                  00002dc0    00000014     rtsv7M4_T_le_v4SPD16_eabi.lib : strlen.c.obj (.text:strlen)
                  00002dd4    00000012     driverlib.lib : gpio.obj (.text:GPIOPinTypeGPIOInput)
                  00002de6    00000012                   : gpio.obj (.text:GPIOPinTypeUART)
                  00002df8    00000012     rtsv7M4_T_le_v4SPD16_eabi.lib : wcslen.c.obj (.text:wcslen)
                  00002e0a    00000002     --HOLE-- [fill = 0]
                  00002e0c    00000010     driverlib.lib : systick.obj (.text:SysTickPeriodSet)
                  00002e1c    0000000e     rtsv7M4_T_le_v4SPD16_eabi.lib : copy_decompress_none.c.obj (.text:decompress:none:__TI_decompress_none)
                  00002e2a    0000000c     tm4c123gh6pm_startup_ccs.obj (.text)
                  00002e36    0000000a     driverlib.lib : uart.obj (.text:UARTCharGet)
                  00002e40    0000000a                   : uart.obj (.text:UARTCharPut)
                  00002e4a    00000002     --HOLE-- [fill = 0]
                  00002e4c    00000008     rtsv7M4_T_le_v4SPD16_eabi.lib : errno.c.obj (.text:__aeabi_errno_addr)
                  00002e54    00000006     driverlib.lib : gpio.obj (.text:GPIOPinRead)
                  00002e5a    00000006                   : gpio.obj (.text:GPIOPinWrite)
                  00002e60    00000006                   : sysctl.obj (.text:SysCtlDelay)
                  00002e66    00000004     rtsv7M4_T_le_v4SPD16_eabi.lib : pre_init.c.obj (.text:_system_pre_init)
                  00002e6a    00000004                                   : exit.c.obj (.text:abort:abort)

.const     0    00002e70    00000200     
                  00002e70    00000101     rtsv7M4_T_le_v4SPD16_eabi.lib : ctype.c.obj (.const:.string:_ctypes_)
                  00002f71    00000003     --HOLE-- [fill = 0]
                  00002f74    00000090     driverlib.lib : gpio.obj (.const:g_pui32GPIOBaseAddrs)
                  00003004    0000006c                   : sysctl.obj (.const:g_pui32Xtals)

.cinit     0    00003070    00000040     
                  00003070    0000000c     (.cinit..data.load) [load image, compression = lzss]
                  0000307c    0000000c     (__TI_handler_table)
                  00003088    00000008     (.cinit..bss.load) [load image, compression = zero_init]
                  00003090    00000008     (.cinit..vtable.load) [load image, compression = zero_init]
                  00003098    00000018     (__TI_cinit_table)

.init_array 
*          0    00000000    00000000     UNINITIALIZED

.vtable    0    20000000    0000026c     UNINITIALIZED
                  20000000    0000026c     driverlib.lib : interrupt.obj (.vtable)

.bss       0    20000670    00000104     UNINITIALIZED
                  20000670    00000100     Util.lib : launchpad.obj (.bss:callbackHeap)
                  20000770    00000004              : launchpad.obj (.bss)

.data      0    20000774    00000019     UNINITIALIZED
                  20000774    0000000a     main(1).obj (.data:seg7Coding)
                  2000077e    00000001     Util.lib : led.obj (.data)
                  2000077f    00000001              : pushbutton.obj (.data)
                  20000780    00000008              : launchpad.obj (.data)
                  20000788    00000004     rtsv7M4_T_le_v4SPD16_eabi.lib : errno.c.obj (.data)
                  2000078c    00000001     main(1).obj (.data)

.stack     0    20000270    00000400     UNINITIALIZED
                  20000270    00000004     rtsv7M4_T_le_v4SPD16_eabi.lib : boot_cortex_m.c.obj (.stack)
                  20000274    000003fc     --HOLE--

MODULE SUMMARY

       Module                         code    ro data   rw data
       ------                         ----    -------   -------
    .\
       tm4c123gh6pm_startup_ccs.obj   12      620       0      
       seg7.obj                       508     0         0      
       main(1).obj                    188     0         11     
    +--+------------------------------+-------+---------+---------+
       Total:                         708     620       11     
                                                               
    C:/Users/Nathanael Bhooshi/Documents/GitHub/LabGroupE7/Util/Debug/Util.lib
       launchpad.obj                  976     0         268    
       uart.obj                       196     0         0      
       led.obj                        156     0         1      
       pushbutton.obj                 140     0         1      
    +--+------------------------------+-------+---------+---------+
       Total:                         1468    0         270    
                                                               
    C:/ti/TivaWare_C_Series-2.1.4.178/driverlib/ccs/Debug/driverlib.lib
       sysctl.obj                     574     108       0      
       interrupt.obj                  52      0         620    
       gpio.obj                       492     144       0      
       uart.obj                       142     0         0      
       systick.obj                    84      0         0      
    +--+------------------------------+-------+---------+---------+
       Total:                         1344    252       620    
                                                               
    C:\ti\ccs910\ccs\tools\compiler\ti-cgt-arm_18.12.2.LTS\lib\rtsv7M4_T_le_v4SPD16_eabi.lib
       _printfi.c.obj                 4851    0         0      
       fd_add_t2.asm.obj              438     0         0      
       fd_div_t2.asm.obj              310     0         0      
       s_scalbn.c.obj                 272     0         0      
       fd_cmp_t2.asm.obj              268     0         0      
       ctype.c.obj                    0       257       0      
       fd_mul_t2.asm.obj              252     0         0      
       memcpy_t2.asm.obj              156     0         0      
       ull_div_t2.asm.obj             150     0         0      
       vsnprintf.c.obj                136     0         0      
       memset_t2.asm.obj              122     0         0      
       copy_decompress_lzss.c.obj     104     0         0      
       s_frexp.c.obj                  100     0         0      
       ltoa.c.obj                     84      0         0      
       atoi.c.obj                     76      0         0      
       fd_toi_t2.asm.obj              72      0         0      
       autoinit.c.obj                 68      0         0      
       boot_cortex_m.c.obj            52      0         0      
       i_tofd_t2.asm.obj              46      0         0      
       copy_zero_init.c.obj           28      0         0      
       memccpy.c.obj                  28      0         0      
       s_copysign.c.obj               26      0         0      
       strchr.c.obj                   22      0         0      
       strlen.c.obj                   20      0         0      
       wcslen.c.obj                   18      0         0      
       copy_decompress_none.c.obj     14      0         0      
       errno.c.obj                    8       0         4      
       exit.c.obj                     4       0         0      
       pre_init.c.obj                 4       0         0      
       div0.asm.obj                   2       0         0      
    +--+------------------------------+-------+---------+---------+
       Total:                         7731    257       4      
                                                               
       Stack:                         0       0         1024   
       Linker Generated:              0       64        0      
    +--+------------------------------+-------+---------+---------+
       Grand Total:                   11251   1193      1929   


LINKER GENERATED COPY TABLES

__TI_cinit_table @ 00003098 records: 3, size/record: 8, table size: 24
	.data: load addr=00003070, load size=0000000c bytes, run addr=20000774, run size=00000019 bytes, compression=lzss
	.bss: load addr=00003088, load size=00000008 bytes, run addr=20000670, run size=00000104 bytes, compression=zero_init
	.vtable: load addr=00003090, load size=00000008 bytes, run addr=20000000, run size=0000026c bytes, compression=zero_init


LINKER GENERATED HANDLER TABLE

__TI_handler_table @ 0000307c records: 3, size/record: 4, table size: 12
	index: 0, handler: __TI_zero_init
	index: 1, handler: __TI_decompress_lzss
	index: 2, handler: __TI_decompress_none


GLOBAL SYMBOLS: SORTED ALPHABETICALLY BY Name 

address   name                          
-------   ----                          
00002e6b  C$$EXIT                       
00002c87  GPIODirModeSet                
00001af3  GPIOPadConfigSet              
000029f1  GPIOPinConfigure              
00002e55  GPIOPinRead                   
00002dd5  GPIOPinTypeGPIOInput          
00002d3f  GPIOPinTypeGPIOOutput         
00002de7  GPIOPinTypeUART               
00002e5b  GPIOPinWrite                  
00002b8d  IntRegister                   
00002e2b  ResetISR                      
00001d49  SysCtlClockGet                
00002065  SysCtlClockSet                
00002e61  SysCtlDelay                   
00002bc1  SysCtlPeripheralEnable        
00002d85  SysTickEnable                 
00002d99  SysTickIntEnable              
00002cd1  SysTickIntRegister            
00002e0d  SysTickPeriodSet              
00002e37  UARTCharGet                   
00002e41  UARTCharPut                   
00002a81  UARTConfigSetExpClk           
00002cb1  UARTDisable                   
00002dad  UARTEnable                    
20000670  __STACK_END                   
00000400  __STACK_SIZE                  
20000470  __STACK_TOP                   
00003098  __TI_CINIT_Base               
000030b0  __TI_CINIT_Limit              
0000307c  __TI_Handler_Table_Base       
00003088  __TI_Handler_Table_Limit      
00002ac9  __TI_auto_init_nobinit_nopinit
000027dd  __TI_decompress_lzss          
00002e1d  __TI_decompress_none          
ffffffff  __TI_pprof_out_hndl           
0000026d  __TI_printfi                  
ffffffff  __TI_prof_data_size           
ffffffff  __TI_prof_data_start          
00000000  __TI_static_base__            
00002ced  __TI_zero_init_nomemset       
000025e9  __aeabi_cdcmpeq               
000025e9  __aeabi_cdcmple               
0000266f  __aeabi_cdrcmple              
00002a39  __aeabi_d2iz                  
000016d3  __aeabi_dadd                  
000019bd  __aeabi_ddiv                  
00001f69  __aeabi_dmul                  
000016c9  __aeabi_dsub                  
00002e4d  __aeabi_errno_addr            
00002c59  __aeabi_i2d                   
00000cbb  __aeabi_idiv0                 
00000cbb  __aeabi_ldiv0                 
000026f5  __aeabi_memclr                
000026f5  __aeabi_memclr4               
000026f5  __aeabi_memclr8               
00002429  __aeabi_memcpy                
00002429  __aeabi_memcpy4               
00002429  __aeabi_memcpy8               
000026f7  __aeabi_memset                
000026f7  __aeabi_memset4               
000026f7  __aeabi_memset8               
000024c5  __aeabi_uldivmod              
ffffffff  __binit__                     
ffffffff  __c_args__                    
UNDEFED   __mpu_init                    
20000270  __stack                       
00002bf5  _c_int00_noargs               
00002e70  _ctypes_                      
UNDEFED   _system_post_cinit            
00002e67  _system_pre_init              
00002e6b  abort                         
000029a5  atoi                          
ffffffff  binit                         
0000221d  clockUpdate                   
00002d25  copysign                      
00002d25  copysignl                     
20000788  errno                         
00002845  frexp                         
00002845  frexpl                        
20000000  g_pfnRAMVectors               
00000000  g_pfnVectors                  
00001e59  ldexp                         
00001e59  ldexpl                        
000023af  ledInit                       
0000238d  ledInitForced                 
000023c3  ledTurnOnOff                  
00000fc7  lpInit                        
000028ff  ltoa                          
00002281  main                          
00002d09  memccpy                       
00002429  memcpy                        
000026fd  memset                        
00002591  pbInit                        
0000255d  pbInitForced                  
000025a5  pbRead                        
00001e59  scalbn                        
00001e59  scalbnl                       
00000deb  schdCallback                  
00000e65  schdExecute                   
000012fd  seg7Init                      
00001489  seg7Update                    
00002d6f  strchr                        
00002dc1  strlen                        
00000d4f  sysTimeGet                    
00000d55  sysTimeReached                
00000d7b  sysTimeWait                   
00000d9f  sysTimeWaitAbsolute           
000021a5  uartGetChar                   
00002159  uartInit                      
00002193  uartPutChar                   
000021b7  uartPutString                 
000021e3  uprintf                       
00002b0d  vsnprintf                     
00000f69  waitMs                        
00000f99  waitUs                        
00002df9  wcslen                        


GLOBAL SYMBOLS: SORTED BY Symbol Address 

address   name                          
-------   ----                          
00000000  __TI_static_base__            
00000000  g_pfnVectors                  
0000026d  __TI_printfi                  
00000400  __STACK_SIZE                  
00000cbb  __aeabi_idiv0                 
00000cbb  __aeabi_ldiv0                 
00000d4f  sysTimeGet                    
00000d55  sysTimeReached                
00000d7b  sysTimeWait                   
00000d9f  sysTimeWaitAbsolute           
00000deb  schdCallback                  
00000e65  schdExecute                   
00000f69  waitMs                        
00000f99  waitUs                        
00000fc7  lpInit                        
000012fd  seg7Init                      
00001489  seg7Update                    
000016c9  __aeabi_dsub                  
000016d3  __aeabi_dadd                  
000019bd  __aeabi_ddiv                  
00001af3  GPIOPadConfigSet              
00001d49  SysCtlClockGet                
00001e59  ldexp                         
00001e59  ldexpl                        
00001e59  scalbn                        
00001e59  scalbnl                       
00001f69  __aeabi_dmul                  
00002065  SysCtlClockSet                
00002159  uartInit                      
00002193  uartPutChar                   
000021a5  uartGetChar                   
000021b7  uartPutString                 
000021e3  uprintf                       
0000221d  clockUpdate                   
00002281  main                          
0000238d  ledInitForced                 
000023af  ledInit                       
000023c3  ledTurnOnOff                  
00002429  __aeabi_memcpy                
00002429  __aeabi_memcpy4               
00002429  __aeabi_memcpy8               
00002429  memcpy                        
000024c5  __aeabi_uldivmod              
0000255d  pbInitForced                  
00002591  pbInit                        
000025a5  pbRead                        
000025e9  __aeabi_cdcmpeq               
000025e9  __aeabi_cdcmple               
0000266f  __aeabi_cdrcmple              
000026f5  __aeabi_memclr                
000026f5  __aeabi_memclr4               
000026f5  __aeabi_memclr8               
000026f7  __aeabi_memset                
000026f7  __aeabi_memset4               
000026f7  __aeabi_memset8               
000026fd  memset                        
000027dd  __TI_decompress_lzss          
00002845  frexp                         
00002845  frexpl                        
000028ff  ltoa                          
000029a5  atoi                          
000029f1  GPIOPinConfigure              
00002a39  __aeabi_d2iz                  
00002a81  UARTConfigSetExpClk           
00002ac9  __TI_auto_init_nobinit_nopinit
00002b0d  vsnprintf                     
00002b8d  IntRegister                   
00002bc1  SysCtlPeripheralEnable        
00002bf5  _c_int00_noargs               
00002c59  __aeabi_i2d                   
00002c87  GPIODirModeSet                
00002cb1  UARTDisable                   
00002cd1  SysTickIntRegister            
00002ced  __TI_zero_init_nomemset       
00002d09  memccpy                       
00002d25  copysign                      
00002d25  copysignl                     
00002d3f  GPIOPinTypeGPIOOutput         
00002d6f  strchr                        
00002d85  SysTickEnable                 
00002d99  SysTickIntEnable              
00002dad  UARTEnable                    
00002dc1  strlen                        
00002dd5  GPIOPinTypeGPIOInput          
00002de7  GPIOPinTypeUART               
00002df9  wcslen                        
00002e0d  SysTickPeriodSet              
00002e1d  __TI_decompress_none          
00002e2b  ResetISR                      
00002e37  UARTCharGet                   
00002e41  UARTCharPut                   
00002e4d  __aeabi_errno_addr            
00002e55  GPIOPinRead                   
00002e5b  GPIOPinWrite                  
00002e61  SysCtlDelay                   
00002e67  _system_pre_init              
00002e6b  C$$EXIT                       
00002e6b  abort                         
00002e70  _ctypes_                      
0000307c  __TI_Handler_Table_Base       
00003088  __TI_Handler_Table_Limit      
00003098  __TI_CINIT_Base               
000030b0  __TI_CINIT_Limit              
20000000  g_pfnRAMVectors               
20000270  __stack                       
20000470  __STACK_TOP                   
20000670  __STACK_END                   
20000788  errno                         
ffffffff  __TI_pprof_out_hndl           
ffffffff  __TI_prof_data_size           
ffffffff  __TI_prof_data_start          
ffffffff  __binit__                     
ffffffff  __c_args__                    
ffffffff  binit                         
UNDEFED   __mpu_init                    
UNDEFED   _system_post_cinit            

[116 symbols]
